25/10/2021 10:19:51 linkedincontactscraper.csv
25/10/2021 10:22:16 linkedincontactscraper.csv
25/10/2021 10:22:2825/10/2021 10:22:28 'charmap' codec can't encode characters in position 66057-66064: character maps to <undefined>
25/10/2021 10:22:46 'str' object has no attribute 'append'
25/10/2021 10:23:09 'str' object has no attribute 'append'
25/10/2021 10:23:09 Saved successfully
25/10/2021 10:23:10 uploaded
25/10/2021 10:24:22 Book1.csv
25/10/2021 10:24:22                     Name Designation          Company
0            Amrit Singh         CEO      Loop Health
1            Mayank Kale         CEO      Loop Health
2           Jawaid Iqbal         CEO           Rupifi
3          Dhruv Bhushan         CEO           Rupifi
4           Priyank Shah         CEO  RENEE Cosmetics
5        Ashutosh Valani         CEO  RENEE Cosmetics
6   Aashka Goradia Goble         CEO  RENEE Cosmetics
7                  Ishan         CEO            Svish
8        Jaideep Mahajan         CEO            Svish
9    Pallavi Shrivastava         CEO          Progcap
10      Himanshu Chandra         CEO          Progcap
11            Arpit Dave         CEO       Smartstaff
12         Aravind Reddy         CEO       Smartstaff
13     Gnanesh Chilukuri         CEO       Smartstaff
14         Viral Chhajer         CEO       Smartstaff
15            Amit Monga         CEO     ANS Commerce
16          Sushant Puri         CEO     ANS Commerce
17         Vibhor Sahare         CEO     ANS Commerce
25/10/2021 10:29:24 linkedincontactscraper.csv
25/10/2021 10:30:03 'str' object has no attribute 'append'
25/10/2021 10:30:26 'str' object has no attribute 'append'
25/10/2021 10:30:26 Saved successfully
25/10/2021 10:30:28 uploaded
25/10/2021 10:36:46 linkedincontactscraper.csv
25/10/2021 10:37:20 'str' object has no attribute 'append'
25/10/2021 10:37:42 'str' object has no attribute 'append'
25/10/2021 10:37:43 Saved successfully
25/10/2021 10:37:44 uploaded
25/10/2021 10:40:1925/10/2021 10:40:19 'charmap' codec can't encode characters in position 65638-65645: character maps to <undefined>
25/10/2021 10:41:27 linkedincontactscraper.csv
25/10/2021 10:41:57 Darrin Rayl
25/10/2021 10:41:57 'str' object has no attribute 'append'
25/10/2021 10:42:20 Jared Bruggman
25/10/2021 10:42:20 'str' object has no attribute 'append'
25/10/2021 10:42:20 Saved successfully
25/10/2021 10:42:22 uploaded
25/10/2021 10:48:09 Book1.csv
25/10/2021 10:48:09                    Name Designation          Company
0           Amrit Singh         CEO      Loop Health
1           Mayank Kale         CEO      Loop Health
2          Jawaid Iqbal         CEO           Rupifi
3         Dhruv Bhushan         CEO           Rupifi
4          Priyank Shah         CEO  RENEE Cosmetics
5       Ashutosh Valani         CEO  RENEE Cosmetics
6  Aashka Goradia Goble         CEO  RENEE Cosmetics
7                 Ishan         CEO            Svish
8       Jaideep Mahajan         CEO            Svish
9   Pallavi Shrivastava         CEO          Progcap
25/10/2021 10:57:00 [{'Company': 'Loop Health', 'link': 'https://www.linkedin.com/in/amritsingh3/', 'title': 'Amrit Singh - India | Professional Profile | LinkedIn', 'description': 'Co-founder at Loop Health · Activity · Experience · Education · Groups · More activity by Amrit · People also viewed · Others named Amrit Singh ...', 'searchurl': 'https://www.google.co.in/search?q=site:linkedin.com (Amrit Singh , CEO, Loop Health)', 'Name': 'Amrit Singh', 'Designation': 'CEO'}, {'Company': 'Loop Health', 'link': 'https://in.linkedin.com/in/shamiraj', 'title': 'Shami Raj - Co - Founder | Product person - Loop Health', 'description': 'Shami is a co-founder and looks after product at Loop Health (www.loophealth.com). His mandate is to build great healthcare and insurance products and ...', 'searchurl': 'https://www.google.co.in/search?q=site:linkedin.com (Amrit Singh , CEO, Loop Health)', 'Name': 'Amrit Singh', 'Designation': 'CEO'}, {'Company': 'Loop Health', 'link': 'https://in.linkedin.com/in/kalemayank', 'title': 'Mayank Kale - Co-founder and CEO - Loop Health | LinkedIn', 'description': 'Mumbai, Maharashtra, India · Co-founder and CEO · Loop Health\nCEO at Loop Health. Loop HealthY Combinator ... Listen to Ashok Yadav, Co-Founder… Liked by Mayank Kale ... Amrit Singh. Co-founder at Loop Health.', 'searchurl': 'https://www.google.co.in/search?q=site:linkedin.com (Amrit Singh , CEO, Loop Health)', 'Name': 'Amrit Singh', 'Designation': 'CEO'}, {'Company': 'Loop Health', 'link': 'https://in.linkedin.com/in/amrit-singh-a01a7b203', 'title': 'Amrit Singh - Health insurance Expert - RenewBuy | LinkedIn', 'description': "Chandigarh, India · Health insurance Expert · RenewBuy\nView Amrit Singh's profile on LinkedIn, the world's largest professional community. Amrit has 4 jobs listed on their profile. ... Co-founder at Loop Health.", 'searchurl': 'https://www.google.co.in/search?q=site:linkedin.com (Amrit Singh , CEO, Loop Health)', 'Name': 'Amrit Singh', 'Designation': 'CEO'}, {'Company': 'Loop Health', 'link': 'https://www.linkedin.com/in/amrit-singh-7b77749', 'title': 'Amrit Singh - -- - -- | LinkedIn', 'description': "Conshohocken, Pennsylvania, United States · -- · --\nView Amrit Singh's profile on LinkedIn, the world's largest professional community. Amrit has 1 job listed on their profile. ... Co-founder at Loop Health.", 'searchurl': 'https://www.google.co.in/search?q=site:linkedin.com (Amrit Singh , CEO, Loop Health)', 'Name': 'Amrit Singh', 'Designation': 'CEO'}, {'Company': 'Loop Health', 'link': 'https://in.linkedin.com/in/amrit-singh-057b741b9', 'title': 'Amrit Singh - Chief Executive Officer - Surya Construction', 'description': "Ludhiana, Punjab, India · Chief Executive Officer · Surya Construction\nView Amrit Singh's profile on LinkedIn, the world's largest professional ... Chief Executive Officer at Surya Construction ... Co-founder at Loop Health.", 'searchurl': 'https://www.google.co.in/search?q=site:linkedin.com (Amrit Singh , CEO, Loop Health)', 'Name': 'Amrit Singh', 'Designation': 'CEO'}, {'Company': 'Loop Health', 'link': 'https://in.linkedin.com/in/amrit-singh-4b7b13198', 'title': 'Amrit Singh - Ludhiana, Punjab, India | Professional Profile', 'description': "View Amrit Singh's profile on LinkedIn, the world's largest professional ... Amrit's education is listed on their profile. ... Co-founder at Loop Health.", 'searchurl': 'https://www.google.co.in/search?q=site:linkedin.com (Amrit Singh , CEO, Loop Health)', 'Name': 'Amrit Singh', 'Designation': 'CEO'}, {'Company': 'Loop Health', 'link': 'https://in.linkedin.com/in/amrit-singh-1620a71a0', 'title': 'Amrit Singh - Chief Executive Officer - IDENTICO SYSTEMS', 'description': "West Delhi, Delhi, India · Chief Executive Officer · IDENTICO SYSTEMS\nView Amrit Singh's profile on LinkedIn, the world's largest professional ... Chief Executive Officer at IDENTICO SYSTEMS ... Co-founder at Loop Health.", 'searchurl': 'https://www.google.co.in/search?q=site:linkedin.com (Amrit Singh , CEO, Loop Health)', 'Name': 'Amrit Singh', 'Designation': 'CEO'}, {'Company': 'Loop Health', 'link': 'https://in.linkedin.com/in/amrit-singh-ab94ab184', 'title': 'Amrit Singh - Lawyer - self | LinkedIn', 'description': "India · Lawyer · self\nView Amrit Singh's profile on LinkedIn, the world's largest professional community. Amrit has 1 job listed on their profile. ... Co-founder at Loop Health.", 'searchurl': 'https://www.google.co.in/search?q=site:linkedin.com (Amrit Singh , CEO, Loop Health)', 'Name': 'Amrit Singh', 'Designation': 'CEO'}, {'Company': 'Loop Health', 'link': 'https://in.linkedin.com/in/amrit-singh-608768aa', 'title': 'Amrit Singh - Hyderabad, Telangana, India | Professional Profile', 'description': "View Amrit Singh's profile on LinkedIn, the world's largest professional ... Amrit's education is listed on their profile. ... Co-founder at Loop Health.", 'searchurl': 'https://www.google.co.in/search?q=site:linkedin.com (Amrit Singh , CEO, Loop Health)', 'Name': 'Amrit Singh', 'Designation': 'CEO'}, {'Company': 'Loop Health', 'link': 'https://in.linkedin.com/in/kalemayank', 'title': 'Mayank Kale - Co-founder and CEO - Loop Health | LinkedIn', 'description': 'Mumbai, Maharashtra, India · Co-founder and CEO · Loop Health\nMayank Kale · CEO at Loop Health · Activity · Experience · Education · Publications · Projects · Honors & Awards · Languages ...', 'searchurl': 'https://www.google.co.in/search?q=site:linkedin.com (Mayank Kale , CEO, Loop Health)', 'Name': 'Mayank Kale', 'Designation': 'CEO'}, {'Company': 'Loop Health', 'link': 'https://in.linkedin.com/in/ryanpsingh', 'title': 'Ryan Singh - COO & Co-founder - Loop Health | LinkedIn', 'description': 'Pune, Maharashtra, India · COO & Co-founder · Loop Health\nMayank Kale, co-founder and CEO of Loop… · Excited to be joining Loop Health as a… · Loop Health brings in $12 million in…', 'searchurl': 'https://www.google.co.in/search?q=site:linkedin.com (Mayank Kale , CEO, Loop Health)', 'Name': 'Mayank Kale', 'Designation': 'CEO'}, {'Company': 'Loop Health', 'link': 'https://in.linkedin.com/in/shamiraj', 'title': 'Shami Raj - Co - Founder | Product person - Loop Health', 'description': 'Shami is a co-founder and looks after product at Loop Health ... His mandate is to build great healthcare and insurance products and ... Mayank Kale. CEO at ...', 'searchurl': 'https://www.google.co.in/search?q=site:linkedin.com (Mayank Kale , CEO, Loop Health)', 'Name': 'Mayank Kale', 'Designation': 'CEO'}, {'Company': 'Loop Health', 'link': 'https://www.linkedin.com/posts/kalemayank_announcing-loop-healths-12-million-series-activity-6849315893890060288-0IHe', 'title': "Announcing Loop Health's $12 million Series A | 34 comments", 'description': 'Mayank Kale. CEO at Loop Health. 7d. Report this post. Really excited to announce our latest fundraise. We raised a $12M Series A from General Catalyst ...', 'searchurl': 'https://www.google.co.in/search?q=site:linkedin.com (Mayank Kale , CEO, Loop Health)', 'Name': 'Mayank Kale', 'Designation': 'CEO'}, {'Company': 'Loop Health', 'link': 'https://in.linkedin.com/company/loop-health', 'title': 'Loop Health | LinkedIn', 'description': 'Founded in 2018, Loop Health is the first health insurance provider in India with an ... Mayank Kale, CEO and Founder of Loop Health, on how the company is ...', 'searchurl': 'https://www.google.co.in/search?q=site:linkedin.com (Mayank Kale , CEO, Loop Health)', 'Name': 'Mayank Kale', 'Designation': 'CEO'}, {'Company': 'Loop Health', 'link': 'https://www.linkedin.com/in/amritsingh3/', 'title': 'Amrit Singh - India | Professional Profile | LinkedIn', 'description': 'Co-founder at Loop Health. TechNexus Venture CollaborativeUniversity of Illinois at ... Mayank Kale, co-founder and CEO of Loop… Liked by Amrit Singh.', 'searchurl': 'https://www.google.co.in/search?q=site:linkedin.com (Mayank Kale , CEO, Loop Health)', 'Name': 'Mayank Kale', 'Designation': 'CEO'}, {'Company': 'Loop Health', 'link': 'https://in.linkedin.com/in/mayank-kale-38b2761a6', 'title': 'Mayank Kale - Pune, Maharashtra, India | Professional Profile', 'description': "View Mayank Kale's profile on LinkedIn, the world's largest professional community. Mayank's education is listed on their profile. ... CEO at Loop Health.", 'searchurl': 'https://www.google.co.in/search?q=site:linkedin.com (Mayank Kale , CEO, Loop Health)', 'Name': 'Mayank Kale', 'Designation': 'CEO'}, {'Company': 'Loop Health', 'link': 'https://my.linkedin.com/company/loop-health?trk=similar-pages_result-card_full-click', 'title': 'Loop Health | LinkedIn', 'description': 'Founded in 2018, Loop Health is the first health insurance provider in India with ... Mayank Kale, CEO & Founder, Loop Health, in conversation with Roshan ...', 'searchurl': 'https://www.google.co.in/search?q=site:linkedin.com (Mayank Kale , CEO, Loop Health)', 'Name': 'Mayank Kale', 'Designation': 'CEO'}, {'Company': 'Loop Health', 'link': 'https://in.linkedin.com/in/noopur-pathak-9603b4184', 'title': 'Noopur Pathak - Talent Acquisition Lead - Loop Health', 'description': 'Pune, Maharashtra, India · Talent Acquisition Lead · Loop Health\nTalent Acquisition Lead at Loop Health. Loop HealthSinhgad Institute Of Management ... Mayank Kale, co-founder and CEO of Loop… Liked by Noopur Pathak.', 'searchurl': 'https://www.google.co.in/search?q=site:linkedin.com (Mayank Kale , CEO, Loop Health)', 'Name': 'Mayank Kale', 'Designation': 'CEO'}, {'Company': 'Loop Health', 'link': 'https://in.linkedin.com/in/renuka-figueiredo-283887145', 'title': 'Renuka Figueiredo - Operations Lead - Loop Health | LinkedIn', 'description': "Mayank Kale, CEO & Founder, Loop… · And just like that LinkedIn has… · Come be part of India's healthcare…", 'searchurl': 'https://www.google.co.in/search?q=site:linkedin.com (Mayank Kale , CEO, Loop Health)', 'Name': 'Mayank Kale', 'Designation': 'CEO'}, {'Company': 'Rupifi', 'link': 'https://in.linkedin.com/in/jawaid-iqbal-78293628', 'title': 'Jawaid Iqbal - Co-Founder - Rupifi | LinkedIn', 'description': "Bangalore Urban, Karnataka, India · Co-Founder · Rupifi\nView Jawaid Iqbal's profile on LinkedIn, the world's largest professional community. Jawaid has 2 jobs listed on their profile. See the complete profile on ...", 'searchurl': 'https://www.google.co.in/search?q=site:linkedin.com (Jawaid Iqbal , CEO, Rupifi)', 'Name': 'Jawaid Iqbal', 'Designation': 'CEO'}, {'Company': 'Rupifi', 'link': 'https://uk.linkedin.com/in/jawaid-iqbal-64678b20', 'title': 'Jawaid Iqbal - Chief Executive Officer - Atari Technologies', 'description': "View Jawaid Iqbal's profile on LinkedIn, the world's largest professional community. Jawaid has 2 jobs listed on their profile. See the complete profile on ...", 'searchurl': 'https://www.google.co.in/search?q=site:linkedin.com (Jawaid Iqbal , CEO, Rupifi)', 'Name': 'Jawaid Iqbal', 'Designation': 'CEO'}, {'Company': 'Rupifi', 'link': 'https://in.linkedin.com/in/anubhav1106', 'title': 'Anubhav Jain - Co-Founder and CEO - Rupifi | LinkedIn', 'description': "Jawaid Iqbal. Building Rupifi - We're Hiring! Bangalore Urban · Ridhima Vijay. Growth | Lending | Fintech | Ex ...", 'searchurl': 'https://www.google.co.in/search?q=site:linkedin.com (Jawaid Iqbal , CEO, Rupifi)', 'Name': 'Jawaid Iqbal', 'Designation': 'CEO'}, {'Company': 'Rupifi', 'link': 'https://om.linkedin.com/company/rupifi?trk=products_details_guest_organization_name', 'title': 'Rupifi | LinkedIn', 'description': "On this Engineers' Day, our Co-Founder Jawaid Iqbal shares his views on opportunities and vast range of possibilities for the young Engineers.", 'searchurl': 'https://www.google.co.in/search?q=site:linkedin.com (Jawaid Iqbal , CEO, Rupifi)', 'Name': 'Jawaid Iqbal', 'Designation': 'CEO'}, {'Company': 'Rupifi', 'link': 'https://www.linkedin.com/in/jawaidiqbal1', 'title': 'Jawaid Iqbal - Principal Technical Product Specialist - Zscaler', 'description': "San Jose, California, United States · Principal Technical Product Specialist · Zscaler\nView Jawaid Iqbal's profile on LinkedIn, the world's largest professional community. Jawaid has 5 jobs listed on their profile. See the complete profile on ...", 'searchurl': 'https://www.google.co.in/search?q=site:linkedin.com (Jawaid Iqbal , CEO, Rupifi)', 'Name': 'Jawaid Iqbal', 'Designation': 'CEO'}, {'Company': 'Rupifi', 'link': 'https://sg.linkedin.com/in/jawaid-iqbal-0aa661204', 'title': 'Jawaid.iqbal - Jawaidiqbal458 | LinkedIn', 'description': "Singapore, Singapore · Jawaid.iqbal · Jawaidiqbal458\nView Jawaid Iqbal's profile on LinkedIn, the world's largest professional community. Jawaid has 1 job listed on their profile. See the complete profile on ...", 'searchurl': 'https://www.google.co.in/search?q=site:linkedin.com (Jawaid Iqbal , CEO, Rupifi)', 'Name': 'Jawaid Iqbal', 'Designation': 'CEO'}, {'Company': 'Rupifi', 'link': 'https://in.linkedin.com/in/jawaid-iqbal-1b46899a?trk=public_profile_browsemap_profile-result-card_result-card_full-click', 'title': 'jawaid iqbal - director - asian star consultancy | LinkedIn', 'description': "Mumbai, Maharashtra, India · director · asian star consultancy\nView jawaid iqbal's profile on LinkedIn, the world's largest professional community. jawaid has 1 job listed on their profile. See the complete profile on ...", 'searchurl': 'https://www.google.co.in/search?q=site:linkedin.com (Jawaid Iqbal , CEO, Rupifi)', 'Name': 'Jawaid Iqbal', 'Designation': 'CEO'}, {'Company': 'Rupifi', 'link': 'https://www.linkedin.com/in/jawaid-iqbal-11b1331', 'title': 'Jawaid Iqbal - Barrington Hills, Illinois, United States - LinkedIn', 'description': "View Jawaid Iqbal's professional profile on LinkedIn. LinkedIn is the world's largest business network, helping professionals like Jawaid Iqbal discover ...", 'searchurl': 'https://www.google.co.in/search?q=site:linkedin.com (Jawaid Iqbal , CEO, Rupifi)', 'Name': 'Jawaid Iqbal', 'Designation': 'CEO'}, {'Company': 'Rupifi', 'link': 'https://in.linkedin.com/in/jawaid-iqbal-247736183', 'title': 'Jawaid Iqbal - India | Professional Profile | LinkedIn', 'description': "View Jawaid Iqbal's professional profile on LinkedIn. ... Director HR - South Asia & Vice President - Eptisa Afghanistan Branch at Eptisa. Delhi, India ...", 'searchurl': 'https://www.google.co.in/search?q=site:linkedin.com (Jawaid Iqbal , CEO, Rupifi)', 'Name': 'Jawaid Iqbal', 'Designation': 'CEO'}, {'Company': 'Rupifi', 'link': 'https://www.linkedin.com/in/jawaid-iqbal-0a039216', 'title': 'Jawaid Iqbal - owner - kingston bussiness system | LinkedIn', 'description': "Lake Katrine, New York, United States · owner · kingston bussiness system\nView Jawaid Iqbal's profile on LinkedIn, the world's largest professional community. Jawaid has 1 job listed on their profile. See the complete profile on ...", 'searchurl': 'https://www.google.co.in/search?q=site:linkedin.com (Jawaid Iqbal , CEO, Rupifi)', 'Name': 'Jawaid Iqbal', 'Designation': 'CEO'}, {'Company': 'Rupifi', 'link': 'https://in.linkedin.com/in/dhruvbhushan', 'title': 'Dhruv Bhushan - Co-Founder & CEO - Habbit Health and ...', 'description': "View Dhruv Bhushan's profile on LinkedIn, the world's largest professional community. Dhruv has 10 jobs listed on their profile. See the complete profile on ...", 'searchurl': 'https://www.google.co.in/search?q=site:linkedin.com (Dhruv Bhushan , CEO, Rupifi)', 'Name': 'Dhruv Bhushan', 'Designation': 'CEO'}, {'Company': 'Rupifi', 'link': 'https://in.linkedin.com/in/anubhav1106', 'title': 'Anubhav Jain - Co-Founder and CEO - Rupifi | LinkedIn', 'description': "Co-Founder at Rupifi | India's 1st Embedded Lending Fintech. RupifiIndian Institute of Management, Indore. Bangalore Urban, Karnataka, India500+ connections.", 'searchurl': 'https://www.google.co.in/search?q=site:linkedin.com (Dhruv Bhushan , CEO, Rupifi)', 'Name': 'Dhruv Bhushan', 'Designation': 'CEO'}, {'Company': 'Rupifi', 'link': 'https://in.linkedin.com/in/jawaid-iqbal-78293628', 'title': 'Jawaid Iqbal - Co-Founder - Rupifi | LinkedIn', 'description': 'Bangalore Urban, Karnataka, India · Co-Founder · Rupifi\nRupifiIndian Institute of Technology, Kharagpur ... Co-Founder. Rupifi. Feb 2020 - Present1 year 9 months ... Dhruv Bhushan. Founder at Habbit. Delhi, India ...', 'searchurl': 'https://www.google.co.in/search?q=site:linkedin.com (Dhruv Bhushan , CEO, Rupifi)', 'Name': 'Dhruv Bhushan', 'Designation': 'CEO'}, {'Company': 'Rupifi', 'link': 'https://in.linkedin.com/in/ankit-singh-00885a25', 'title': 'Ankit Singh - Co-Founder - Rupifi | LinkedIn', 'description': 'Bangalore Urban, Karnataka, India · Co-Founder · Rupifi\nCo-Founder at Rupifi. RupifiIndian Institute of Technology, Kharagpur ... Co-Founder. Rupifi. Dec 2019 - Present1 year 11 months ... Dhruv Bhushan. Founder ...', 'searchurl': 'https://www.google.co.in/search?q=site:linkedin.com (Dhruv Bhushan , CEO, Rupifi)', 'Name': 'Dhruv Bhushan', 'Designation': 'CEO'}, {'Company': 'Rupifi', 'link': 'https://in.linkedin.com/in/ayesha-k-aa6559213?trk=people-guest_people_search-card', 'title': 'Ayesha K - Human Resources Consultant - Rupifi | LinkedIn', 'description': "India · Human Resources Consultant · Rupifi\nView Ayesha K'S profile on LinkedIn, the world's largest professional community. Ayesha has 1 job listed on their profile. See the complete profile on ...", 'searchurl': 'https://www.google.co.in/search?q=site:linkedin.com (Dhruv Bhushan , CEO, Rupifi)', 'Name': 'Dhruv Bhushan', 'Designation': 'CEO'}, {'Company': 'Rupifi', 'link': 'https://in.linkedin.com/in/ridhima-vijay-08995b20', 'title': 'Ridhima Vijay - Growth - Rupifi | LinkedIn', 'description': 'Mumbai, Maharashtra, India · Growth · Rupifi\nRidhima Vijay. Growth | Lending | Fintech | Ex-Founder FoodTech. Rupifi. Mumbai, Maharashtra, India500+ connections.', 'searchurl': 'https://www.google.co.in/search?q=site:linkedin.com (Dhruv Bhushan , CEO, Rupifi)', 'Name': 'Dhruv Bhushan', 'Designation': 'CEO'}, {'Company': 'Rupifi', 'link': 'https://in.linkedin.com/in/saurabh-tripathi-37942b80', 'title': 'Saurabh Tripathi - Growth - Rupifi | LinkedIn', 'description': 'Bangalore Urban, Karnataka, India · Growth · Rupifi\nSaurabh Tripathi. Rupifi. Bangalore Urban, Karnataka, India500+ connections ... Co-Founder ... Dhruv Bhushan. Founder at Habbit. Delhi, India ...', 'searchurl': 'https://www.google.co.in/search?q=site:linkedin.com (Dhruv Bhushan , CEO, Rupifi)', 'Name': 'Dhruv Bhushan', 'Designation': 'CEO'}, {'Company': 'Rupifi', 'link': 'https://se.linkedin.com/company/habbit?trk=similar-pages_result-card_full-click', 'title': 'Habbit | LinkedIn', 'description': 'By 2023, Habbit will be present in 20 cities in India before going international to Dubai and Singapore" - Dhruv Bhushan, CEO & Co-Founder at Habbit Read ...', 'searchurl': 'https://www.google.co.in/search?q=site:linkedin.com (Dhruv Bhushan , CEO, Rupifi)', 'Name': 'Dhruv Bhushan', 'Designation': 'CEO'}, {'Company': 'Rupifi', 'link': 'https://in.linkedin.com/in/rishabh-kshatri-0b77b613b', 'title': 'Rishabh Kshatri - Software Engineer - Rupifi | LinkedIn', 'description': 'Bangalore Urban, Karnataka, India · Software Engineer · Rupifi\nSoftware Engineer at Rupifi. RupifiShri shankaracharya institute of technology and managment. Bangalore Urban, Karnataka, India105 connections.', 'searchurl': 'https://www.google.co.in/search?q=site:linkedin.com (Dhruv Bhushan , CEO, Rupifi)', 'Name': 'Dhruv Bhushan', 'Designation': 'CEO'}, {'Company': 'RENEE Cosmetics', 'link': 'https://in.linkedin.com/in/priyank-shah-18369237', 'title': 'Priyank Shah - Founder - Renee Cosmetics | LinkedIn', 'description': 'Ahmedabad, Gujarat, India · Founder · Renee Cosmetics\nPriyank Shah · Founder - Renee Cosmetics / Beardo (Acquired by Marico) / Villain (Acquired) · Activity · Experience · Education · More activity by Priyank · Websites.', 'searchurl': 'https://www.google.co.in/search?q=site:linkedin.com (Priyank Shah , CEO, RENEE Cosmetics)', 'Name': 'Priyank Shah', 'Designation': 'CEO'}, {'Company': 'RENEE Cosmetics', 'link': 'https://in.linkedin.com/in/ashutoshvalani', 'title': 'Ashutosh Valani - Co-Founder - Renee Cosmetics | LinkedIn', 'description': "View Ashutosh Valani's profile on LinkedIn, the world's largest professional community. Ashutosh has 4 jobs listed on their profile.", 'searchurl': 'https://www.google.co.in/search?q=site:linkedin.com (Priyank Shah , CEO, RENEE Cosmetics)', 'Name': 'Priyank Shah', 'Designation': 'CEO'}, {'Company': 'RENEE Cosmetics', 'link': 'https://www.linkedin.com/pub/dir/Priyank/Shah', 'title': '500+ "Priyank Shah" profiles | LinkedIn', 'description': 'View the profiles of professionals named "Priyank Shah" on LinkedIn. ... Founder - Renee Cosmetics / Beardo (Acquired by Marico) / Villain (Acquired).', 'searchurl': 'https://www.google.co.in/search?q=site:linkedin.com (Priyank Shah , CEO, RENEE Cosmetics)', 'Name': 'Priyank Shah', 'Designation': 'CEO'}, {'Company': 'RENEE Cosmetics', 'link': 'https://in.linkedin.com/company/renee-cosmetics', 'title': 'RENÉE Cosmetics Careers and Current Employee Profiles', 'description': "01-Aug-2021 — RENÉE Cosmetics is an Indian makeup brand empowering bold & beautiful women with innovative, ... Click here to view Priyank Shah's profile ...", 'searchurl': 'https://www.google.co.in/search?q=site:linkedin.com (Priyank Shah , CEO, RENEE Cosmetics)', 'Name': 'Priyank Shah', 'Designation': 'CEO'}, {'Company': 'RENEE Cosmetics', 'link': 'https://in.linkedin.com/in/kajal-solanki-a727b21b3', 'title': 'Kajal Solanki - Customer Service Executive - renee cosmetics', 'description': 'Kurla, Maharashtra, India · Customer Service Executive · renee cosmetics\nCustomer Service Executive at renee cosmetics ... Priyank Shah. Founder - Renee Cosmetics / Beardo (Acquired by Marico) / Villain (Acquired). Ahmedabad ...', 'searchurl': 'https://www.google.co.in/search?q=site:linkedin.com (Priyank Shah , CEO, RENEE Cosmetics)', 'Name': 'Priyank Shah', 'Designation': 'CEO'}, {'Company': 'RENEE Cosmetics', 'link': 'https://in.linkedin.com/in/nupur-thakkar-25068a202', 'title': 'Nupur thakkar - Executive Assistant - Renee Cosmetics', 'description': 'Ahmedabad, Gujarat, India · Executive Assistant · Renee Cosmetics\nPeople also viewed · Anjali Valani. Marketing Manager at Renee Cosmetics · Priyank Shah. Founder - Renee Cosmetics / Beardo (Acquired by Marico) / Villain ( ...', 'searchurl': 'https://www.google.co.in/search?q=site:linkedin.com (Priyank Shah , CEO, RENEE Cosmetics)', 'Name': 'Priyank Shah', 'Designation': 'CEO'}, {'Company': 'RENEE Cosmetics', 'link': 'https://www.linkedin.com/chatin/wnc/in/priyank-shah-18369237?trk=people_also_view_8', 'title': 'LinkedIn Namecard', 'description': 'Priyank: Founder - Beardo (Acquired by Marico) / Villain Life / Renee Cosmetics: Ahmedabad, Gujarat. Work Experience. Villain Life: Founder: 2020/8 - ...', 'searchurl': 'https://www.google.co.in/search?q=site:linkedin.com (Priyank Shah , CEO, RENEE Cosmetics)', 'Name': 'Priyank Shah', 'Designation': 'CEO'}, {'Company': 'RENEE Cosmetics', 'link': 'https://in.linkedin.com/in/aashka-goradia-goble-210a93194', 'title': 'Aashka Goradia Goble - Director - Renee Cosmetics | LinkedIn', 'description': 'Mumbai, Maharashtra, India · Director · Renee Cosmetics\nFounder and Director - Renée Cosmetics. Renee Cosmetics. Mumbai, Maharashtra, India132 ... And you Ashutosh Valani Priyank Shah… Shared by Aashka Goradia ...', 'searchurl': 'https://www.google.co.in/search?q=site:linkedin.com (Priyank Shah , CEO, RENEE Cosmetics)', 'Name': 'Priyank Shah', 'Designation': 'CEO'}, {'Company': 'RENEE Cosmetics', 'link': 'https://in.linkedin.com/in/anjalivalani', 'title': 'Anjali Valani - Marketing Manager - Renee Cosmetics | LinkedIn', 'description': 'Marketing Manager at Renee Cosmetics ... Priyank Shah. Founder - Renee Cosmetics / Beardo (Acquired by Marico) / Villain (Acquired). Ahmedabad ...', 'searchurl': 'https://www.google.co.in/search?q=site:linkedin.com (Priyank Shah , CEO, RENEE Cosmetics)', 'Name': 'Priyank Shah', 'Designation': 'CEO'}, {'Company': 'RENEE Cosmetics', 'link': 'https://in.linkedin.com/in/ruchi-prajapati-hiring-for-renee-161391116', 'title': 'Ruchi Prajapati (Hiring for RENEE) - LinkedIn', 'description': 'Ruchi Prajapati (Hiring for RENEE). HR at Renee Cosmetics Pvt Ltd. Renee CosmeticsLJ IMBA - 5 Year Integrated MBA. Ahmedabad, Gujarat, India500+ connections.', 'searchurl': 'https://www.google.co.in/search?q=site:linkedin.com (Priyank Shah , CEO, RENEE Cosmetics)', 'Name': 'Priyank Shah', 'Designation': 'CEO'}, {'Company': 'RENEE Cosmetics', 'link': 'https://in.linkedin.com/in/ashutoshvalani', 'title': 'Ashutosh Valani - Co-Founder - Renee Cosmetics | LinkedIn', 'description': 'Ashutosh Valani · Founder, Renee Cosmetics Founded, Beardo (Acquired by Marico) Founded, Villain Lifestyle (Acquired by Mensa) · About · Activity · Experience.', 'searchurl': 'https://www.google.co.in/search?q=site:linkedin.com (Ashutosh Valani , CEO, RENEE Cosmetics)', 'Name': 'Ashutosh Valani', 'Designation': 'CEO'}, {'Company': 'RENEE Cosmetics', 'link': 'https://in.linkedin.com/in/priyank-shah-18369237', 'title': 'Priyank Shah - Founder - Renee Cosmetics | LinkedIn', 'description': 'Ahmedabad, Gujarat, India · Founder · Renee Cosmetics\nFounder - Renee Cosmetics / Beardo (Acquired by Marico) / Villain (Acquired). Renee CosmeticsIBS Ahmedabad ... Ashutosh Valani Priyank Shah Aashka…', 'searchurl': 'https://www.google.co.in/search?q=site:linkedin.com (Ashutosh Valani , CEO, RENEE Cosmetics)', 'Name': 'Ashutosh Valani', 'Designation': 'CEO'}, {'Company': 'RENEE Cosmetics', 'link': 'https://in.linkedin.com/in/aashka-goradia-goble-210a93194', 'title': 'Aashka Goradia Goble - Director - Renee Cosmetics | LinkedIn', 'description': 'Mumbai, Maharashtra, India · Director · Renee Cosmetics\nFounder and Director - Renée Cosmetics. Renee Cosmetics. Mumbai, Maharashtra, India132 ... And you Ashutosh Valani Priyank Shah… Shared by Aashka Goradia ...', 'searchurl': 'https://www.google.co.in/search?q=site:linkedin.com (Ashutosh Valani , CEO, RENEE Cosmetics)', 'Name': 'Ashutosh Valani', 'Designation': 'CEO'}, {'Company': 'RENEE Cosmetics', 'link': 'https://in.linkedin.com/in/jitendrarawal', 'title': 'Jitendra Rawal - Head of eCommerce - RENÉE Cosmetics', 'description': 'Experience. RENÉE Cosmetics Graphic ... Founder. Dragon Deals. Aug 2013 - Dec 2016 3 years 5 months ... And you Ashutosh Valani Priyank Shah…', 'searchurl': 'https://www.google.co.in/search?q=site:linkedin.com (Ashutosh Valani , CEO, RENEE Cosmetics)', 'Name': 'Ashutosh Valani', 'Designation': 'CEO'}, {'Company': 'RENEE Cosmetics', 'link': 'https://in.linkedin.com/in/henaa-k-2aa04a120', 'title': 'Henaa K - Freelance Makeup Artist - LinkedIn', 'description': 'Mumbai, Maharashtra, India · Freelance Makeup Artist · - Freelancer\nManaging Director at PappaRoti India ... Ashutosh Valani. Founder, Renee Cosmetics Founded, Beardo (Acquired by Marico) Founded, Villain Lifestyle (Acquired ...', 'searchurl': 'https://www.google.co.in/search?q=site:linkedin.com (Ashutosh Valani , CEO, RENEE Cosmetics)', 'Name': 'Ashutosh Valani', 'Designation': 'CEO'}, {'Company': 'RENEE Cosmetics', 'link': 'https://www.linkedin.com/pub/dir/+/Valani', 'title': '600+ "Valani" profiles | LinkedIn', 'description': 'Ashutosh Valani. Founder, Renee Cosmetics Founded, Beardo (Acquired by Marico) Founded, Villain Lifestyle (Acquired by Mensa). Ahmedabad. Renee Cosmetics ...', 'searchurl': 'https://www.google.co.in/search?q=site:linkedin.com (Ashutosh Valani , CEO, RENEE Cosmetics)', 'Name': 'Ashutosh Valani', 'Designation': 'CEO'}, {'Company': 'RENEE Cosmetics', 'link': 'https://in.linkedin.com/pub/dir/+/Valani/in-7065-Ahmedabad-Area,-India', 'title': '70+ "Valani" profiles | LinkedIn', 'description': 'Ashutosh Valani. Founder, Renee Cosmetics Founded, Beardo (Acquired by Marico) Founded, Villain Lifestyle (Acquired by Mensa). Ahmedabad. Renee Cosmetics ...', 'searchurl': 'https://www.google.co.in/search?q=site:linkedin.com (Ashutosh Valani , CEO, RENEE Cosmetics)', 'Name': 'Ashutosh Valani', 'Designation': 'CEO'}, {'Company': 'RENEE Cosmetics', 'link': 'https://my.linkedin.com/company/equanimity-investments', 'title': 'Equanimity Investments Kerjaya dan Profil Pekerja Kini', 'description': 'We are excited to announce our latest investment in RENÉE Cosmetics an ... Ashutosh Valani, and Priyank Shah is a true blend of understanding beauty ...', 'searchurl': 'https://www.google.co.in/search?q=site:linkedin.com (Ashutosh Valani , CEO, RENEE Cosmetics)', 'Name': 'Ashutosh Valani', 'Designation': 'CEO'}, {'Company': 'RENEE Cosmetics', 'link': 'https://ee.linkedin.com/in/marko-m%C3%A4gi-945083186', 'title': 'Marko Mägi - Ceo - Marico | LinkedIn', 'description': 'Estonia · Ceo · Marico\nManaging Director at Chenergy Services Ltd ... Ashutosh Valani. Founder, Renee Cosmetics Founded, Beardo (Acquired by Marico) Founded, Villain Lifestyle ...', 'searchurl': 'https://www.google.co.in/search?q=site:linkedin.com (Ashutosh Valani , CEO, RENEE Cosmetics)', 'Name': 'Ashutosh Valani', 'Designation': 'CEO'}, {'Company': 'RENEE Cosmetics', 'link': 'https://in.linkedin.com/in/aashka-goradia-goble-210a93194', 'title': 'Aashka Goradia Goble - Director - Renee Cosmetics | LinkedIn', 'description': "Mumbai, Maharashtra, India · Director · Renee Cosmetics\nActress turned entrepreneur, Aashka Goradia Goble is the Founder & Director of Indian beauty brand RENÉE Cosmetics. RENÉE, which means 'rebirth' is born out ...", 'searchurl': 'https://www.google.co.in/search?q=site:linkedin.com (Aashka Goradia Goble , CEO, RENEE Cosmetics)', 'Name': 'Aashka Goradia Goble', 'Designation': 'CEO'}, {'Company': 'RENEE Cosmetics', 'link': 'https://in.linkedin.com/in/ashutoshvalani', 'title': 'Ashutosh Valani - Co-Founder - Renee Cosmetics | LinkedIn', 'description': 'Founder, Renee Cosmetics Founded, Beardo (Acquired by Marico) Founded, ... Renee CosmeticsBrunel University London ... Aashka Goradia Goble. Founder and ...', 'searchurl': 'https://www.google.co.in/search?q=site:linkedin.com (Aashka Goradia Goble , CEO, RENEE Cosmetics)', 'Name': 'Aashka Goradia Goble', 'Designation': 'CEO'}, {'Company': 'RENEE Cosmetics', 'link': 'https://in.linkedin.com/in/priyank-shah-18369237', 'title': 'Priyank Shah - Founder - Renee Cosmetics | LinkedIn', 'description': 'Ahmedabad, Gujarat, India · Founder · Renee Cosmetics\nFounder - Renee Cosmetics / Beardo (Acquired by Marico) / Villain (Acquired). Renee CosmeticsIBS Ahmedabad ... Ashutosh Valani Priyank Shah Aashka…', 'searchurl': 'https://www.google.co.in/search?q=site:linkedin.com (Aashka Goradia Goble , CEO, RENEE Cosmetics)', 'Name': 'Aashka Goradia Goble', 'Designation': 'CEO'}, {'Company': 'RENEE Cosmetics', 'link': 'https://in.linkedin.com/in/ishitjethwa', 'title': 'Ishit Jethwa - National Sales Head - RENÉE Cosmetics', 'description': 'National Sales Head at Renée Cosmetics ... Villain Lifestyle // and // of RENÉE Cosmetics; RENÉE is an Indian makeup brand ... Aashka Goradia Goble. Founder ...', 'searchurl': 'https://www.google.co.in/search?q=site:linkedin.com (Aashka Goradia Goble , CEO, RENEE Cosmetics)', 'Name': 'Aashka Goradia Goble', 'Designation': 'CEO'}, {'Company': 'RENEE Cosmetics', 'link': 'https://in.linkedin.com/in/anjalivalani', 'title': 'Anjali Valani - Marketing Manager - Renee Cosmetics | LinkedIn', 'description': 'Marketing Manager at Renee Cosmetics ... Founder - Renee Cosmetics / Beardo (Acquired by Marico) / Villain (Acquired). Ahmedabad ... Aashka Goradia Goble.', 'searchurl': 'https://www.google.co.in/search?q=site:linkedin.com (Aashka Goradia Goble , CEO, RENEE Cosmetics)', 'Name': 'Aashka Goradia Goble', 'Designation': 'CEO'}, {'Company': 'RENEE Cosmetics', 'link': 'https://my.linkedin.com/company/equanimity-investments', 'title': 'Equanimity Investments Kerjaya dan Profil Pekerja Kini', 'description': 'We are excited to announce our latest investment in RENÉE Cosmetics an innovative ... Rajesh Sehgal added, “The founding team of Aashka Goradia Goble, ...', 'searchurl': 'https://www.google.co.in/search?q=site:linkedin.com (Aashka Goradia Goble , CEO, RENEE Cosmetics)', 'Name': 'Aashka Goradia Goble', 'Designation': 'CEO'}, {'Company': 'RENEE Cosmetics', 'link': 'https://in.linkedin.com/in/gaurav-mishra-viralcurry', 'title': 'Gaurav Mishra - Co-Founder - Plume Beauty | LinkedIn', 'description': "View Gaurav Mishra's profile on LinkedIn, the world's largest professional community. Gaurav has 4 jobs listed on their profile. See the complete profile on ...", 'searchurl': 'https://www.google.co.in/search?q=site:linkedin.com (Aashka Goradia Goble , CEO, RENEE Cosmetics)', 'Name': 'Aashka Goradia Goble', 'Designation': 'CEO'}, {'Company': 'RENEE Cosmetics', 'link': 'https://in.linkedin.com/in/henaa-k-2aa04a120', 'title': 'Henaa K - Freelance Makeup Artist - LinkedIn', 'description': 'Mumbai, Maharashtra, India · Freelance Makeup Artist · - Freelancer\nManaging Director at PappaRoti India ... Aashka Goradia Goble ... Founder, Renee Cosmetics Founded, Beardo (Acquired by Marico) Founded, Villain Lifestyle ...', 'searchurl': 'https://www.google.co.in/search?q=site:linkedin.com (Aashka Goradia Goble , CEO, RENEE Cosmetics)', 'Name': 'Aashka Goradia Goble', 'Designation': 'CEO'}, {'Company': 'RENEE Cosmetics', 'link': 'https://in.linkedin.com/in/preeta-dutta-1a76bb65', 'title': 'Preeta Dutta - Founder, CEO - Mirador Life | LinkedIn', 'description': 'Aashka Goradia Goble. Founder and Director - Renée Cosmetics ... Founder - Renee Cosmetics / Beardo (Acquired by Marico) / Villain (Acquired). Ahmedabad ...', 'searchurl': 'https://www.google.co.in/search?q=site:linkedin.com (Aashka Goradia Goble , CEO, RENEE Cosmetics)', 'Name': 'Aashka Goradia Goble', 'Designation': 'CEO'}, {'Company': 'Svish', 'link': 'https://in.linkedin.com/in/thebeerbaba', 'title': 'Ishan Grover - Founder & Ceo - Svish | LinkedIn', 'description': "With over a decade of experience in setting-up and successfully building businesses from scratch, Ishan Grover is one of India's craft brewing industry ...", 'searchurl': 'https://www.google.co.in/search?q=site:linkedin.com (Ishan , CEO, Svish)', 'Name': 'Ishan', 'Designation': 'CEO'}, {'Company': 'Svish', 'link': 'https://in.linkedin.com/company/svish', 'title': 'Svish Employees, Location, Careers | LinkedIn', 'description': "On The Go | SVISH ON-THE-GO makes a range of personal hygiene products. These products target millennials and ... Click here to view Ishan Grover's profile ...\nMissing: CEO, | Must include: CEO,", 'searchurl': 'https://www.google.co.in/search?q=site:linkedin.com (Ishan , CEO, Svish)', 'Name': 'Ishan', 'Designation': 'CEO'}, {'Company': 'Svish', 'link': 'https://in.linkedin.com/in/ashrith-rao-3510ab63?trk=public_profile_browsemap', 'title': 'Ashrith Rao - Chief Financial Officer - Svish | LinkedIn', 'description': 'India · Chief Financial Officer · Svish\nSvishUniversity of San Diego ... Vice-President of the Graduate Business Students Association, Director of the Management Consulting Association ...', 'searchurl': 'https://www.google.co.in/search?q=site:linkedin.com (Ishan , CEO, Svish)', 'Name': 'Ishan', 'Designation': 'CEO'}, {'Company': 'Svish', 'link': 'https://in.linkedin.com/in/ashrith-rao-3510ab63/es?trk=people-guest_people_search-card', 'title': 'Ashrith Rao - Chief Financial Officer - Svish | LinkedIn', 'description': 'India · Chief Financial Officer · Svish\nWe are looking to hire for a super fast-growing Stellaris funded company in the Logistics space. Founder is IIT/IIM/McKinsey/Myntra and has built an… Liked by ...', 'searchurl': 'https://www.google.co.in/search?q=site:linkedin.com (Ishan , CEO, Svish)', 'Name': 'Ishan', 'Designation': 'CEO'}, {'Company': 'Svish', 'link': 'https://in.linkedin.com/in/prakhar-singh-1b30b2151', 'title': 'Prakhar Singh - Gurgaon, Haryana, India | Professional Profile', 'description': "View Prakhar Singh's professional profile on LinkedIn. LinkedIn is the world's largest business network, helping professionals like Prakhar Singh discover ...", 'searchurl': 'https://www.google.co.in/search?q=site:linkedin.com (Ishan , CEO, Svish)', 'Name': 'Ishan', 'Designation': 'CEO'}, {'Company': 'Svish', 'link': 'https://in.linkedin.com/in/sonu-asrani-a4929012', 'title': 'sonu asrani - director - rpc foods | LinkedIn', 'description': 'People also viewed · Pooja Dave · Ashima Yadav · Amrisha Priya · Vinit Shah · Sebastian Thomas · Nitin M Aras · Ishan Yadav · Zishan Citywalk Shaikh.', 'searchurl': 'https://www.google.co.in/search?q=site:linkedin.com (Ishan , CEO, Svish)', 'Name': 'Ishan', 'Designation': 'CEO'}, {'Company': 'Svish', 'link': 'https://in.linkedin.com/in/sonam-malik-b48a88147', 'title': 'Sonam Malik - Manager - Lite Bite Foods Pvt Ltd | LinkedIn', 'description': 'Svish one the go range of products are… Liked by Sonam Malik ... Vice President - Operations at Lite Bite Travel Foods Pvt. Ltd., Mumbai.', 'searchurl': 'https://www.google.co.in/search?q=site:linkedin.com (Ishan , CEO, Svish)', 'Name': 'Ishan', 'Designation': 'CEO'}, {'Company': 'Svish', 'link': 'https://in.linkedin.com/company/kadak-crafted-in-india', 'title': 'Kadak | LinkedIn', 'description': 'Founder- Avighna Solutions… ... A Kadak Year Ahead For The Kadak Boys: Founders Ishan, Amit and Mayank Look… ... Svish. Consumer Goods. Gurugram , Haryana ...', 'searchurl': 'https://www.google.co.in/search?q=site:linkedin.com (Ishan , CEO, Svish)', 'Name': 'Ishan', 'Designation': 'CEO'}, {'Company': 'Svish', 'link': 'https://in.linkedin.com/in/sarthak-singh-a59a09218', 'title': 'sarthak singh - Digital Marketing Manager - Lumos media labs', 'description': 'New Delhi, Delhi, India · Digital Marketing Manager · Lumos media labs\nPeople also viewed · Rohit Ojha. Founder - Svish/Kaidi Kitchen/Tyre Patty/Scrapyard/Reality/mirosh · Ishan Grover. Hygiene is the New Sexy. · Prakhar Shukla.', 'searchurl': 'https://www.google.co.in/search?q=site:linkedin.com (Ishan , CEO, Svish)', 'Name': 'Ishan', 'Designation': 'CEO'}, {'Company': 'Svish', 'link': 'https://in.linkedin.com/company/svish', 'title': 'Svish Employees, Location, Careers | LinkedIn', 'description': 'On The Go | SVISH ON-THE-GO makes a range of personal hygiene products. ... Ex-adman Jaideep Mahajan turns marketer with sanitisation startup Svish.\nMissing: CEO, | Must include: CEO,', 'searchurl': 'https://www.google.co.in/search?q=site:linkedin.com (Jaideep Mahajan , CEO, Svish)', 'Name': 'Jaideep Mahajan', 'Designation': 'CEO'}, {'Company': 'Svish', 'link': 'https://in.linkedin.com/in/rajiv-kumar-ba594017', 'title': 'Rajiv Kumar - B. D. M. - Computer Gramm | LinkedIn', 'description': 'Patna, Bihar, India · B. D. M. · Computer Gramm\nJaideep Mahajan. Independent Creative Director, CMO@Svish ... Founder and CEO at Midas Touch Consultants (B2B Specialist, winner of "Disruptive Agency of ...', 'searchurl': 'https://www.google.co.in/search?q=site:linkedin.com (Jaideep Mahajan , CEO, Svish)', 'Name': 'Jaideep Mahajan', 'Designation': 'CEO'}, {'Company': 'Svish', 'link': 'https://in.linkedin.com/in/rajesh-yadav-277ba518', 'title': "Rajesh Yadav - ssfdsf - D's Books N Moredd | LinkedIn", 'description': 'India · ssfdsf · D\'s Books N Moredd\nJaideep Mahajan. Independent Creative Director, CMO@Svish ... Founder and CEO at Midas Touch Consultants (B2B Specialist, winner of "Disruptive Agency of ...', 'searchurl': 'https://www.google.co.in/search?q=site:linkedin.com (Jaideep Mahajan , CEO, Svish)', 'Name': 'Jaideep Mahajan', 'Designation': 'CEO'}, {'Company': 'Svish', 'link': 'https://in.linkedin.com/in/girish-jain-756052a0', 'title': 'Girish Jain - Noida, Uttar Pradesh, India - Linkedin', 'description': 'Noida, Uttar Pradesh, India · Kewal kiran clothing limited\nCo-Founder & CEO at Capillary Technologies. Bangalore Urban ... Jaideep Mahajan. Independent Creative Director, CMO@Svish. Toronto, ON ...', 'searchurl': 'https://www.google.co.in/search?q=site:linkedin.com (Jaideep Mahajan , CEO, Svish)', 'Name': 'Jaideep Mahajan', 'Designation': 'CEO'}, {'Company': 'Svish', 'link': 'https://in.linkedin.com/in/deepak-ahuja-143a8015', 'title': 'Deepak Ahuja - Rediffusion Y&R - Linkedin', 'description': 'Gurgaon, Haryana, India · FRIENDS · Rediffusion Y&R\nJaideep Mahajan. Independent Creative Director, CMO@Svish ... Founder and CEO at Midas Touch Consultants (B2B Specialist, winner of "Disruptive Agency of ...', 'searchurl': 'https://www.google.co.in/search?q=site:linkedin.com (Jaideep Mahajan , CEO, Svish)', 'Name': 'Jaideep Mahajan', 'Designation': 'CEO'}, {'Company': 'Svish', 'link': 'https://in.linkedin.com/in/mazhar-pasha-31914414?trk=people-guest_people_search-card', 'title': 'mazhar pasha - Adilabad, Telangana, India | Professional Profile', 'description': 'Founder & CEO - Picxele: Meeting On-Demand Business Requirements through Remote Gig Workers ... Jaideep Mahajan. Independent Creative Director, CMO@Svish.', 'searchurl': 'https://www.google.co.in/search?q=site:linkedin.com (Jaideep Mahajan , CEO, Svish)', 'Name': 'Jaideep Mahajan', 'Designation': 'CEO'}, {'Company': 'Svish', 'link': 'https://in.linkedin.com/in/jone-deka-330417bb', 'title': 'Jone Deka - Sales Consultant - Gionee | LinkedIn', 'description': 'Assam, India · Sales Consultant · Gionee\nJaideep Mahajan. Independent Creative Director, CMO@Svish. Toronto, ON. Prasad Dhamnaskar ... CEO & FOUNDER - THE UNLOCK COMPANY. Mumbai ...', 'searchurl': 'https://www.google.co.in/search?q=site:linkedin.com (Jaideep Mahajan , CEO, Svish)', 'Name': 'Jaideep Mahajan', 'Designation': 'CEO'}, {'Company': 'Svish', 'link': 'https://in.linkedin.com/in/amit-bajpai-a6b24322', 'title': 'amit bajpai - HMD - coca-cola | LinkedIn', 'description': 'India · HMD · coca-cola\nJaideep Mahajan. Independent Creative Director, CMO@Svish. Toronto, ON ... Group CEO Madison Media & OOH at Madison World.', 'searchurl': 'https://www.google.co.in/search?q=site:linkedin.com (Jaideep Mahajan , CEO, Svish)', 'Name': 'Jaideep Mahajan', 'Designation': 'CEO'}, {'Company': 'Svish', 'link': 'https://in.linkedin.com/in/mohammed-shakeel-aa32241b', 'title': 'mohammed shakeel - FE - r3 | LinkedIn', 'description': 'Noida, Uttar Pradesh, India · FE · r3\nJaideep Mahajan. Independent Creative Director, CMO@Svish ... Founder and CEO at Midas Touch Consultants (B2B Specialist, winner of "Disruptive Agency of ...', 'searchurl': 'https://www.google.co.in/search?q=site:linkedin.com (Jaideep Mahajan , CEO, Svish)', 'Name': 'Jaideep Mahajan', 'Designation': 'CEO'}, {'Company': 'Progcap', 'link': 'https://in.linkedin.com/in/pallavishrivastava', 'title': 'Pallavi Shrivastava - Co-Founder and Director - Progcap', 'description': 'South Delhi, Delhi, India · Co-Founder and Director · Progcap\nProgcap (Desiderata Impact Ventures pvt. Ltd.) is a mission-driven, inclusive financing technology firm working to unlock the transformational impact of ...', 'searchurl': 'https://www.google.co.in/search?q=site:linkedin.com (Pallavi Shrivastava , CEO, Progcap)', 'Name': 'Pallavi Shrivastava', 'Designation': 'CEO'}, {'Company': 'Progcap', 'link': 'https://in.linkedin.com/in/shrivastavapallavi', 'title': 'Pallavi Shrivastava, MRICS, LEED AP - LinkedIn', 'description': 'Senior Director & Head, Workplace Consulting, India, JLL, Author-The City Observed, Founder-design prose · Articles by Pallavi · Activity · Experience · Education.', 'searchurl': 'https://www.google.co.in/search?q=site:linkedin.com (Pallavi Shrivastava , CEO, Progcap)', 'Name': 'Pallavi Shrivastava', 'Designation': 'CEO'}, {'Company': 'Progcap', 'link': 'https://www.linkedin.com/in/pallavi-shrivastava', 'title': 'Pallavi Shrivastava - Technical Recruiter - ServiceNow', 'description': 'Helping SAAS startup to scale their technical and executive team. Helping engineers to find their right job . Let me know if you have any open roles to fill !!', 'searchurl': 'https://www.google.co.in/search?q=site:linkedin.com (Pallavi Shrivastava , CEO, Progcap)', 'Name': 'Pallavi Shrivastava', 'Designation': 'CEO'}, {'Company': 'Progcap', 'link': 'https://in.linkedin.com/in/pallavi-shrivastava-91b94641', 'title': 'Pallavi Shrivastava - Delhi, India | Professional Profile | LinkedIn', 'description': "View Pallavi Shrivastava's profile on LinkedIn, the world's largest professional ... Pallavi has 3 jobs listed on their profile. ... Co-Founder at Progcap.", 'searchurl': 'https://www.google.co.in/search?q=site:linkedin.com (Pallavi Shrivastava , CEO, Progcap)', 'Name': 'Pallavi Shrivastava', 'Designation': 'CEO'}, {'Company': 'Progcap', 'link': 'https://www.linkedin.com/pub/dir/Pallavi/Shrivastava', 'title': '80+ "Pallavi Shrivastava" profiles | LinkedIn', 'description': 'There are 80+ professionals named "Pallavi Shrivastava", who use LinkedIn to exchange ... 80+Results for "Pallavi Shrivastava" ... Co-Founder at Progcap.', 'searchurl': 'https://www.google.co.in/search?q=site:linkedin.com (Pallavi Shrivastava , CEO, Progcap)', 'Name': 'Pallavi Shrivastava', 'Designation': 'CEO'}, {'Company': 'Progcap', 'link': 'https://in.linkedin.com/in/pallavi-shrivastava-5591111a8', 'title': 'Pallavi Shrivastava - The Institute of Chartered ... - LinkedIn', 'description': "View Pallavi Shrivastava's profile on LinkedIn, the world's largest ... Pallavi's education is listed on their profile. ... Co-Founder at Progcap.", 'searchurl': 'https://www.google.co.in/search?q=site:linkedin.com (Pallavi Shrivastava , CEO, Progcap)', 'Name': 'Pallavi Shrivastava', 'Designation': 'CEO'}, {'Company': 'Progcap', 'link': 'https://in.linkedin.com/in/pallavi-shrivastava-93595325', 'title': 'Pallavi Shrivastava - Founder - Merakii Creations | LinkedIn', 'description': 'Ghaziabad, Uttar Pradesh, India · Founder · Merakii Creations\nPallavi Shrivastava. Founder at Merakii Creations. Merakii CreationsGuru Gobind Singh Indraprastha University. Ghaziabad, Uttar Pradesh, India455 ...', 'searchurl': 'https://www.google.co.in/search?q=site:linkedin.com (Pallavi Shrivastava , CEO, Progcap)', 'Name': 'Pallavi Shrivastava', 'Designation': 'CEO'}, {'Company': 'Progcap', 'link': 'https://in.linkedin.com/in/pallavi-shrivastava-3506219b', 'title': 'Pallavi Shrivastava - Mumbai, Maharashtra, India - LinkedIn', 'description': "View Pallavi Shrivastava's profile on LinkedIn, the world's largest professional ... Pallavi has 2 jobs listed on their profile. ... Co-Founder at Progcap.", 'searchurl': 'https://www.google.co.in/search?q=site:linkedin.com (Pallavi Shrivastava , CEO, Progcap)', 'Name': 'Pallavi Shrivastava', 'Designation': 'CEO'}, {'Company': 'Progcap', 'link': 'https://in.linkedin.com/in/pallavi-shrivastava-b4b42366', 'title': 'Pallavi Shrivastava - India | Professional Profile | LinkedIn', 'description': 'An MBA from IIPM (Indian Institute of Productivity & Management, Lucknow), with more than 20 years diverse experience in Product management, Marketing, ...', 'searchurl': 'https://www.google.co.in/search?q=site:linkedin.com (Pallavi Shrivastava , CEO, Progcap)', 'Name': 'Pallavi Shrivastava', 'Designation': 'CEO'}]
25/10/2021 10:57:00 writing into excel
25/10/2021 10:57:01 E:\C_Drive\Fastapi\sc\ss\output\Book1.csvlinkedin_scraper_output_251021-105700.xlsx
25/10/2021 10:57:01 uploading to dropbox
25/10/2021 11:01:03 Book2.csv
25/10/2021 11:01:03 None
25/10/2021 11:01:03 'NoneType' object has no attribute 'iterrows'
25/10/2021 11:02:41 Book2.csv
25/10/2021 11:02:41                 Name Designation       Company
0   Himanshu Chandra         CEO       Progcap
1         Arpit Dave         CEO    Smartstaff
2      Aravind Reddy         CEO    Smartstaff
3  Gnanesh Chilukuri         CEO    Smartstaff
4      Viral Chhajer         CEO    Smartstaff
5         Amit Monga         CEO  ANS Commerce
6       Sushant Puri         CEO  ANS Commerce
7      Vibhor Sahare         CEO  ANS Commerce
25/10/2021 11:09:5225/10/2021 11:09:52 'charmap' codec can't encode characters in position 19156-19163: character maps to <undefined>
25/10/2021 11:21:20 Book2.csv
25/10/2021 11:21:20                 Name Designation       Company
0   Himanshu Chandra         CEO       Progcap
1         Arpit Dave         CEO    Smartstaff
2      Aravind Reddy         CEO    Smartstaff
3  Gnanesh Chilukuri         CEO    Smartstaff
4      Viral Chhajer         CEO    Smartstaff
5         Amit Monga         CEO  ANS Commerce
6       Sushant Puri         CEO  ANS Commerce
7      Vibhor Sahare         CEO  ANS Commerce
25/10/2021 11:21:37 HTTPConnectionPool(host='127.0.0.1', port=52886): Max retries exceeded with url: /session/31e0fd2745c3ccc1a5b3f8d41108a63e/element/e5d39e3b-e9b5-4567-aac1-dbcd0620aa9b/text (Caused by NewConnectionError('<urllib3.connection.HTTPConnection object at 0x0000023C35B191C0>: Failed to establish a new connection: [WinError 10061] No connection could be made because the target machine actively refused it'))
25/10/2021 11:23:20 Book2.csv
25/10/2021 11:23:20                 Name Designation                  Company
0   Himanshu Chandra         CEO                  Progcap
1         Arpit Dave         CEO               Smartstaff
2      Aravind Reddy         CEO               Smartstaff
3  Gnanesh Chilukuri         CEO               Smartstaff
4      Viral Chhajer         CEO               Smartstaff
5         Amit Monga         CEO             ANS Commerce
6       Sushant Puri         CEO             ANS Commerce
7      Vibhor Sahare         CEO             ANS Commerce
8        Nakul Singh         CEO             ANS Commerce
9    Amitabh Kanekar         CEO  Mobileware Technologies
25/10/2021 11:32:1825/10/2021 11:32:18 'charmap' codec can't encode characters in position 19156-19163: character maps to <undefined>
25/10/2021 13:13:45 linkedin_contact.csv
25/10/2021 13:13:45              Name Designation Company
0  Ankit Parasher         CEO    SALT
25/10/2021 13:14:38 [{'Company': 'SALT', 'link': 'https://in.linkedin.com/in/ankitparasher', 'title': 'Ankit Parasher - Co-Founder - SALT | LinkedIn', 'description': 'Bangalore Urban district, Karnataka, India · Co-Founder · SALT\nAnkit Parasher · Co-founder SALT , LetsTransport | Forbes Under 30 Asia · Activity · Experience · Education · Publications · Projects · Honors & Awards · Languages ...', 'searchurl': 'https://www.google.co.in/search?q=site:linkedin.com (Ankit Parasher , CEO, SALT)', 'Name': 'Ankit Parasher', 'Designation': 'CEO'}, {'Company': 'SALT', 'link': 'https://in.linkedin.com/in/uditapal', 'title': 'Udita Pal - Co-founder - SALT | LinkedIn', 'description': 'Bangalore Urban, Karnataka, India · Co-founder · SALT\nUdita Pal · Co-founder SALT | Hiring for Sales, Product & Growth Roles (Drop your resume: udita(at)salt.pe) · About · Articles by Udita · Activity · Experience.', 'searchurl': 'https://www.google.co.in/search?q=site:linkedin.com (Ankit Parasher , CEO, SALT)', 'Name': 'Ankit Parasher', 'Designation': 'CEO'}, {'Company': 'SALT', 'link': 'https://in.linkedin.com/in/ankitp92', 'title': 'Ankit Parashar - Co-Founder - 10fold | LinkedIn', 'description': "View Ankit Parashar's profile on LinkedIn, the world's largest professional community. Ankit has 9 jobs listed on their profile. See the complete profile on ...", 'searchurl': 'https://www.google.co.in/search?q=site:linkedin.com (Ankit Parasher , CEO, SALT)', 'Name': 'Ankit Parasher', 'Designation': 'CEO'}, {'Company': 'SALT', 'link': 'https://in.linkedin.com/company/saltpe', 'title': 'SALT Employees, Location, Careers | LinkedIn', 'description': "Ankit Udita Shashwat. View all 13 employees ... Employees at SALT. Click here to view Ankit Parasher's profile ... Co-founder SALT | Hiring for Sales…", 'searchurl': 'https://www.google.co.in/search?q=site:linkedin.com (Ankit Parasher , CEO, SALT)', 'Name': 'Ankit Parasher', 'Designation': 'CEO'}, {'Company': 'SALT', 'link': 'https://in.linkedin.com/in/ankit-parasher-533309150', 'title': 'Ankit Parasher - India | Professional Profile | LinkedIn', 'description': "View Ankit Parasher's profile on LinkedIn, the world's largest professional community. ... Co-founder SALT , LetsTransport | Forbes Under 30 Asia.", 'searchurl': 'https://www.google.co.in/search?q=site:linkedin.com (Ankit Parasher , CEO, SALT)', 'Name': 'Ankit Parasher', 'Designation': 'CEO'}, {'Company': 'SALT', 'link': 'https://in.linkedin.com/in/ankit-parasher-3b9251155', 'title': 'Ankit Parasher - Washim, Maharashtra, India', 'description': "View Ankit Parasher's profile on LinkedIn, the world's largest professional community. ... Co-founder SALT , LetsTransport | Forbes Under 30 Asia.", 'searchurl': 'https://www.google.co.in/search?q=site:linkedin.com (Ankit Parasher , CEO, SALT)', 'Name': 'Ankit Parasher', 'Designation': 'CEO'}, {'Company': 'SALT', 'link': 'https://www.linkedin.com/pub/dir/Ankit/Parasher', 'title': '5 "Ankit Parasher" profiles | LinkedIn', 'description': '5Results for "Ankit Parasher". Ankit Parasher. Co-founder SALT , LetsTransport | Forbes Under 30 Asia. Bangalore Urban district. SALT, +5 more.', 'searchurl': 'https://www.google.co.in/search?q=site:linkedin.com (Ankit Parasher , CEO, SALT)', 'Name': 'Ankit Parasher', 'Designation': 'CEO'}, {'Company': 'SALT', 'link': 'https://in.linkedin.com/in/shinjini-kumar-a7b14020', 'title': 'Shinjini Kumar - Co-Founder - SALT - mysaltapp | LinkedIn', 'description': 'Mumbai Metropolitan Region · Co-Founder · SALT - mysaltapp\nCo-Founder at SALT - mysaltapp. SALT - mysaltappThe University of Texas at Austin. Mumbai Metropolitan Region258 ... Ankit Parasher. Co-founder SALT ...', 'searchurl': 'https://www.google.co.in/search?q=site:linkedin.com (Ankit Parasher , CEO, SALT)', 'Name': 'Ankit Parasher', 'Designation': 'CEO'}, {'Company': 'SALT', 'link': 'https://www.linkedin.com/in/ankit-parashar-92318923', 'title': 'ANKIT PARASHAR - Computer System Analyst - LinkedIn', 'description': 'Morrisville, North Carolina, United States · Computer System Analyst · Zensar Technologies Inc\nSales enablement for Cisco field (internal and partners) to boost their sales. Also, great pleasure to lead ZenVerse (CEO conversation platform), TimeSheet & ...', 'searchurl': 'https://www.google.co.in/search?q=site:linkedin.com (Ankit Parasher , CEO, SALT)', 'Name': 'Ankit Parasher', 'Designation': 'CEO'}]
25/10/2021 13:14:38 writing into excel
25/10/2021 13:14:38 E:\C_Drive\Fastapi\sc\ss\output\linkedin_contact.csvlinkedin_scraper_output_251021-131438.xlsx
25/10/2021 13:14:38 uploading to dropbox
25/10/2021 13:25:43 linkedin_contact.csv
25/10/2021 13:25:43                      Name Designation          Company
0   Darshan Krishnamurthy         CEO         SuperZop
1             Akash Gupta         CEO    Zypp Electric
2           Rashi Agarwal         CEO    Zypp Electric
3        Ketan Mavinkurve         CEO      Alpha Coach
4           Safdhar Adoor         CEO  VRO Hospitality
5             Dawn Thomas         CEO  VRO Hospitality
6            Sharath Rice         CEO  VRO Hospitality
7     Sricharan Tadepalli         CEO           byteXL
8         Karun Tadepalli         CEO           byteXL
9            Mayank Goyal         CEO         Leena AI
10        Anand Prajapati         CEO         Leena AI
11          Mehul Agrawal         CEO           CARS24
25/10/2021 13:35:2025/10/2021 13:35:20 'charmap' codec can't encode characters in position 22659-22660: character maps to <undefined>
25/10/2021 14:05:39 linkedin_contact.csv
25/10/2021 14:05:39                      Name Designation          Company
0   Darshan Krishnamurthy         CEO         SuperZop
1             Akash Gupta         CEO    Zypp Electric
2           Rashi Agarwal         CEO    Zypp Electric
3        Ketan Mavinkurve         CEO      Alpha Coach
4           Safdhar Adoor         CEO  VRO Hospitality
5             Dawn Thomas         CEO  VRO Hospitality
6            Sharath Rice         CEO  VRO Hospitality
7     Sricharan Tadepalli         CEO           byteXL
8         Karun Tadepalli         CEO           byteXL
9            Mayank Goyal         CEO         Leena AI
10        Anand Prajapati         CEO         Leena AI
11          Mehul Agrawal         CEO           CARS24
25/10/2021 14:15:1925/10/2021 14:15:19 'charmap' codec can't encode characters in position 22659-22660: character maps to <undefined>
25/10/2021 18:39:56 Book2.csv
25/10/2021 18:39:57                 Name Designation     Company
0   Himanshu Chandra         CEO     Progcap
1         Arpit Dave         CEO  Smartstaff
2      Aravind Reddy         CEO  Smartstaff
3  Gnanesh Chilukuri         CEO  Smartstaff
4      Viral Chhajer         CEO  Smartstaff
25/10/2021 18:44:2925/10/2021 18:44:29 'charmap' codec can't encode characters in position 19234-19241: character maps to <undefined>
25/10/2021 18:59:23 Book2.csv
25/10/2021 18:59:23                 Name Designation     Company
0   Himanshu Chandra         CEO     Progcap
1         Arpit Dave         CEO  Smartstaff
2      Aravind Reddy         CEO  Smartstaff
3  Gnanesh Chilukuri         CEO  Smartstaff
4      Viral Chhajer         CEO  Smartstaff
25/10/2021 19:02:02 linkedincontactscraper.csv
25/10/2021 19:02:33 Darrin Rayl
25/10/2021 19:02:33 'str' object has no attribute 'append'
25/10/2021 19:03:00 Jared Bruggman
25/10/2021 19:03:00 'str' object has no attribute 'append'
25/10/2021 19:03:00 Saved successfully
25/10/2021 19:03:01 uploaded
25/10/2021 19:03:5025/10/2021 19:03:50 'charmap' codec can't encode characters in position 19111-19118: character maps to <undefined>
25/10/2021 19:05:47 Book2.csv
25/10/2021 19:05:47                Name Designation     Company
0  Himanshu Chandra         CEO     Progcap
1        Arpit Dave         CEO  Smartstaff
25/10/2021 19:07:37 [{'Company': 'Progcap', 'link': 'https://in.linkedin.com/in/himanshu-chandra-138a8815', 'title': 'Himanshu Chandra - Co-Founder - Progcap | LinkedIn', 'description': "Delhi, India · Co-Founder · Progcap\nCo-Founder at Progcap · Activity · Experience · Education · Groups · More activity by Himanshu · Others named Himanshu Chandra · View Himanshu's full profile.", 'searchurl': 'https://www.google.co.in/search?q=site:linkedin.com (Himanshu Chandra , CEO, Progcap)', 'Name': 'Himanshu Chandra', 'Designation': 'CEO'}, {'Company': 'Progcap', 'link': 'https://in.linkedin.com/in/himanshu-chandra-94713b93', 'title': 'Himanshu Chandra - Strategic Alliances Manager - LinkedIn', 'description': "Bangalore Urban, Karnataka, India · Strategic Alliances Manager · Wipro Limited\nView Himanshu Chandra's profile on LinkedIn, the world's largest professional community. Himanshu has 2 jobs ... Senior Executive (Strategic Marketing).", 'searchurl': 'https://www.google.co.in/search?q=site:linkedin.com (Himanshu Chandra , CEO, Progcap)', 'Name': 'Himanshu Chandra', 'Designation': 'CEO'}, {'Company': 'Progcap', 'link': 'https://in.linkedin.com/in/himanshuchandra', 'title': 'Himanshu Chandra - Hyderabad, Telangana, India - LinkedIn', 'description': 'Himanshu Chandra. Head of Digital Transformation and AI for Digital Finance at Novartis | Ex KPMG | ISB. NovartisIndian School of Business.', 'searchurl': 'https://www.google.co.in/search?q=site:linkedin.com (Himanshu Chandra , CEO, Progcap)', 'Name': 'Himanshu Chandra', 'Designation': 'CEO'}, {'Company': 'Progcap', 'link': 'https://in.linkedin.com/in/himanshu-chandra-7752711a', 'title': 'Himanshu Chandra - Additional Collector & CEO Zila Parishad', 'description': 'Indore, Madhya Pradesh, India · Additional Collector & CEO Zila Parishad · Govt. of MP\nHimanshu Chandra. IAS, Additional Collector at Govt. of MP. Govt. of MPIndian Institute of Technology, Kanpur. Indore, Madhya Pradesh, India95 connections.', 'searchurl': 'https://www.google.co.in/search?q=site:linkedin.com (Himanshu Chandra , CEO, Progcap)', 'Name': 'Himanshu Chandra', 'Designation': 'CEO'}, {'Company': 'Progcap', 'link': 'https://in.linkedin.com/in/himanshu-chandra', 'title': 'Himanshu Chandra - Company Director - Byte Brackets', 'description': "Gurugram, Haryana, India · Company Director · Byte Brackets\nView Himanshu Chandra's profile on LinkedIn, the world's largest professional community. Himanshu has 8 jobs listed on their profile.", 'searchurl': 'https://www.google.co.in/search?q=site:linkedin.com (Himanshu Chandra , CEO, Progcap)', 'Name': 'Himanshu Chandra', 'Designation': 'CEO'}, {'Company': 'Progcap', 'link': 'https://in.linkedin.com/in/himanshu-chandra-699760a2', 'title': 'himanshu chandra - Data Engineer - Innova Solutions | LinkedIn', 'description': "Mumbai, Maharashtra, India · Data Engineer · Innova Solutions\nView himanshu chandra's profile on LinkedIn, the world's largest professional community. himanshu has 5 jobs listed on their profile.", 'searchurl': 'https://www.google.co.in/search?q=site:linkedin.com (Himanshu Chandra , CEO, Progcap)', 'Name': 'Himanshu Chandra', 'Designation': 'CEO'}, {'Company': 'Progcap', 'link': 'https://in.linkedin.com/in/himanshu-chandra-70a900171', 'title': 'Himanshu Chandra - Executive Graduate Trainee - LinkedIn', 'description': "Gandhinagar, Gujarat, India · Executive Graduate Trainee · Fidelity Investments\nView Himanshu Chandra's profile on LinkedIn, the world's largest professional community. Himanshu has 2 jobs listed on their profile.", 'searchurl': 'https://www.google.co.in/search?q=site:linkedin.com (Himanshu Chandra , CEO, Progcap)', 'Name': 'Himanshu Chandra', 'Designation': 'CEO'}, {'Company': 'Progcap', 'link': 'https://in.linkedin.com/in/himanshu-chandra-a14b1b218', 'title': 'himanshu chandra - User Experience Designer - no | LinkedIn', 'description': "Hardoi, Uttar Pradesh, India · User Experience Designer · no\nView himanshu chandra's profile on LinkedIn, the world's largest professional ... Co-Founder at Progcap ... 76 others named himanshu chandra are on LinkedIn.", 'searchurl': 'https://www.google.co.in/search?q=site:linkedin.com (Himanshu Chandra , CEO, Progcap)', 'Name': 'Himanshu Chandra', 'Designation': 'CEO'}, {'Company': 'Progcap', 'link': 'https://www.linkedin.com/pub/dir/Himanshu/Chandra', 'title': '70+ "Himanshu Chandra" profiles | LinkedIn', 'description': 'View the profiles of professionals named "Himanshu Chandra" on LinkedIn. ... 70+Results for "Himanshu Chandra" ... Himanshu Chandra. Co-Founder at Progcap.', 'searchurl': 'https://www.google.co.in/search?q=site:linkedin.com (Himanshu Chandra , CEO, Progcap)', 'Name': 'Himanshu Chandra', 'Designation': 'CEO'}, {'Company': 'Progcap', 'link': 'https://in.linkedin.com/in/himanshu-chandra-1389b9117', 'title': 'himanshu chandra - Jhajjar, Haryana, India | Professional Profile', 'description': "View himanshu chandra's profile on LinkedIn, the world's largest professional community. himanshu's ... Liked by himanshu chandra ... Co-Founder at Progcap.", 'searchurl': 'https://www.google.co.in/search?q=site:linkedin.com (Himanshu Chandra , CEO, Progcap)', 'Name': 'Himanshu Chandra', 'Designation': 'CEO'}, {'Company': 'Smartstaff', 'link': 'https://in.linkedin.com/in/arpitdave2', 'title': 'Arpit Dave - Co-Founder and CEO - LinkedIn', 'description': "Bengaluru, Karnataka, India · Co-Founder and CEO · Smartstaff (previously Qikwork)\nAt Smartstaff, we're building a workforce management platform that helps businesses manage and scale their contingent blue-collar workforce.", 'searchurl': 'https://www.google.co.in/search?q=site:linkedin.com (Arpit Dave , CEO, Smartstaff)', 'Name': 'Arpit Dave', 'Designation': 'CEO'}, {'Company': 'Smartstaff', 'link': 'https://www.linkedin.com/in/arpitjayeshdave', 'title': 'Arpit Davé - Vice President, Head of Digital, Technology and ...', 'description': "Los Angeles Metropolitan Area · Vice President, Head of Digital, Technology and Innovation for Amgen's Operations · Amgen\nArpit Davé serves as Head of Digital, Technology and Innovation (DTI) for Amgen's Global Operations. Arpit is responsible for the DTI organization, ...", 'searchurl': 'https://www.google.co.in/search?q=site:linkedin.com (Arpit Dave , CEO, Smartstaff)', 'Name': 'Arpit Dave', 'Designation': 'CEO'}, {'Company': 'Smartstaff', 'link': 'https://in.linkedin.com/in/arpit-dave-87999635', 'title': 'Arpit Dave - Senior Talent Acquisition Specialist - Mobiquity Inc.', 'description': 'Ahmedabad, Gujarat, India · Senior Talent Acquisition Specialist · Mobiquity Inc.\nHR Professional with a strong background in Talent Acquisition, Over 6 years of rich experience in end to end recruitment (Lateral & Executive/Leadership ...', 'searchurl': 'https://www.google.co.in/search?q=site:linkedin.com (Arpit Dave , CEO, Smartstaff)', 'Name': 'Arpit Dave', 'Designation': 'CEO'}, {'Company': 'Smartstaff', 'link': 'https://in.linkedin.com/in/arpit-dave-b886b915b', 'title': 'arpit dave - Ahmedabad, Gujarat, India | Professional Profile', 'description': "View arpit dave's profile on LinkedIn, the world's largest professional community. ... Co-Founder, CEO at Smartstaff | Forbes 30 under 30 | We are Hiring!", 'searchurl': 'https://www.google.co.in/search?q=site:linkedin.com (Arpit Dave , CEO, Smartstaff)', 'Name': 'Arpit Dave', 'Designation': 'CEO'}, {'Company': 'Smartstaff', 'link': 'https://in.linkedin.com/in/arpitdave8', 'title': 'Arpit Dave - Gurugram, Haryana, India | Professional Profile', 'description': 'Co-Founder, CEO at Smartstaff | Forbes 30 under 30 | We are Hiring! Bengaluru. 50 others named Arpit Dave are on LinkedIn. See others named Arpit Dave ...', 'searchurl': 'https://www.google.co.in/search?q=site:linkedin.com (Arpit Dave , CEO, Smartstaff)', 'Name': 'Arpit Dave', 'Designation': 'CEO'}, {'Company': 'Smartstaff', 'link': 'https://in.linkedin.com/in/arpitdave', 'title': 'Arpit Dave - Jamnagar, Gujarat, India | Professional Profile', 'description': "View Arpit Dave's profile on LinkedIn, the world's largest professional community. Arpit's education is listed on their profile. See the complete profile on ...", 'searchurl': 'https://www.google.co.in/search?q=site:linkedin.com (Arpit Dave , CEO, Smartstaff)', 'Name': 'Arpit Dave', 'Designation': 'CEO'}, {'Company': 'Smartstaff', 'link': 'https://www.linkedin.com/pub/dir/Arpit/Dave', 'title': '50+ "Arpit Dave" profiles | LinkedIn', 'description': 'View the profiles of professionals named "Arpit Dave" on LinkedIn. ... Arpit Dave. Co-Founder, CEO at Smartstaff | Forbes 30 under 30 | We are Hiring!', 'searchurl': 'https://www.google.co.in/search?q=site:linkedin.com (Arpit Dave , CEO, Smartstaff)', 'Name': 'Arpit Dave', 'Designation': 'CEO'}, {'Company': 'Smartstaff', 'link': 'https://www.linkedin.com/in/arpit-dave-a5745323', 'title': 'Arpit Dave - Strategy Lead - Nucleate | LinkedIn', 'description': "View Arpit Dave's profile on LinkedIn, the world's largest professional community. Arpit has 7 jobs listed on ... Naperville Chapter Founder/ Coordinator.", 'searchurl': 'https://www.google.co.in/search?q=site:linkedin.com (Arpit Dave , CEO, Smartstaff)', 'Name': 'Arpit Dave', 'Designation': 'CEO'}, {'Company': 'Smartstaff', 'link': 'https://in.linkedin.com/in/arpitdave14', 'title': 'Arpit Dave - VP - Mobile Application Development - Citi', 'description': 'Pune, Maharashtra, India · VP - Mobile Application Development · Citi\n11+ years of strong domain experience in Financial/Banking industry with experience in cash management application, trading and banking system, asset management ...', 'searchurl': 'https://www.google.co.in/search?q=site:linkedin.com (Arpit Dave , CEO, Smartstaff)', 'Name': 'Arpit Dave', 'Designation': 'CEO'}, {'Company': 'Smartstaff', 'link': 'https://in.linkedin.com/in/arpit-dave-24891150', 'title': 'Arpit Dave - Senior Security Consultant - M.Tech | LinkedIn', 'description': 'India · Senior Security Consultant · M.Tech\nCo-Founder, CEO at Smartstaff | Forbes 30 under 30 | We are Hiring! Bengaluru. 50 others named Arpit Dave are on LinkedIn. See others named Arpit Dave ...', 'searchurl': 'https://www.google.co.in/search?q=site:linkedin.com (Arpit Dave , CEO, Smartstaff)', 'Name': 'Arpit Dave', 'Designation': 'CEO'}]
25/10/2021 19:07:37 writing into excel
25/10/2021 19:07:37 E:\C_Drive\Fastapi\sc\ss\output\Book2.csvlinkedin_scraper_output_251021-190737.xlsx
25/10/2021 19:07:37 uploading to dropbox
25/10/2021 19:15:40 Book3.csv
25/10/2021 19:15:40                      Name Designation           Company
0   Subbarao Siddabattula         CEO       Practically
1              Kunal Shah         CEO              Cred
2        Dr Srikanth Sola         CEO       Devic Earth
3     Jaijit Bhattacharya         CEO            Zerone
4              Aman Gupta         CEO              boAt
5            Sameer Mehta         CEO              boAt
6         Anirudh Pandita         CEO       Pocket Aces
7       Aditi Shrivastava         CEO       Pocket Aces
8           Ashwin Suresh         CEO       Pocket Aces
9           Bhavik Rathod         CEO               Kyt
10           Tripti Ahuja         CEO               Kyt
11    Dr Jaideep Malhotra         CEO             iMumz
12         Rajesh Jagasia         CEO             iMumz
13       Ravi Teja Akondi         CEO             iMumz
14         Mayur Dhurpate         CEO             iMumz
15         Ashneer Grover         CEO          BharatPe
16       Shashvat Nakrani         CEO          BharatPe
17          Krishna Kumar         CEO            CropIn
18           Amod Malviya         CEO             Udaan
19           Sujeet Kumar         CEO             Udaan
20          Vaibhav Gupta         CEO             Udaan
21         Prateek Ruhail         CEO      Vanity Wagon
22         Ritesh Agarwal         CEO               Oyo
23    Abhijith Naraparaju         CEO           Agri10x
24       Pankajj P. Ghode         CEO           Agri10x
25           Sundeep Bose         CEO           Agri10x
26           Ankur Bansal         CEO         BlackSoil
27       Priya Goel Sheth         CEO          HobSpace
28             Harsh Jain         CEO          HobSpace
29          Kartik Sharma         CEO           DcodeAI
30        Ashish Aggarwal         CEO           DcodeAI
31    Kiran Mazumdar-Shaw         CEO  Biocon Biologics
32         Kaivalya Vohra         CEO        KiranaKart
33          Aadit Palicha         CEO        KiranaKart
34        Saurabh Kochhar         CEO             Meddo
25/10/2021 19:17:19 linkedincontactscraper.csv
25/10/2021 19:17:54 Darrin Rayl
25/10/2021 19:17:54 'str' object has no attribute 'append'
25/10/2021 19:18:18 Jared Bruggman
25/10/2021 19:18:18 'str' object has no attribute 'append'
25/10/2021 19:18:18 Saved successfully
25/10/2021 19:18:20 uploaded
25/10/2021 19:20:01 linkedincontactscraper.csv
25/10/2021 19:20:37 Darrin Rayl
25/10/2021 19:20:37 'str' object has no attribute 'append'
25/10/2021 19:21:00 Jared Bruggman
25/10/2021 19:21:00 'str' object has no attribute 'append'
25/10/2021 19:21:00 Saved successfully
25/10/2021 19:21:03 uploaded
25/10/2021 19:23:18 linkedincontactscraper.csv
25/10/2021 19:23:58 Darrin Rayl
25/10/2021 19:23:58 'str' object has no attribute 'append'
25/10/2021 19:24:21 Jared Bruggman
25/10/2021 19:24:21 'str' object has no attribute 'append'
25/10/2021 19:24:21 Saved successfully
25/10/2021 19:24:23 uploaded
25/10/2021 19:25:32 linkedincontactscraper.csv
25/10/2021 19:26:15 Plant Manager at Cargill
25/10/2021 19:26:19 Darrin Rayl
25/10/2021 19:26:19 'str' object has no attribute 'append'
25/10/2021 19:26:42 Plant Manager at Cargill
25/10/2021 19:26:46 Jared Bruggman
25/10/2021 19:26:46 'str' object has no attribute 'append'
25/10/2021 19:30:03 linkedincontactscraper.csv
25/10/2021 19:30:53 'NoneType' object has no attribute 'get_text'
25/10/2021 19:30:53 Plant Manager at Cargill
25/10/2021 19:30:57 Darrin Rayl
25/10/2021 19:30:57 'str' object has no attribute 'append'
25/10/2021 19:31:19 'NoneType' object has no attribute 'get_text'
25/10/2021 19:31:19 Plant Manager at Cargill
25/10/2021 19:31:23 Jared Bruggman
25/10/2021 19:31:23 'str' object has no attribute 'append'
25/10/2021 19:34:04 linkedincontactscraper.csv
25/10/2021 19:36:10 'NoneType' object has no attribute 'find'
25/10/2021 19:36:10 'NoneType' object has no attribute 'find'
25/10/2021 19:36:10 'NoneType' object has no attribute 'find'
25/10/2021 19:36:10 'str' object has no attribute 'append'
25/10/2021 19:36:37 500+ connections
25/10/2021 19:36:41 Gibson City, Illinois, United States
25/10/2021 19:36:45 Plant Manager at Cargill
25/10/2021 19:36:49 Jared Bruggman
25/10/2021 19:36:49 'str' object has no attribute 'append'
25/10/2021 19:36:58 linkedincontactscraper.csv
25/10/2021 19:37:35 500+ connections
25/10/2021 19:37:39 South Salem, Ohio, United States
25/10/2021 19:37:43 Plant Manager at Cargill
25/10/2021 19:37:47 Darrin Rayl
25/10/2021 19:37:47 'str' object has no attribute 'append'
25/10/2021 19:38:13 500+ connections
25/10/2021 19:38:17 Gibson City, Illinois, United States
25/10/2021 19:38:21 Plant Manager at Cargill
25/10/2021 19:38:25 Jared Bruggman
25/10/2021 19:38:25 'str' object has no attribute 'append'
25/10/2021 19:40:44 linkedincontactscraper.csv
25/10/2021 19:41:50 500+ connections
25/10/2021 19:41:54 South Salem, Ohio, United States
25/10/2021 19:41:58 Plant Manager at Cargill
25/10/2021 19:42:02 Darrin Rayl
25/10/2021 19:42:02 'str' object has no attribute 'append'
25/10/2021 19:42:30 500+ connections
25/10/2021 19:42:34 Gibson City, Illinois, United States
25/10/2021 19:42:38 Plant Manager at Cargill
25/10/2021 19:42:42 Jared Bruggman
25/10/2021 19:42:42 'str' object has no attribute 'append'
25/10/2021 19:44:27 linkedincontactscraper.csv
25/10/2021 19:45:01 500+ connections
25/10/2021 19:45:05 South Salem, Ohio, United States
25/10/2021 19:45:09 Plant Manager at Cargill
25/10/2021 19:45:13 Darrin Rayl
25/10/2021 19:45:21 website not found
25/10/2021 19:45:50 500+ connections
25/10/2021 19:45:54 Gibson City, Illinois, United States
25/10/2021 19:45:58 Plant Manager at Cargill
25/10/2021 19:46:02 Jared Bruggman
25/10/2021 19:46:10 website not found
25/10/2021 19:46:10 Saved successfully
25/10/2021 19:46:13 uploaded
25/10/2021 19:55:3025/10/2021 19:55:30 'charmap' codec can't encode characters in position 2226-2229: character maps to <undefined>
25/10/2021 19:59:49 linkedinscraperfile.csv
25/10/2021 20:00:30 500+ connections
25/10/2021 20:00:34 India
25/10/2021 20:00:38 Co-founder at Loop Health
25/10/2021 20:00:42 Amrit Singh
25/10/2021 20:00:51 website not found
25/10/2021 20:01:18 500+ connections
25/10/2021 20:01:22 Mumbai, Maharashtra, India
25/10/2021 20:01:26 CEO at Loop Health
25/10/2021 20:01:30 Mayank Kale
25/10/2021 20:01:38 website not found
25/10/2021 20:04:19 linkedinscraperfile.csv
25/10/2021 20:05:15 500+ connections
25/10/2021 20:05:19 India
25/10/2021 20:05:23 Co-founder at Loop Health
25/10/2021 20:05:27 Amrit Singh
25/10/2021 20:05:35 website not found
25/10/2021 20:06:03 500+ connections
25/10/2021 20:06:07 Mumbai, Maharashtra, India
25/10/2021 20:06:11 CEO at Loop Health
25/10/2021 20:06:15 Mayank Kale
25/10/2021 20:06:23 website not found
25/10/2021 20:12:10 Book3.csv
25/10/2021 20:12:10                     Name Designation      Company
0  Subbarao Siddabattula         CEO  Practically
1             Kunal Shah         CEO         Cred
2       Dr Srikanth Sola         CEO  Devic Earth
3    Jaijit Bhattacharya         CEO       Zerone
4             Aman Gupta         CEO         boAt
5           Sameer Mehta         CEO         boAt
6        Anirudh Pandita         CEO  Pocket Aces
7      Aditi Shrivastava         CEO  Pocket Aces
8          Ashwin Suresh         CEO  Pocket Aces
9          Bhavik Rathod         CEO          Kyt
25/10/2021 20:14:51 linkedinscraperfile.csv
25/10/2021 20:15:47 500+ connections
25/10/2021 20:15:51 India
25/10/2021 20:15:55 Co-founder at Loop Health
25/10/2021 20:15:59 Amrit Singh
25/10/2021 20:16:08 website not found
25/10/2021 20:16:35 500+ connections
25/10/2021 20:16:39 Mumbai, Maharashtra, India
25/10/2021 20:16:43 CEO at Loop Health
25/10/2021 20:16:47 Mayank Kale
25/10/2021 20:16:55 website not found
25/10/2021 20:21:3425/10/2021 20:21:34 'charmap' codec can't encode characters in position 2226-2229: character maps to <undefined>
25/10/2021 20:25:36 Book3.csv
25/10/2021 20:25:36                     Name Designation      Company
0  Subbarao Siddabattula         CEO  Practically
1             Kunal Shah         CEO         Cred
2       Dr Srikanth Sola         CEO  Devic Earth
3    Jaijit Bhattacharya         CEO       Zerone
25/10/2021 20:26:37 linkedinscraperfile.csv
25/10/2021 20:26:55 linkedinscraperfile.csv
25/10/2021 20:29:1325/10/2021 20:29:13 'charmap' codec can't encode characters in position 2226-2229: character maps to <undefined>
25/10/2021 20:56:06 Book3.csv
25/10/2021 20:56:06                     Name Designation      Company
0  Subbarao Siddabattula         CEO  Practically
1             Kunal Shah         CEO         Cred
25/10/2021 20:58:03 writing into excel
25/10/2021 20:58:04 E:\C_Drive\Fastapi\sc\ss\output\Book3.csvlinkedin_scraper_output_251021-205803.xlsx
25/10/2021 20:58:04 uploading to dropbox
25/10/2021 21:00:49 Book4.csv
25/10/2021 21:00:49                 Name Designation     Company
0   Himanshu Chandra         CEO     Progcap
1         Arpit Dave         CEO  Smartstaff
2      Aravind Reddy         CEO  Smartstaff
3  Gnanesh Chilukuri         CEO  Smartstaff
4      Viral Chhajer         CEO  Smartstaff
25/10/2021 21:05:19 writing into excel
25/10/2021 21:05:19 E:\C_Drive\Fastapi\sc\ss\output\Book4.csvlinkedin_scraper_output_251021-210519.xlsx
25/10/2021 21:05:19 uploading to dropbox
25/10/2021 21:07:10 Book5.csv
25/10/2021 21:07:10                     Name Designation                  Company
0             Amit Monga         CEO             ANS Commerce
1           Sushant Puri         CEO             ANS Commerce
2          Vibhor Sahare         CEO             ANS Commerce
3            Nakul Singh         CEO             ANS Commerce
4        Amitabh Kanekar         CEO  Mobileware Technologies
5       Satyajit Kanekar         CEO  Mobileware Technologies
6         Dhyanesh Bhatt         CEO                GramCover
7        Byju Raveendran         CEO                    BYJUS
8        Divya Gokulnath         CEO                    BYJUS
9          Ramanathan RV         CEO                Hyperface
10  Aishwarya Jaishankar         CEO                Hyperface
11           Vivek Gupta         CEO                  Licious
25/10/2021 21:18:26 writing into excel
25/10/2021 21:18:26 E:\C_Drive\Fastapi\sc\ss\output\Book5.csvlinkedin_scraper_output_251021-211826.xlsx
25/10/2021 21:18:26 uploading to dropbox
25/10/2021 21:20:36 Book6.csv
25/10/2021 21:20:36                   Name Designation            Company
0                Abhay         CEO            Licious
1     Vinayak Bhavnani         CEO              Chalo
2          Mohit Dubey         CEO              Chalo
3      Maran Nagarajan         CEO  Kaar Technologies
4       Ravi Dasoundhi         CEO         Kissan Pro
..                 ...         ...                ...
56         Rajiv Joshi         CEO        AnKa SumMor
57        Ashok George         CEO        AnKa SumMor
58    Pavan Ponnaganti         CEO        Playto Labs
59          Atul Kumar         CEO             Fraazo
60  Aashish Krishnatre         CEO             Fraazo

[61 rows x 3 columns]
25/10/2021 22:14:31 writing into excel
25/10/2021 22:14:32 E:\C_Drive\Fastapi\sc\ss\output\Book6.csvlinkedin_scraper_output_251021-221431.xlsx
25/10/2021 22:14:32 uploading to dropbox
25/10/2021 22:19:09 Book7.csv
25/10/2021 22:19:09                    Name Designation         Company
0         Mayur Relekar         CEO          Arcana
1    Abhishek Chaudhary         CEO          Arcana
2        Aravindh Kumar         CEO          Arcana
3            Mohit Jain         CEO       FloCareer
4           Mehul Bhatt         CEO       FloCareer
..                  ...         ...             ...
195       Nithya Sudhir         CEO  Artium Academy
196     Amardeep Bajpai         CEO      Awon GameZ
197        Himesh Joshi         CEO      Ayu Health
198        Arijit Gupta         CEO      Ayu Health
199         Karan Gupta         CEO      Ayu Health

[200 rows x 3 columns]
26/10/2021 01:08:27 writing into excel
26/10/2021 01:08:31 E:\C_Drive\Fastapi\sc\ss\output\Book7.csvlinkedin_scraper_output_261021-010827.xlsx
26/10/2021 01:08:31 uploading to dropbox
26/10/2021 09:44:40 Book10.csv
26/10/2021 09:44:40 None
26/10/2021 09:44:40 'NoneType' object has no attribute 'iterrows'
26/10/2021 09:45:37 Book11.csv
26/10/2021 09:45:37                       Name Designation           Company
0          Prasanna Vaidya         CEO              Gyde
1         Shubham Deshmukh         CEO              Gyde
2           Ashwin Shankar         CEO       BatteryPool
3   Taranjeet Singh Bhamra         CEO            AgNext
4         Ashwin Koorakula         CEO        Xpresslane
5           Saurabh Nagpal         CEO         LoanKuber
6           Ritesh Agarwal         CEO               OYO
7            Aravind Sanka         CEO            Rapido
8         Pavan Guntupalli         CEO            Rapido
9             SR Rishikesh         CEO            Rapido
10        Dr Navneet Gupta         CEO              YPay
11            Kabir Siddiq         CEO         SleepyCat
12             Mohit Kumar         CEO        Ultrahuman
13          Vatsal Singhal         CEO        Ultrahuman
14        Gautam Kshatriya         CEO          UpScalio
15            Anshul Gupta         CEO      Yellow Class
16            Arpit Mittal         CEO      Yellow Class
17               Anuj Jain         CEO             Yojak
18           Ankit Acharya         CEO      CreatorStack
19     Kevin William David         CEO      CreatorStack
20            Jatin Solank         CEO        Expertrons
21             Vivek Gupta         CEO        Expertrons
22            Bharat Sethi         CEO       Rage Coffee
23            Anurakt Jain         CEO              Klub
24            Ishita Verma         CEO              Klub
25        Nupur Khandelwal         CEO   Navia Life Care
26    Kunal Kishore Dhawan         CEO   Navia Life Care
27            Gaurav Gupta         CEO   Navia Life Care
28         Abhishek Halder         CEO  1K Kirana Bazaar
29           Anilesh Yadav         CEO  1K Kirana Bazaar
30        Kumar Sangeetesh         CEO  1K Kirana Bazaar
31           Dilsher Singh         CEO             Zupee
32        Siddhant Saurabh         CEO             Zupee
26/10/2021 10:10:32 HTTPConnectionPool(host='127.0.0.1', port=61338): Max retries exceeded with url: /session/8340849a751367de85f82bf9099ccd04/url (Caused by NewConnectionError('<urllib3.connection.HTTPConnection object at 0x000002451172A0D0>: Failed to establish a new connection: [WinError 10061] No connection could be made because the target machine actively refused it'))
26/10/2021 10:11:05 Book12.csv
26/10/2021 10:11:05                      Name Designation           Company
0              Umang Bedi         CEO  VerSe Innovation
1           Girish Nagpal         CEO         MetroRide
2          Kaaman Agarwal         CEO         MetroRide
3          Sneh R Vaswani         CEO              Miko
4      Prashant V Iyengar         CEO              Miko
5        Chintan S Raikar         CEO              Miko
6            Natasha Jain         CEO       Whiz League
7     Sonia Agarwal Bajaj         CEO       Whiz League
8           Shwetank Jain         CEO              Hash
9           Gaurav Munjal         CEO         Unacademy
10           Hemesh Singh         CEO         Unacademy
11            Roman Saini         CEO         Unacademy
12         Akshay Singhal         CEO   Log 9 Materials
13          Kartik Hajela         CEO   Log 9 Materials
14       Phalgun Kompalli         CEO            upGrad
15       Ronnie Screwvala         CEO            upGrad
16           Mayank Kumar         CEO            upGrad
17        Dhiresh Nagwani         CEO         FlashPrep
18        Ashwini Dhekane         CEO         FlashPrep
19          Aniruddha Sen         CEO      Kenko Health
20            Dhiraj Goel         CEO      Kenko Health
21  Ramkumar Govindarajan         CEO       Wiz Freight
22  Ramkumar Ramachandran         CEO       Wiz Freight
23           Rishabh Goel         CEO        Credgenics
24           Mayank Khera         CEO        Credgenics
25          Anand Agrawal         CEO        Credgenics
26     Harish Uthayakumar         CEO         BlueLearn
27      Shreyans Sancheti         CEO         BlueLearn
26/10/2021 10:35:47 writing into excel
26/10/2021 10:35:48 E:\C_Drive\Fastapi\sc\ss\output\Book12.csvlinkedin_scraper_output_261021-103547.xlsx
26/10/2021 10:35:48 uploading to dropbox
26/10/2021 10:41:00 Book13.csv
26/10/2021 10:41:00                   Name Designation                     Company
0    Rhitiman Majumdar         CEO                      Pickrr
1        Gaurav Mangla         CEO                      Pickrr
2        Ankit Kaushik         CEO                      Pickrr
3      Ritesh Banglani         CEO  Stellaris Venture Partners
4           Alok Goyal         CEO  Stellaris Venture Partners
..                 ...         ...                         ...
75       Pradeep Dodle         CEO                      Wasabi
76       Nikhil Goenka         CEO                      Wasabi
77     Sudarshan Lodha         CEO                      Strata
78    Priyanka Rathore         CEO                      Strata
79  Pallavi Srivastava         CEO             Ourbetterplanet

[80 rows x 3 columns]
26/10/2021 11:51:02 writing into excel
26/10/2021 11:51:06 E:\C_Drive\Fastapi\sc\ss\output\Book13.csvlinkedin_scraper_output_261021-115102.xlsx
26/10/2021 11:51:06 uploading to dropbox
26/10/2021 11:53:59 Book15.csv
26/10/2021 11:53:59                          Name Designation      Company
0            Naliene Ramasamy         CEO   Braingroom
1         Kalaiarsi Periasamy         CEO   Braingroom
2                Ravi Nishant         CEO       Edvizo
3               Avinash Kumar         CEO      Credenc
4               Nitin Agarwal         CEO   GlobalBees
..                        ...         ...          ...
74               Sairam Reddy         CEO  UrbanKisaan
75                Rajamanohar         CEO  Aquaconnect
76            Shailesh Daxini         CEO     Vah Vah!
77             Akash Senapaty         CEO     Vah Vah!
78  Muthukaleeshwaran Subbiah         CEO     Vah Vah!

[79 rows x 3 columns]
26/10/2021 13:08:13 writing into excel
26/10/2021 13:08:19 E:\C_Drive\Fastapi\sc\ss\output\Book15.csvlinkedin_scraper_output_261021-130814.xlsx
26/10/2021 13:08:19 uploading to dropbox
26/10/2021 13:11:40 Book17.csv
26/10/2021 13:11:40                    Name Designation               Company
0     Saurabh Srivastav         CEO               Spardha
1      Amrita Srivastav         CEO               Spardha
2       Gaurav Aggarwal         CEO  Onelife Nutriscience
3   Ganesh Balakrishnan         CEO             Flatheads
4       Utkarsh Biradar         CEO             Flatheads
..                  ...         ...                   ...
87         Vishal Kumar         CEO                 MSMEx
88          Dilip Kumar         CEO                 MSMEx
89       Khushboo Arora         CEO                 MSMEx
90        Kumar Sambhav         CEO                 MSMEx
91   Balachander Sekhar         CEO              RenewBuy

[92 rows x 3 columns]
26/10/2021 14:29:14 writing into excel
26/10/2021 14:29:16 E:\C_Drive\Fastapi\sc\ss\output\Book17.csvlinkedin_scraper_output_261021-142914.xlsx
26/10/2021 14:29:16 uploading to dropbox
26/10/2021 14:39:50 Book21.csv
26/10/2021 14:39:52                      Name Designation              Company
0             Sumit Ghosh         CEO             Chingari
1          Apoorva Mishra         CEO            DusMinute
2              Kulin Shah         CEO             Onsurity
3          Yogesh Agarwal         CEO             Onsurity
4           Ronak Agrawal         CEO          SkilloVilla
..                    ...         ...                  ...
95          Maya Lakshman         CEO          Livve Homes
96                  Megha         CEO      Juicy Chemistry
97         Pritesh Asher.         CEO      Juicy Chemistry
98  Arunkumar Padmanabhan         CEO  Svasti Microfinance
99  Narayanan Subramaniam         CEO  Svasti Microfinance

[100 rows x 3 columns]
26/10/2021 16:06:30 writing into excel
26/10/2021 16:06:31 E:\C_Drive\Fastapi\sc\ss\output\Book21.csvlinkedin_scraper_output_261021-160630.xlsx
26/10/2021 16:06:32 uploading to dropbox
26/10/2021 16:13:51 Book22.csv
26/10/2021 16:13:51                   Name Designation          Company
0         Hitesh Doshi         CEO             WESS
1          Pallav Jain         CEO           ShopSe
2    Abhishek Nimonkar         CEO           ShopSe
3        Yagnesh Desai         CEO           ShopSe
4         Amit Purohit         CEO   Fantasy Akhada
..                 ...         ...              ...
143       Tarun Mathur         CEO     Policybazaar
144     Yashish Dahiya         CEO     Policybazaar
145      Maya Lakshman         CEO      Livve Homes
146              Megha         CEO  Juicy Chemistry
147     Pritesh Asher.         CEO  Juicy Chemistry

[148 rows x 3 columns]
26/10/2021 18:29:24 writing into excel
26/10/2021 18:29:26 E:\C_Drive\Fastapi\sc\ss\output\Book22.csvlinkedin_scraper_output_261021-182924.xlsx
26/10/2021 18:29:26 uploading to dropbox
26/10/2021 18:50:44 Book23.csv
26/10/2021 18:50:45                   Name Designation         Company
0         Hitesh Doshi         CEO            WESS
1          Pallav Jain         CEO          ShopSe
2    Abhishek Nimonkar         CEO          ShopSe
3        Yagnesh Desai         CEO          ShopSe
4         Amit Purohit         CEO  Fantasy Akhada
..                 ...         ...             ...
140        Alok Bansal         CEO    Policybazaar
141    Avaneesh Nirjar         CEO    Policybazaar
142       Manoj Sharma         CEO    Policybazaar
143       Tarun Mathur         CEO    Policybazaar
144     Yashish Dahiya         CEO    Policybazaar

[145 rows x 3 columns]
26/10/2021 20:57:34 writing into excel
26/10/2021 20:57:39 E:\C_Drive\Fastapi\sc\ss\output\Book23.csvlinkedin_scraper_output_261021-205735.xlsx
26/10/2021 20:57:39 uploading to dropbox
02/11/2021 09:47:01 Message: no such element: Unable to locate element: {"method":"xpath","selector":".//span/div[1]/span"}
  (Session info: chrome=95.0.4638.54)

02/11/2021 09:47:01 Message: no such element: Unable to locate element: {"method":"xpath","selector":".//span/div[1]/span[2]"}
  (Session info: chrome=95.0.4638.54)

02/11/2021 09:47:02 list index out of range
02/11/2021 09:47:06 Message: no such element: Unable to locate element: {"method":"xpath","selector":".//div[@class="wDYxhc"]/div/div/span[2]/span/a/span"}
  (Session info: chrome=95.0.4638.54)

02/11/2021 09:47:11 Message: no such element: Unable to locate element: {"method":"xpath","selector":".//span/div[1]/span"}
  (Session info: chrome=95.0.4638.54)

02/11/2021 09:47:11 Message: no such element: Unable to locate element: {"method":"xpath","selector":".//span/div[1]/span[2]"}
  (Session info: chrome=95.0.4638.54)

02/11/2021 09:47:11 list index out of range
02/11/2021 09:47:15 080 6152 5151
02/11/2021 09:47:21 Message: no such element: Unable to locate element: {"method":"xpath","selector":".//span/div[1]/span"}
  (Session info: chrome=95.0.4638.54)

02/11/2021 09:47:21 Message: no such element: Unable to locate element: {"method":"xpath","selector":".//span/div[1]/span[2]"}
  (Session info: chrome=95.0.4638.54)

02/11/2021 09:47:21 list index out of range
02/11/2021 09:47:26 080 4161 4242
02/11/2021 09:47:32 Message: no such element: Unable to locate element: {"method":"xpath","selector":".//span/div[1]/span"}
  (Session info: chrome=95.0.4638.54)

02/11/2021 09:47:32 Message: no such element: Unable to locate element: {"method":"xpath","selector":".//span/div[1]/span[2]"}
  (Session info: chrome=95.0.4638.54)

02/11/2021 09:47:32 list index out of range
02/11/2021 09:47:37 080 4152 4114
02/11/2021 09:47:42 Message: no such element: Unable to locate element: {"method":"xpath","selector":".//span/div[1]/span"}
  (Session info: chrome=95.0.4638.54)

02/11/2021 09:47:42 Message: no such element: Unable to locate element: {"method":"xpath","selector":".//span/div[1]/span[2]"}
  (Session info: chrome=95.0.4638.54)

02/11/2021 09:47:42 list index out of range
02/11/2021 09:47:47 090355 31777
02/11/2021 09:47:53 Message: no such element: Unable to locate element: {"method":"xpath","selector":".//span/div[1]/span"}
  (Session info: chrome=95.0.4638.54)

02/11/2021 09:47:53 Message: no such element: Unable to locate element: {"method":"xpath","selector":".//span/div[1]/span[2]"}
  (Session info: chrome=95.0.4638.54)

02/11/2021 09:47:53 list index out of range
02/11/2021 09:47:58 092052 94089
02/11/2021 09:48:04 Message: no such element: Unable to locate element: {"method":"xpath","selector":".//span/div[1]/span"}
  (Session info: chrome=95.0.4638.54)

02/11/2021 09:48:04 Message: no such element: Unable to locate element: {"method":"xpath","selector":".//span/div[1]/span[2]"}
  (Session info: chrome=95.0.4638.54)

02/11/2021 09:48:05 list index out of range
02/11/2021 09:48:09 Message: no such element: Unable to locate element: {"method":"xpath","selector":".//div[@class="wDYxhc"]/div/div/span[2]/span/a/span"}
  (Session info: chrome=95.0.4638.54)

02/11/2021 09:48:15 Message: no such element: Unable to locate element: {"method":"xpath","selector":".//span/div[1]/span"}
  (Session info: chrome=95.0.4638.54)

02/11/2021 09:48:15 Message: no such element: Unable to locate element: {"method":"xpath","selector":".//span/div[1]/span[2]"}
  (Session info: chrome=95.0.4638.54)

02/11/2021 09:48:15 list index out of range
02/11/2021 09:48:19 Message: no such element: Unable to locate element: {"method":"xpath","selector":".//div[@class="wDYxhc"]/div/div/span[2]/span/a/span"}
  (Session info: chrome=95.0.4638.54)

02/11/2021 09:48:24 Message: no such element: Unable to locate element: {"method":"xpath","selector":".//span/div[1]/span"}
  (Session info: chrome=95.0.4638.54)

02/11/2021 09:48:24 Message: no such element: Unable to locate element: {"method":"xpath","selector":".//span/div[1]/span[2]"}
  (Session info: chrome=95.0.4638.54)

02/11/2021 09:48:24 list index out of range
02/11/2021 09:48:28 098863 27139
02/11/2021 09:48:34 Message: no such element: Unable to locate element: {"method":"xpath","selector":".//span/div[1]/span"}
  (Session info: chrome=95.0.4638.54)

02/11/2021 09:48:34 Message: no such element: Unable to locate element: {"method":"xpath","selector":".//span/div[1]/span[2]"}
  (Session info: chrome=95.0.4638.54)

02/11/2021 09:48:34 list index out of range
02/11/2021 09:48:39 095910 77779
02/11/2021 09:48:45 Message: no such element: Unable to locate element: {"method":"xpath","selector":".//span/div[1]/span"}
  (Session info: chrome=95.0.4638.54)

02/11/2021 09:48:45 Message: no such element: Unable to locate element: {"method":"xpath","selector":".//span/div[1]/span[2]"}
  (Session info: chrome=95.0.4638.54)

02/11/2021 09:48:45 list index out of range
02/11/2021 09:48:50 080 4218 8818
02/11/2021 09:48:55 Message: no such element: Unable to locate element: {"method":"xpath","selector":".//span/div[1]/span"}
  (Session info: chrome=95.0.4638.54)

02/11/2021 09:48:55 Message: no such element: Unable to locate element: {"method":"xpath","selector":".//span/div[1]/span[2]"}
  (Session info: chrome=95.0.4638.54)

02/11/2021 09:48:56 list index out of range
02/11/2021 09:49:00 090089 30150
02/11/2021 09:49:07 Message: no such element: Unable to locate element: {"method":"xpath","selector":".//span/div[1]/span"}
  (Session info: chrome=95.0.4638.54)

02/11/2021 09:49:07 Message: no such element: Unable to locate element: {"method":"xpath","selector":".//span/div[1]/span[2]"}
  (Session info: chrome=95.0.4638.54)

02/11/2021 09:49:07 list index out of range
02/11/2021 09:49:12 099864 02925
02/11/2021 09:49:18 Message: no such element: Unable to locate element: {"method":"xpath","selector":".//span/div[1]/span"}
  (Session info: chrome=95.0.4638.54)

02/11/2021 09:49:18 Message: no such element: Unable to locate element: {"method":"xpath","selector":".//span/div[1]/span[2]"}
  (Session info: chrome=95.0.4638.54)

02/11/2021 09:49:18 list index out of range
02/11/2021 09:49:23 096064 20003
02/11/2021 09:49:28 Message: no such element: Unable to locate element: {"method":"xpath","selector":".//span/div[1]/span"}
  (Session info: chrome=95.0.4638.54)

02/11/2021 09:49:28 Message: no such element: Unable to locate element: {"method":"xpath","selector":".//span/div[1]/span[2]"}
  (Session info: chrome=95.0.4638.54)

02/11/2021 09:49:28 list index out of range
02/11/2021 09:49:33 090358 36781
02/11/2021 09:49:39 Message: no such element: Unable to locate element: {"method":"xpath","selector":".//span/div[1]/span"}
  (Session info: chrome=95.0.4638.54)

02/11/2021 09:49:39 Message: no such element: Unable to locate element: {"method":"xpath","selector":".//span/div[1]/span[2]"}
  (Session info: chrome=95.0.4638.54)

02/11/2021 09:49:39 list index out of range
02/11/2021 09:49:44 089515 79867
02/11/2021 09:49:50 Message: no such element: Unable to locate element: {"method":"xpath","selector":".//span/div[1]/span"}
  (Session info: chrome=95.0.4638.54)

02/11/2021 09:49:50 Message: no such element: Unable to locate element: {"method":"xpath","selector":".//span/div[1]/span[2]"}
  (Session info: chrome=95.0.4638.54)

02/11/2021 09:49:50 list index out of range
02/11/2021 09:49:54 1800 208 1234
02/11/2021 09:50:00 Message: no such element: Unable to locate element: {"method":"xpath","selector":".//span/div[1]/span"}
  (Session info: chrome=95.0.4638.54)

02/11/2021 09:50:00 Message: no such element: Unable to locate element: {"method":"xpath","selector":".//span/div[1]/span[2]"}
  (Session info: chrome=95.0.4638.54)

02/11/2021 09:50:00 list index out of range
02/11/2021 09:50:05 084487 97300
02/11/2021 09:50:11 Message: no such element: Unable to locate element: {"method":"xpath","selector":".//span/div[1]/span"}
  (Session info: chrome=95.0.4638.54)

02/11/2021 09:50:11 Message: no such element: Unable to locate element: {"method":"xpath","selector":".//span/div[1]/span[2]"}
  (Session info: chrome=95.0.4638.54)

02/11/2021 09:50:11 list index out of range
02/11/2021 09:50:15 080 4162 3138
02/11/2021 09:50:21 Message: no such element: Unable to locate element: {"method":"xpath","selector":".//span/div[1]/span"}
  (Session info: chrome=95.0.4638.54)

02/11/2021 09:50:21 Message: no such element: Unable to locate element: {"method":"xpath","selector":".//span/div[1]/span[2]"}
  (Session info: chrome=95.0.4638.54)

02/11/2021 09:50:21 list index out of range
02/11/2021 09:50:26 Message: no such element: Unable to locate element: {"method":"xpath","selector":".//div[@class="wDYxhc"]/div/div/span[2]/span/a/span"}
  (Session info: chrome=95.0.4638.54)

02/11/2021 09:50:33 Message: no such element: Unable to locate element: {"method":"xpath","selector":".//span/div[1]/span"}
  (Session info: chrome=95.0.4638.54)

02/11/2021 09:50:33 Message: no such element: Unable to locate element: {"method":"xpath","selector":".//span/div[1]/span[2]"}
  (Session info: chrome=95.0.4638.54)

02/11/2021 09:50:33 list index out of range
02/11/2021 09:50:38 080 4331 1555
02/11/2021 09:50:44 Message: no such element: Unable to locate element: {"method":"xpath","selector":".//span/div[1]/span"}
  (Session info: chrome=95.0.4638.54)

02/11/2021 09:50:44 Message: no such element: Unable to locate element: {"method":"xpath","selector":".//span/div[1]/span[2]"}
  (Session info: chrome=95.0.4638.54)

02/11/2021 09:50:44 list index out of range
02/11/2021 09:50:48 Message: no such element: Unable to locate element: {"method":"xpath","selector":".//div[@class="wDYxhc"]/div/div/span[2]/span/a/span"}
  (Session info: chrome=95.0.4638.54)

02/11/2021 09:50:53 Message: no such element: Unable to locate element: {"method":"xpath","selector":".//span/div[1]/span"}
  (Session info: chrome=95.0.4638.54)

02/11/2021 09:50:53 Message: no such element: Unable to locate element: {"method":"xpath","selector":".//span/div[1]/span[2]"}
  (Session info: chrome=95.0.4638.54)

02/11/2021 09:50:53 list index out of range
02/11/2021 09:50:57 080 4865 0460
02/11/2021 09:51:03 Message: no such element: Unable to locate element: {"method":"xpath","selector":".//span/div[1]/span"}
  (Session info: chrome=95.0.4638.54)

02/11/2021 09:51:03 Message: no such element: Unable to locate element: {"method":"xpath","selector":".//span/div[1]/span[2]"}
  (Session info: chrome=95.0.4638.54)

02/11/2021 09:51:03 list index out of range
02/11/2021 09:51:08 080 4198 5555
02/11/2021 09:51:14 Message: no such element: Unable to locate element: {"method":"xpath","selector":".//span/div[1]/span"}
  (Session info: chrome=95.0.4638.54)

02/11/2021 09:51:14 Message: no such element: Unable to locate element: {"method":"xpath","selector":".//span/div[1]/span[2]"}
  (Session info: chrome=95.0.4638.54)

02/11/2021 09:51:14 list index out of range
02/11/2021 09:51:19 070759 01966
02/11/2021 09:51:24 Message: no such element: Unable to locate element: {"method":"xpath","selector":".//span/div[1]/span"}
  (Session info: chrome=95.0.4638.54)

02/11/2021 09:51:24 Message: no such element: Unable to locate element: {"method":"xpath","selector":".//span/div[1]/span[2]"}
  (Session info: chrome=95.0.4638.54)

02/11/2021 09:51:24 list index out of range
02/11/2021 09:51:29 Message: no such element: Unable to locate element: {"method":"xpath","selector":".//div[@class="wDYxhc"]/div/div/span[2]/span/a/span"}
  (Session info: chrome=95.0.4638.54)

02/11/2021 09:51:33 Message: no such element: Unable to locate element: {"method":"xpath","selector":".//span/div[1]/span"}
  (Session info: chrome=95.0.4638.54)

02/11/2021 09:51:33 Message: no such element: Unable to locate element: {"method":"xpath","selector":".//span/div[1]/span[2]"}
  (Session info: chrome=95.0.4638.54)

02/11/2021 09:51:33 list index out of range
02/11/2021 09:51:38 073488 55333
02/11/2021 09:51:44 Message: no such element: Unable to locate element: {"method":"xpath","selector":".//span/div[1]/span"}
  (Session info: chrome=95.0.4638.54)

02/11/2021 09:51:44 Message: no such element: Unable to locate element: {"method":"xpath","selector":".//span/div[1]/span[2]"}
  (Session info: chrome=95.0.4638.54)

02/11/2021 09:51:44 list index out of range
02/11/2021 09:51:48 093538 52071
02/11/2021 09:51:54 Message: no such element: Unable to locate element: {"method":"xpath","selector":".//span/div[1]/span"}
  (Session info: chrome=95.0.4638.54)

02/11/2021 09:51:54 Message: no such element: Unable to locate element: {"method":"xpath","selector":".//span/div[1]/span[2]"}
  (Session info: chrome=95.0.4638.54)

02/11/2021 09:51:54 list index out of range
02/11/2021 09:51:59 080 4151 9621
02/11/2021 09:52:05 Message: no such element: Unable to locate element: {"method":"xpath","selector":".//span/div[1]/span"}
  (Session info: chrome=95.0.4638.54)

02/11/2021 09:52:05 Message: no such element: Unable to locate element: {"method":"xpath","selector":".//span/div[1]/span[2]"}
  (Session info: chrome=95.0.4638.54)

02/11/2021 09:52:05 list index out of range
02/11/2021 09:52:09 Message: no such element: Unable to locate element: {"method":"xpath","selector":".//div[@class="wDYxhc"]/div/div/span[2]/span/a/span"}
  (Session info: chrome=95.0.4638.54)

02/11/2021 09:52:14 Message: no such element: Unable to locate element: {"method":"xpath","selector":".//span/div[1]/span"}
  (Session info: chrome=95.0.4638.54)

02/11/2021 09:52:14 Message: no such element: Unable to locate element: {"method":"xpath","selector":".//span/div[1]/span[2]"}
  (Session info: chrome=95.0.4638.54)

02/11/2021 09:52:14 list index out of range
02/11/2021 09:52:18 097464 39208
02/11/2021 09:52:24 Message: no such element: Unable to locate element: {"method":"xpath","selector":".//span/div[1]/span"}
  (Session info: chrome=95.0.4638.54)

02/11/2021 09:52:24 Message: no such element: Unable to locate element: {"method":"xpath","selector":".//span/div[1]/span[2]"}
  (Session info: chrome=95.0.4638.54)

02/11/2021 09:52:24 list index out of range
02/11/2021 09:52:29 080 4092 5270
02/11/2021 09:52:35 Message: no such element: Unable to locate element: {"method":"xpath","selector":".//span/div[1]/span"}
  (Session info: chrome=95.0.4638.54)

02/11/2021 09:52:35 Message: no such element: Unable to locate element: {"method":"xpath","selector":".//span/div[1]/span[2]"}
  (Session info: chrome=95.0.4638.54)

02/11/2021 09:52:35 list index out of range
02/11/2021 09:52:39 088844 49930
02/11/2021 09:52:45 Message: no such element: Unable to locate element: {"method":"xpath","selector":".//span/div[1]/span"}
  (Session info: chrome=95.0.4638.54)

02/11/2021 09:52:45 Message: no such element: Unable to locate element: {"method":"xpath","selector":".//span/div[1]/span[2]"}
  (Session info: chrome=95.0.4638.54)

02/11/2021 09:52:45 list index out of range
02/11/2021 09:52:50 Message: no such element: Unable to locate element: {"method":"xpath","selector":".//div[@class="wDYxhc"]/div/div/span[2]/span/a/span"}
  (Session info: chrome=95.0.4638.54)

02/11/2021 09:52:54 Message: no such element: Unable to locate element: {"method":"xpath","selector":".//span/div[1]/span"}
  (Session info: chrome=95.0.4638.54)

02/11/2021 09:52:54 Message: no such element: Unable to locate element: {"method":"xpath","selector":".//span/div[1]/span[2]"}
  (Session info: chrome=95.0.4638.54)

02/11/2021 09:52:54 list index out of range
02/11/2021 09:52:59 Message: no such element: Unable to locate element: {"method":"xpath","selector":".//div[@class="wDYxhc"]/div/div/span[2]/span/a/span"}
  (Session info: chrome=95.0.4638.54)

02/11/2021 09:53:03 Message: no such element: Unable to locate element: {"method":"xpath","selector":".//span/div[1]/span"}
  (Session info: chrome=95.0.4638.54)

02/11/2021 09:53:03 Message: no such element: Unable to locate element: {"method":"xpath","selector":".//span/div[1]/span[2]"}
  (Session info: chrome=95.0.4638.54)

02/11/2021 09:53:03 list index out of range
02/11/2021 09:53:08 Message: no such element: Unable to locate element: {"method":"xpath","selector":".//div[@class="wDYxhc"]/div/div/span[2]/span/a/span"}
  (Session info: chrome=95.0.4638.54)

02/11/2021 09:53:12 Message: no such element: Unable to locate element: {"method":"xpath","selector":".//span/div[1]/span"}
  (Session info: chrome=95.0.4638.54)

02/11/2021 09:53:12 Message: no such element: Unable to locate element: {"method":"xpath","selector":".//span/div[1]/span[2]"}
  (Session info: chrome=95.0.4638.54)

02/11/2021 09:53:12 list index out of range
02/11/2021 09:53:17 099168 09731
02/11/2021 09:53:23 Message: no such element: Unable to locate element: {"method":"xpath","selector":".//span/div[1]/span"}
  (Session info: chrome=95.0.4638.54)

02/11/2021 09:53:23 Message: no such element: Unable to locate element: {"method":"xpath","selector":".//span/div[1]/span[2]"}
  (Session info: chrome=95.0.4638.54)

02/11/2021 09:53:23 list index out of range
02/11/2021 09:53:27 099163 94924
02/11/2021 09:53:33 Message: no such element: Unable to locate element: {"method":"xpath","selector":".//span/div[1]/span"}
  (Session info: chrome=95.0.4638.54)

02/11/2021 09:53:33 Message: no such element: Unable to locate element: {"method":"xpath","selector":".//span/div[1]/span[2]"}
  (Session info: chrome=95.0.4638.54)

02/11/2021 09:53:33 list index out of range
02/11/2021 09:53:38 Message: no such element: Unable to locate element: {"method":"xpath","selector":".//div[@class="wDYxhc"]/div/div/span[2]/span/a/span"}
  (Session info: chrome=95.0.4638.54)

02/11/2021 09:53:42 Message: no such element: Unable to locate element: {"method":"xpath","selector":".//span/div[1]/span"}
  (Session info: chrome=95.0.4638.54)

02/11/2021 09:53:42 Message: no such element: Unable to locate element: {"method":"xpath","selector":".//span/div[1]/span[2]"}
  (Session info: chrome=95.0.4638.54)

02/11/2021 09:53:42 list index out of range
02/11/2021 09:53:47 080 4211 5561
02/11/2021 09:53:55 Message: no such element: Unable to locate element: {"method":"xpath","selector":".//span/div[1]/span"}
  (Session info: chrome=95.0.4638.54)

02/11/2021 09:53:55 Message: no such element: Unable to locate element: {"method":"xpath","selector":".//span/div[1]/span[2]"}
  (Session info: chrome=95.0.4638.54)

02/11/2021 09:53:55 list index out of range
02/11/2021 09:54:00 022 6689 5000
02/11/2021 09:54:05 Message: no such element: Unable to locate element: {"method":"xpath","selector":".//span/div[1]/span"}
  (Session info: chrome=95.0.4638.54)

02/11/2021 09:54:05 Message: no such element: Unable to locate element: {"method":"xpath","selector":".//span/div[1]/span[2]"}
  (Session info: chrome=95.0.4638.54)

02/11/2021 09:54:05 list index out of range
02/11/2021 09:54:10 Message: no such element: Unable to locate element: {"method":"xpath","selector":".//div[@class="wDYxhc"]/div/div/span[2]/span/a/span"}
  (Session info: chrome=95.0.4638.54)

02/11/2021 09:54:14 Message: no such element: Unable to locate element: {"method":"xpath","selector":".//span/div[1]/span"}
  (Session info: chrome=95.0.4638.54)

02/11/2021 09:54:14 Message: no such element: Unable to locate element: {"method":"xpath","selector":".//span/div[1]/span[2]"}
  (Session info: chrome=95.0.4638.54)

02/11/2021 09:54:14 list index out of range
02/11/2021 09:54:19 Message: no such element: Unable to locate element: {"method":"xpath","selector":".//div[@class="wDYxhc"]/div/div/span[2]/span/a/span"}
  (Session info: chrome=95.0.4638.54)

02/11/2021 09:54:23 Message: no such element: Unable to locate element: {"method":"xpath","selector":".//span/div[1]/span"}
  (Session info: chrome=95.0.4638.54)

02/11/2021 09:54:23 Message: no such element: Unable to locate element: {"method":"xpath","selector":".//span/div[1]/span[2]"}
  (Session info: chrome=95.0.4638.54)

02/11/2021 09:54:23 list index out of range
02/11/2021 09:54:28 080 4041 4141
02/11/2021 09:54:34 Message: no such element: Unable to locate element: {"method":"xpath","selector":".//span/div[1]/span"}
  (Session info: chrome=95.0.4638.54)

02/11/2021 09:54:34 Message: no such element: Unable to locate element: {"method":"xpath","selector":".//span/div[1]/span[2]"}
  (Session info: chrome=95.0.4638.54)

02/11/2021 09:54:34 list index out of range
02/11/2021 09:54:38 Message: no such element: Unable to locate element: {"method":"xpath","selector":".//div[@class="wDYxhc"]/div/div/span[2]/span/a/span"}
  (Session info: chrome=95.0.4638.54)

02/11/2021 09:54:43 Message: no such element: Unable to locate element: {"method":"xpath","selector":".//span/div[1]/span"}
  (Session info: chrome=95.0.4638.54)

02/11/2021 09:54:43 Message: no such element: Unable to locate element: {"method":"xpath","selector":".//span/div[1]/span[2]"}
  (Session info: chrome=95.0.4638.54)

02/11/2021 09:54:43 list index out of range
02/11/2021 09:54:47 098186 54628
02/11/2021 09:54:53 Message: no such element: Unable to locate element: {"method":"xpath","selector":".//span/div[1]/span"}
  (Session info: chrome=95.0.4638.54)

02/11/2021 09:54:53 Message: no such element: Unable to locate element: {"method":"xpath","selector":".//span/div[1]/span[2]"}
  (Session info: chrome=95.0.4638.54)

02/11/2021 09:54:53 list index out of range
02/11/2021 09:54:58 077951 55568
02/11/2021 09:55:04 Message: no such element: Unable to locate element: {"method":"xpath","selector":".//span/div[1]/span"}
  (Session info: chrome=95.0.4638.54)

02/11/2021 09:55:04 Message: no such element: Unable to locate element: {"method":"xpath","selector":".//span/div[1]/span[2]"}
  (Session info: chrome=95.0.4638.54)

02/11/2021 09:55:04 list index out of range
02/11/2021 09:55:09 Message: no such element: Unable to locate element: {"method":"xpath","selector":".//div[@class="wDYxhc"]/div/div/span[2]/span/a/span"}
  (Session info: chrome=95.0.4638.54)

02/11/2021 09:55:13 Message: no such element: Unable to locate element: {"method":"xpath","selector":".//span/div[1]/span"}
  (Session info: chrome=95.0.4638.54)

02/11/2021 09:55:13 Message: no such element: Unable to locate element: {"method":"xpath","selector":".//span/div[1]/span[2]"}
  (Session info: chrome=95.0.4638.54)

02/11/2021 09:55:13 list index out of range
02/11/2021 09:55:18 Message: no such element: Unable to locate element: {"method":"xpath","selector":".//div[@class="wDYxhc"]/div/div/span[2]/span/a/span"}
  (Session info: chrome=95.0.4638.54)

02/11/2021 09:55:22 Message: no such element: Unable to locate element: {"method":"xpath","selector":".//span/div[1]/span"}
  (Session info: chrome=95.0.4638.54)

02/11/2021 09:55:22 Message: no such element: Unable to locate element: {"method":"xpath","selector":".//span/div[1]/span[2]"}
  (Session info: chrome=95.0.4638.54)

02/11/2021 09:55:22 list index out of range
02/11/2021 09:55:27 Message: no such element: Unable to locate element: {"method":"xpath","selector":".//div[@class="wDYxhc"]/div/div/span[2]/span/a/span"}
  (Session info: chrome=95.0.4638.54)

02/11/2021 09:55:31 Message: no such element: Unable to locate element: {"method":"xpath","selector":".//span/div[1]/span"}
  (Session info: chrome=95.0.4638.54)

02/11/2021 09:55:31 Message: no such element: Unable to locate element: {"method":"xpath","selector":".//span/div[1]/span[2]"}
  (Session info: chrome=95.0.4638.54)

02/11/2021 09:55:31 list index out of range
02/11/2021 09:55:36 Message: no such element: Unable to locate element: {"method":"xpath","selector":".//div[@class="wDYxhc"]/div/div/span[2]/span/a/span"}
  (Session info: chrome=95.0.4638.54)

02/11/2021 09:55:40 Message: no such element: Unable to locate element: {"method":"xpath","selector":".//span/div[1]/span"}
  (Session info: chrome=95.0.4638.54)

02/11/2021 09:55:40 Message: no such element: Unable to locate element: {"method":"xpath","selector":".//span/div[1]/span[2]"}
  (Session info: chrome=95.0.4638.54)

02/11/2021 09:55:40 list index out of range
02/11/2021 09:55:45 Message: no such element: Unable to locate element: {"method":"xpath","selector":".//div[@class="wDYxhc"]/div/div/span[2]/span/a/span"}
  (Session info: chrome=95.0.4638.54)

02/11/2021 09:55:49 Message: no such element: Unable to locate element: {"method":"xpath","selector":".//span/div[1]/span"}
  (Session info: chrome=95.0.4638.54)

02/11/2021 09:55:49 Message: no such element: Unable to locate element: {"method":"xpath","selector":".//span/div[1]/span[2]"}
  (Session info: chrome=95.0.4638.54)

02/11/2021 09:55:49 list index out of range
02/11/2021 09:55:54 Message: no such element: Unable to locate element: {"method":"xpath","selector":".//div[@class="wDYxhc"]/div/div/span[2]/span/a/span"}
  (Session info: chrome=95.0.4638.54)

02/11/2021 09:55:58 Message: no such element: Unable to locate element: {"method":"xpath","selector":".//span/div[1]/span"}
  (Session info: chrome=95.0.4638.54)

02/11/2021 09:55:58 Message: no such element: Unable to locate element: {"method":"xpath","selector":".//span/div[1]/span[2]"}
  (Session info: chrome=95.0.4638.54)

02/11/2021 09:55:58 list index out of range
02/11/2021 09:56:03 074119 49412
02/11/2021 09:56:08 Message: no such element: Unable to locate element: {"method":"xpath","selector":".//span/div[1]/span"}
  (Session info: chrome=95.0.4638.54)

02/11/2021 09:56:08 Message: no such element: Unable to locate element: {"method":"xpath","selector":".//span/div[1]/span[2]"}
  (Session info: chrome=95.0.4638.54)

02/11/2021 09:56:08 list index out of range
02/11/2021 09:56:13 Message: no such element: Unable to locate element: {"method":"xpath","selector":".//div[@class="wDYxhc"]/div/div/span[2]/span/a/span"}
  (Session info: chrome=95.0.4638.54)

02/11/2021 09:56:17 Message: no such element: Unable to locate element: {"method":"xpath","selector":".//span/div[1]/span"}
  (Session info: chrome=95.0.4638.54)

02/11/2021 09:56:17 Message: no such element: Unable to locate element: {"method":"xpath","selector":".//span/div[1]/span[2]"}
  (Session info: chrome=95.0.4638.54)

02/11/2021 09:56:17 list index out of range
02/11/2021 09:56:22 Message: no such element: Unable to locate element: {"method":"xpath","selector":".//div[@class="wDYxhc"]/div/div/span[2]/span/a/span"}
  (Session info: chrome=95.0.4638.54)

02/11/2021 09:56:26 Message: no such element: Unable to locate element: {"method":"xpath","selector":".//span/div[1]/span"}
  (Session info: chrome=95.0.4638.54)

02/11/2021 09:56:26 Message: no such element: Unable to locate element: {"method":"xpath","selector":".//span/div[1]/span[2]"}
  (Session info: chrome=95.0.4638.54)

02/11/2021 09:56:26 list index out of range
02/11/2021 09:56:31 Message: no such element: Unable to locate element: {"method":"xpath","selector":".//div[@class="wDYxhc"]/div/div/span[2]/span/a/span"}
  (Session info: chrome=95.0.4638.54)

02/11/2021 09:56:35 Message: no such element: Unable to locate element: {"method":"xpath","selector":".//span/div[1]/span"}
  (Session info: chrome=95.0.4638.54)

02/11/2021 09:56:35 Message: no such element: Unable to locate element: {"method":"xpath","selector":".//span/div[1]/span[2]"}
  (Session info: chrome=95.0.4638.54)

02/11/2021 09:56:35 list index out of range
02/11/2021 09:56:40 080 4116 2485
02/11/2021 09:56:46 Message: no such element: Unable to locate element: {"method":"xpath","selector":".//span/div[1]/span"}
  (Session info: chrome=95.0.4638.54)

02/11/2021 09:56:46 Message: no such element: Unable to locate element: {"method":"xpath","selector":".//span/div[1]/span[2]"}
  (Session info: chrome=95.0.4638.54)

02/11/2021 09:56:46 list index out of range
02/11/2021 09:56:51 080 2854 6565
02/11/2021 09:56:57 Message: no such element: Unable to locate element: {"method":"xpath","selector":".//span/div[1]/span"}
  (Session info: chrome=95.0.4638.54)

02/11/2021 09:56:57 Message: no such element: Unable to locate element: {"method":"xpath","selector":".//span/div[1]/span[2]"}
  (Session info: chrome=95.0.4638.54)

02/11/2021 09:56:57 list index out of range
02/11/2021 09:57:01 093535 03371
02/11/2021 09:57:09 Message: no such element: Unable to locate element: {"method":"xpath","selector":".//span/div[1]/span"}
  (Session info: chrome=95.0.4638.54)

02/11/2021 09:57:09 Message: no such element: Unable to locate element: {"method":"xpath","selector":".//span/div[1]/span[2]"}
  (Session info: chrome=95.0.4638.54)

02/11/2021 09:57:09 list index out of range
02/11/2021 09:57:14 Message: no such element: Unable to locate element: {"method":"xpath","selector":".//div[@class="wDYxhc"]/div/div/span[2]/span/a/span"}
  (Session info: chrome=95.0.4638.54)

02/11/2021 09:57:18 Message: no such element: Unable to locate element: {"method":"xpath","selector":".//span/div[1]/span"}
  (Session info: chrome=95.0.4638.54)

02/11/2021 09:57:18 Message: no such element: Unable to locate element: {"method":"xpath","selector":".//span/div[1]/span[2]"}
  (Session info: chrome=95.0.4638.54)

02/11/2021 09:57:18 list index out of range
02/11/2021 09:57:23 078298 59891
02/11/2021 09:57:29 Message: no such element: Unable to locate element: {"method":"xpath","selector":".//span/div[1]/span"}
  (Session info: chrome=95.0.4638.54)

02/11/2021 09:57:29 Message: no such element: Unable to locate element: {"method":"xpath","selector":".//span/div[1]/span[2]"}
  (Session info: chrome=95.0.4638.54)

02/11/2021 09:57:29 list index out of range
02/11/2021 09:57:34 099018 55157
02/11/2021 09:57:40 Message: no such element: Unable to locate element: {"method":"xpath","selector":".//span/div[1]/span"}
  (Session info: chrome=95.0.4638.54)

02/11/2021 09:57:40 Message: no such element: Unable to locate element: {"method":"xpath","selector":".//span/div[1]/span[2]"}
  (Session info: chrome=95.0.4638.54)

02/11/2021 09:57:40 list index out of range
02/11/2021 09:57:44 Message: no such element: Unable to locate element: {"method":"xpath","selector":".//div[@class="wDYxhc"]/div/div/span[2]/span/a/span"}
  (Session info: chrome=95.0.4638.54)

02/11/2021 09:57:49 Message: no such element: Unable to locate element: {"method":"xpath","selector":".//span/div[1]/span"}
  (Session info: chrome=95.0.4638.54)

02/11/2021 09:57:49 Message: no such element: Unable to locate element: {"method":"xpath","selector":".//span/div[1]/span[2]"}
  (Session info: chrome=95.0.4638.54)

02/11/2021 09:57:49 list index out of range
02/11/2021 09:57:53 Message: no such element: Unable to locate element: {"method":"xpath","selector":".//div[@class="wDYxhc"]/div/div/span[2]/span/a/span"}
  (Session info: chrome=95.0.4638.54)

02/11/2021 09:57:58 Message: no such element: Unable to locate element: {"method":"xpath","selector":".//span/div[1]/span"}
  (Session info: chrome=95.0.4638.54)

02/11/2021 09:57:58 Message: no such element: Unable to locate element: {"method":"xpath","selector":".//span/div[1]/span[2]"}
  (Session info: chrome=95.0.4638.54)

02/11/2021 09:57:58 list index out of range
02/11/2021 09:58:02 080 4131 2144
02/11/2021 09:58:08 Message: no such element: Unable to locate element: {"method":"xpath","selector":".//span/div[1]/span"}
  (Session info: chrome=95.0.4638.54)

02/11/2021 09:58:08 Message: no such element: Unable to locate element: {"method":"xpath","selector":".//span/div[1]/span[2]"}
  (Session info: chrome=95.0.4638.54)

02/11/2021 09:58:08 list index out of range
02/11/2021 09:58:13 Message: no such element: Unable to locate element: {"method":"xpath","selector":".//div[@class="wDYxhc"]/div/div/span[2]/span/a/span"}
  (Session info: chrome=95.0.4638.54)

02/11/2021 09:58:17 Message: no such element: Unable to locate element: {"method":"xpath","selector":".//span/div[1]/span"}
  (Session info: chrome=95.0.4638.54)

02/11/2021 09:58:17 Message: no such element: Unable to locate element: {"method":"xpath","selector":".//span/div[1]/span[2]"}
  (Session info: chrome=95.0.4638.54)

02/11/2021 09:58:17 list index out of range
02/11/2021 09:58:22 Message: no such element: Unable to locate element: {"method":"xpath","selector":".//div[@class="wDYxhc"]/div/div/span[2]/span/a/span"}
  (Session info: chrome=95.0.4638.54)

02/11/2021 09:58:26 Message: no such element: Unable to locate element: {"method":"xpath","selector":".//span/div[1]/span"}
  (Session info: chrome=95.0.4638.54)

02/11/2021 09:58:26 Message: no such element: Unable to locate element: {"method":"xpath","selector":".//span/div[1]/span[2]"}
  (Session info: chrome=95.0.4638.54)

02/11/2021 09:58:26 list index out of range
02/11/2021 09:58:31 077000 50050
02/11/2021 09:58:36 Message: no such element: Unable to locate element: {"method":"xpath","selector":".//span/div[1]/span"}
  (Session info: chrome=95.0.4638.54)

02/11/2021 09:58:36 Message: no such element: Unable to locate element: {"method":"xpath","selector":".//span/div[1]/span[2]"}
  (Session info: chrome=95.0.4638.54)

02/11/2021 09:58:37 list index out of range
02/11/2021 09:58:41 081056 74336
02/11/2021 09:58:47 Message: no such element: Unable to locate element: {"method":"xpath","selector":".//span/div[1]/span"}
  (Session info: chrome=95.0.4638.54)

02/11/2021 09:58:47 Message: no such element: Unable to locate element: {"method":"xpath","selector":".//span/div[1]/span[2]"}
  (Session info: chrome=95.0.4638.54)

02/11/2021 09:58:47 list index out of range
02/11/2021 09:58:52 Message: no such element: Unable to locate element: {"method":"xpath","selector":".//div[@class="wDYxhc"]/div/div/span[2]/span/a/span"}
  (Session info: chrome=95.0.4638.54)

02/11/2021 09:58:56 Message: no such element: Unable to locate element: {"method":"xpath","selector":".//span/div[1]/span"}
  (Session info: chrome=95.0.4638.54)

02/11/2021 09:58:56 Message: no such element: Unable to locate element: {"method":"xpath","selector":".//span/div[1]/span[2]"}
  (Session info: chrome=95.0.4638.54)

02/11/2021 09:58:56 list index out of range
02/11/2021 09:59:01 080 6578 1234
02/11/2021 09:59:06 Message: no such element: Unable to locate element: {"method":"xpath","selector":".//span/div[1]/span"}
  (Session info: chrome=95.0.4638.54)

02/11/2021 09:59:06 Message: no such element: Unable to locate element: {"method":"xpath","selector":".//span/div[1]/span[2]"}
  (Session info: chrome=95.0.4638.54)

02/11/2021 09:59:06 list index out of range
02/11/2021 09:59:11 Message: no such element: Unable to locate element: {"method":"xpath","selector":".//div[@class="wDYxhc"]/div/div/span[2]/span/a/span"}
  (Session info: chrome=95.0.4638.54)

02/11/2021 09:59:15 Message: no such element: Unable to locate element: {"method":"xpath","selector":".//span/div[1]/span"}
  (Session info: chrome=95.0.4638.54)

02/11/2021 09:59:15 Message: no such element: Unable to locate element: {"method":"xpath","selector":".//span/div[1]/span[2]"}
  (Session info: chrome=95.0.4638.54)

02/11/2021 09:59:15 list index out of range
02/11/2021 09:59:20 Message: no such element: Unable to locate element: {"method":"xpath","selector":".//div[@class="wDYxhc"]/div/div/span[2]/span/a/span"}
  (Session info: chrome=95.0.4638.54)

02/11/2021 09:59:24 Message: no such element: Unable to locate element: {"method":"xpath","selector":".//span/div[1]/span"}
  (Session info: chrome=95.0.4638.54)

02/11/2021 09:59:24 Message: no such element: Unable to locate element: {"method":"xpath","selector":".//span/div[1]/span[2]"}
  (Session info: chrome=95.0.4638.54)

02/11/2021 09:59:24 list index out of range
02/11/2021 09:59:29 096205 85908
02/11/2021 09:59:35 Message: no such element: Unable to locate element: {"method":"xpath","selector":".//span/div[1]/span"}
  (Session info: chrome=95.0.4638.54)

02/11/2021 09:59:35 Message: no such element: Unable to locate element: {"method":"xpath","selector":".//span/div[1]/span[2]"}
  (Session info: chrome=95.0.4638.54)

02/11/2021 09:59:35 list index out of range
02/11/2021 09:59:39 Message: no such element: Unable to locate element: {"method":"xpath","selector":".//div[@class="wDYxhc"]/div/div/span[2]/span/a/span"}
  (Session info: chrome=95.0.4638.54)

02/11/2021 09:59:44 Message: no such element: Unable to locate element: {"method":"xpath","selector":".//span/div[1]/span"}
  (Session info: chrome=95.0.4638.54)

02/11/2021 09:59:44 Message: no such element: Unable to locate element: {"method":"xpath","selector":".//span/div[1]/span[2]"}
  (Session info: chrome=95.0.4638.54)

02/11/2021 09:59:44 list index out of range
02/11/2021 09:59:48 080 4112 5125
02/11/2021 09:59:54 Message: no such element: Unable to locate element: {"method":"xpath","selector":".//span/div[1]/span"}
  (Session info: chrome=95.0.4638.54)

02/11/2021 09:59:54 Message: no such element: Unable to locate element: {"method":"xpath","selector":".//span/div[1]/span[2]"}
  (Session info: chrome=95.0.4638.54)

02/11/2021 09:59:54 list index out of range
02/11/2021 09:59:59 Message: no such element: Unable to locate element: {"method":"xpath","selector":".//div[@class="wDYxhc"]/div/div/span[2]/span/a/span"}
  (Session info: chrome=95.0.4638.54)

02/11/2021 10:00:03 Message: no such element: Unable to locate element: {"method":"xpath","selector":".//span/div[1]/span"}
  (Session info: chrome=95.0.4638.54)

02/11/2021 10:00:03 Message: no such element: Unable to locate element: {"method":"xpath","selector":".//span/div[1]/span[2]"}
  (Session info: chrome=95.0.4638.54)

02/11/2021 10:00:03 list index out of range
02/11/2021 10:00:08 098953 63673
02/11/2021 10:00:14 Message: no such element: Unable to locate element: {"method":"xpath","selector":".//span/div[1]/span"}
  (Session info: chrome=95.0.4638.54)

02/11/2021 10:00:14 Message: no such element: Unable to locate element: {"method":"xpath","selector":".//span/div[1]/span[2]"}
  (Session info: chrome=95.0.4638.54)

02/11/2021 10:00:14 list index out of range
02/11/2021 10:00:19 080 4151 9621
02/11/2021 10:00:27 Message: no such element: Unable to locate element: {"method":"xpath","selector":".//span/div[1]/span"}
  (Session info: chrome=95.0.4638.54)

02/11/2021 10:00:27 Message: no such element: Unable to locate element: {"method":"xpath","selector":".//span/div[1]/span[2]"}
  (Session info: chrome=95.0.4638.54)

02/11/2021 10:00:27 list index out of range
02/11/2021 10:00:32 Message: no such element: Unable to locate element: {"method":"xpath","selector":".//div[@class="wDYxhc"]/div/div/span[2]/span/a/span"}
  (Session info: chrome=95.0.4638.54)

02/11/2021 10:00:36 Message: no such element: Unable to locate element: {"method":"xpath","selector":".//span/div[1]/span"}
  (Session info: chrome=95.0.4638.54)

02/11/2021 10:00:36 Message: no such element: Unable to locate element: {"method":"xpath","selector":".//span/div[1]/span[2]"}
  (Session info: chrome=95.0.4638.54)

02/11/2021 10:00:36 list index out of range
02/11/2021 10:00:41 Message: no such element: Unable to locate element: {"method":"xpath","selector":".//div[@class="wDYxhc"]/div/div/span[2]/span/a/span"}
  (Session info: chrome=95.0.4638.54)

02/11/2021 10:00:45 Message: no such element: Unable to locate element: {"method":"xpath","selector":".//span/div[1]/span"}
  (Session info: chrome=95.0.4638.54)

02/11/2021 10:00:45 Message: no such element: Unable to locate element: {"method":"xpath","selector":".//span/div[1]/span[2]"}
  (Session info: chrome=95.0.4638.54)

02/11/2021 10:00:45 list index out of range
02/11/2021 10:00:50 Message: no such element: Unable to locate element: {"method":"xpath","selector":".//div[@class="wDYxhc"]/div/div/span[2]/span/a/span"}
  (Session info: chrome=95.0.4638.54)

02/11/2021 10:00:54 Message: no such element: Unable to locate element: {"method":"xpath","selector":".//span/div[1]/span"}
  (Session info: chrome=95.0.4638.54)

02/11/2021 10:00:54 Message: no such element: Unable to locate element: {"method":"xpath","selector":".//span/div[1]/span[2]"}
  (Session info: chrome=95.0.4638.54)

02/11/2021 10:00:54 list index out of range
02/11/2021 10:00:59 099450 25656
02/11/2021 10:01:05 Message: no such element: Unable to locate element: {"method":"xpath","selector":".//span/div[1]/span"}
  (Session info: chrome=95.0.4638.54)

02/11/2021 10:01:05 Message: no such element: Unable to locate element: {"method":"xpath","selector":".//span/div[1]/span[2]"}
  (Session info: chrome=95.0.4638.54)

02/11/2021 10:01:05 list index out of range
02/11/2021 10:01:10 Message: no such element: Unable to locate element: {"method":"xpath","selector":".//div[@class="wDYxhc"]/div/div/span[2]/span/a/span"}
  (Session info: chrome=95.0.4638.54)

02/11/2021 10:01:14 Message: no such element: Unable to locate element: {"method":"xpath","selector":".//span/div[1]/span"}
  (Session info: chrome=95.0.4638.54)

02/11/2021 10:01:14 Message: no such element: Unable to locate element: {"method":"xpath","selector":".//span/div[1]/span[2]"}
  (Session info: chrome=95.0.4638.54)

02/11/2021 10:01:14 list index out of range
02/11/2021 10:01:19 081058 26600
02/11/2021 10:01:25 Message: no such element: Unable to locate element: {"method":"xpath","selector":".//span/div[1]/span"}
  (Session info: chrome=95.0.4638.54)

02/11/2021 10:01:25 Message: no such element: Unable to locate element: {"method":"xpath","selector":".//span/div[1]/span[2]"}
  (Session info: chrome=95.0.4638.54)

02/11/2021 10:01:25 list index out of range
02/11/2021 10:01:29 Message: no such element: Unable to locate element: {"method":"xpath","selector":".//div[@class="wDYxhc"]/div/div/span[2]/span/a/span"}
  (Session info: chrome=95.0.4638.54)

02/11/2021 10:01:34 Message: no such element: Unable to locate element: {"method":"xpath","selector":".//span/div[1]/span"}
  (Session info: chrome=95.0.4638.54)

02/11/2021 10:01:34 Message: no such element: Unable to locate element: {"method":"xpath","selector":".//span/div[1]/span[2]"}
  (Session info: chrome=95.0.4638.54)

02/11/2021 10:01:34 list index out of range
02/11/2021 10:01:38 Message: no such element: Unable to locate element: {"method":"xpath","selector":".//div[@class="wDYxhc"]/div/div/span[2]/span/a/span"}
  (Session info: chrome=95.0.4638.54)

02/11/2021 10:01:43 Message: no such element: Unable to locate element: {"method":"xpath","selector":".//span/div[1]/span"}
  (Session info: chrome=95.0.4638.54)

02/11/2021 10:01:43 Message: no such element: Unable to locate element: {"method":"xpath","selector":".//span/div[1]/span[2]"}
  (Session info: chrome=95.0.4638.54)

02/11/2021 10:01:43 list index out of range
02/11/2021 10:01:47 080 4152 3333
02/11/2021 10:01:53 Message: no such element: Unable to locate element: {"method":"xpath","selector":".//span/div[1]/span"}
  (Session info: chrome=95.0.4638.54)

02/11/2021 10:01:53 Message: no such element: Unable to locate element: {"method":"xpath","selector":".//span/div[1]/span[2]"}
  (Session info: chrome=95.0.4638.54)

02/11/2021 10:01:53 list index out of range
02/11/2021 10:01:58 Message: no such element: Unable to locate element: {"method":"xpath","selector":".//div[@class="wDYxhc"]/div/div/span[2]/span/a/span"}
  (Session info: chrome=95.0.4638.54)

02/11/2021 10:02:02 Message: no such element: Unable to locate element: {"method":"xpath","selector":".//span/div[1]/span"}
  (Session info: chrome=95.0.4638.54)

02/11/2021 10:02:02 Message: no such element: Unable to locate element: {"method":"xpath","selector":".//span/div[1]/span[2]"}
  (Session info: chrome=95.0.4638.54)

02/11/2021 10:02:02 list index out of range
02/11/2021 10:02:07 Message: no such element: Unable to locate element: {"method":"xpath","selector":".//div[@class="wDYxhc"]/div/div/span[2]/span/a/span"}
  (Session info: chrome=95.0.4638.54)

02/11/2021 10:02:11 Message: no such element: Unable to locate element: {"method":"xpath","selector":".//span/div[1]/span"}
  (Session info: chrome=95.0.4638.54)

02/11/2021 10:02:11 Message: no such element: Unable to locate element: {"method":"xpath","selector":".//span/div[1]/span[2]"}
  (Session info: chrome=95.0.4638.54)

02/11/2021 10:02:11 list index out of range
02/11/2021 10:02:16 080 4710 8828
02/11/2021 10:02:22 Message: no such element: Unable to locate element: {"method":"xpath","selector":".//span/div[1]/span"}
  (Session info: chrome=95.0.4638.54)

02/11/2021 10:02:22 Message: no such element: Unable to locate element: {"method":"xpath","selector":".//span/div[1]/span[2]"}
  (Session info: chrome=95.0.4638.54)

02/11/2021 10:02:22 list index out of range
02/11/2021 10:02:27 080 4198 5555
02/11/2021 10:02:32 Message: no such element: Unable to locate element: {"method":"xpath","selector":".//span/div[1]/span"}
  (Session info: chrome=95.0.4638.54)

02/11/2021 10:02:32 Message: no such element: Unable to locate element: {"method":"xpath","selector":".//span/div[1]/span[2]"}
  (Session info: chrome=95.0.4638.54)

02/11/2021 10:02:32 list index out of range
02/11/2021 10:02:37 098844 82504
02/11/2021 10:02:43 Message: no such element: Unable to locate element: {"method":"xpath","selector":".//span/div[1]/span"}
  (Session info: chrome=95.0.4638.54)

02/11/2021 10:02:43 Message: no such element: Unable to locate element: {"method":"xpath","selector":".//span/div[1]/span[2]"}
  (Session info: chrome=95.0.4638.54)

02/11/2021 10:02:43 list index out of range
02/11/2021 10:02:47 Message: no such element: Unable to locate element: {"method":"xpath","selector":".//div[@class="wDYxhc"]/div/div/span[2]/span/a/span"}
  (Session info: chrome=95.0.4638.54)

02/11/2021 10:02:52 Message: no such element: Unable to locate element: {"method":"xpath","selector":".//span/div[1]/span"}
  (Session info: chrome=95.0.4638.54)

02/11/2021 10:02:52 Message: no such element: Unable to locate element: {"method":"xpath","selector":".//span/div[1]/span[2]"}
  (Session info: chrome=95.0.4638.54)

02/11/2021 10:02:52 list index out of range
02/11/2021 10:02:56 Message: no such element: Unable to locate element: {"method":"xpath","selector":".//div[@class="wDYxhc"]/div/div/span[2]/span/a/span"}
  (Session info: chrome=95.0.4638.54)

02/11/2021 10:03:01 Message: no such element: Unable to locate element: {"method":"xpath","selector":".//span/div[1]/span"}
  (Session info: chrome=95.0.4638.54)

02/11/2021 10:03:01 Message: no such element: Unable to locate element: {"method":"xpath","selector":".//span/div[1]/span[2]"}
  (Session info: chrome=95.0.4638.54)

02/11/2021 10:03:01 list index out of range
02/11/2021 10:03:05 095353 99999
02/11/2021 10:03:11 Message: no such element: Unable to locate element: {"method":"xpath","selector":".//span/div[1]/span"}
  (Session info: chrome=95.0.4638.54)

02/11/2021 10:03:11 Message: no such element: Unable to locate element: {"method":"xpath","selector":".//span/div[1]/span[2]"}
  (Session info: chrome=95.0.4638.54)

02/11/2021 10:03:11 list index out of range
02/11/2021 10:03:16 080 4171 7785
02/11/2021 10:03:21 Message: no such element: Unable to locate element: {"method":"xpath","selector":".//span/div[1]/span"}
  (Session info: chrome=95.0.4638.54)

02/11/2021 10:03:21 Message: no such element: Unable to locate element: {"method":"xpath","selector":".//span/div[1]/span[2]"}
  (Session info: chrome=95.0.4638.54)

02/11/2021 10:03:21 list index out of range
02/11/2021 10:03:26 098456 57811
02/11/2021 10:03:32 Message: no such element: Unable to locate element: {"method":"xpath","selector":".//span/div[1]/span"}
  (Session info: chrome=95.0.4638.54)

02/11/2021 10:03:32 Message: no such element: Unable to locate element: {"method":"xpath","selector":".//span/div[1]/span[2]"}
  (Session info: chrome=95.0.4638.54)

02/11/2021 10:03:32 list index out of range
02/11/2021 10:03:36 080 4331 1555
02/11/2021 10:03:44 Message: no such element: Unable to locate element: {"method":"xpath","selector":".//span/div[1]/span"}
  (Session info: chrome=95.0.4638.54)

02/11/2021 10:03:44 Message: no such element: Unable to locate element: {"method":"xpath","selector":".//span/div[1]/span[2]"}
  (Session info: chrome=95.0.4638.54)

02/11/2021 10:03:44 list index out of range
02/11/2021 10:03:49 Message: no such element: Unable to locate element: {"method":"xpath","selector":".//div[@class="wDYxhc"]/div/div/span[2]/span/a/span"}
  (Session info: chrome=95.0.4638.54)

02/11/2021 10:03:53 Message: no such element: Unable to locate element: {"method":"xpath","selector":".//span/div[1]/span"}
  (Session info: chrome=95.0.4638.54)

02/11/2021 10:03:53 Message: no such element: Unable to locate element: {"method":"xpath","selector":".//span/div[1]/span[2]"}
  (Session info: chrome=95.0.4638.54)

02/11/2021 10:03:53 list index out of range
02/11/2021 10:03:58 Message: no such element: Unable to locate element: {"method":"xpath","selector":".//div[@class="wDYxhc"]/div/div/span[2]/span/a/span"}
  (Session info: chrome=95.0.4638.54)

02/11/2021 10:04:02 Message: no such element: Unable to locate element: {"method":"xpath","selector":".//span/div[1]/span"}
  (Session info: chrome=95.0.4638.54)

02/11/2021 10:04:02 Message: no such element: Unable to locate element: {"method":"xpath","selector":".//span/div[1]/span[2]"}
  (Session info: chrome=95.0.4638.54)

02/11/2021 10:04:02 list index out of range
02/11/2021 10:04:07 089713 61195
02/11/2021 10:04:13 Message: no such element: Unable to locate element: {"method":"xpath","selector":".//span/div[1]/span"}
  (Session info: chrome=95.0.4638.54)

02/11/2021 10:04:13 Message: no such element: Unable to locate element: {"method":"xpath","selector":".//span/div[1]/span[2]"}
  (Session info: chrome=95.0.4638.54)

02/11/2021 10:04:13 list index out of range
02/11/2021 10:04:18 Message: no such element: Unable to locate element: {"method":"xpath","selector":".//div[@class="wDYxhc"]/div/div/span[2]/span/a/span"}
  (Session info: chrome=95.0.4638.54)

02/11/2021 10:04:22 Message: no such element: Unable to locate element: {"method":"xpath","selector":".//span/div[1]/span"}
  (Session info: chrome=95.0.4638.54)

02/11/2021 10:04:22 Message: no such element: Unable to locate element: {"method":"xpath","selector":".//span/div[1]/span[2]"}
  (Session info: chrome=95.0.4638.54)

02/11/2021 10:04:22 list index out of range
02/11/2021 10:04:27 095383 24305
02/11/2021 10:04:32 Message: no such element: Unable to locate element: {"method":"xpath","selector":".//span/div[1]/span"}
  (Session info: chrome=95.0.4638.54)

02/11/2021 10:04:32 Message: no such element: Unable to locate element: {"method":"xpath","selector":".//span/div[1]/span[2]"}
  (Session info: chrome=95.0.4638.54)

02/11/2021 10:04:32 list index out of range
02/11/2021 10:04:37 096061 69373
02/11/2021 10:04:43 Message: no such element: Unable to locate element: {"method":"xpath","selector":".//span/div[1]/span"}
  (Session info: chrome=95.0.4638.54)

02/11/2021 10:04:43 Message: no such element: Unable to locate element: {"method":"xpath","selector":".//span/div[1]/span[2]"}
  (Session info: chrome=95.0.4638.54)

02/11/2021 10:04:43 list index out of range
02/11/2021 10:04:47 Message: no such element: Unable to locate element: {"method":"xpath","selector":".//div[@class="wDYxhc"]/div/div/span[2]/span/a/span"}
  (Session info: chrome=95.0.4638.54)

02/11/2021 10:04:52 Message: no such element: Unable to locate element: {"method":"xpath","selector":".//span/div[1]/span"}
  (Session info: chrome=95.0.4638.54)

02/11/2021 10:04:52 Message: no such element: Unable to locate element: {"method":"xpath","selector":".//span/div[1]/span[2]"}
  (Session info: chrome=95.0.4638.54)

02/11/2021 10:04:52 list index out of range
02/11/2021 10:04:56 073373 36715
02/11/2021 10:05:02 Message: no such element: Unable to locate element: {"method":"xpath","selector":".//span/div[1]/span"}
  (Session info: chrome=95.0.4638.54)

02/11/2021 10:05:02 Message: no such element: Unable to locate element: {"method":"xpath","selector":".//span/div[1]/span[2]"}
  (Session info: chrome=95.0.4638.54)

02/11/2021 10:05:02 list index out of range
02/11/2021 10:05:07 Message: no such element: Unable to locate element: {"method":"xpath","selector":".//div[@class="wDYxhc"]/div/div/span[2]/span/a/span"}
  (Session info: chrome=95.0.4638.54)

02/11/2021 10:05:11 Message: no such element: Unable to locate element: {"method":"xpath","selector":".//span/div[1]/span"}
  (Session info: chrome=95.0.4638.54)

02/11/2021 10:05:11 Message: no such element: Unable to locate element: {"method":"xpath","selector":".//span/div[1]/span[2]"}
  (Session info: chrome=95.0.4638.54)

02/11/2021 10:05:11 list index out of range
02/11/2021 10:05:16 096205 01343
02/11/2021 10:05:22 Message: no such element: Unable to locate element: {"method":"xpath","selector":".//span/div[1]/span"}
  (Session info: chrome=95.0.4638.54)

02/11/2021 10:05:22 Message: no such element: Unable to locate element: {"method":"xpath","selector":".//span/div[1]/span[2]"}
  (Session info: chrome=95.0.4638.54)

02/11/2021 10:05:22 list index out of range
02/11/2021 10:05:26 Message: no such element: Unable to locate element: {"method":"xpath","selector":".//div[@class="wDYxhc"]/div/div/span[2]/span/a/span"}
  (Session info: chrome=95.0.4638.54)

02/11/2021 10:05:31 Message: no such element: Unable to locate element: {"method":"xpath","selector":".//span/div[1]/span"}
  (Session info: chrome=95.0.4638.54)

02/11/2021 10:05:31 Message: no such element: Unable to locate element: {"method":"xpath","selector":".//span/div[1]/span[2]"}
  (Session info: chrome=95.0.4638.54)

02/11/2021 10:05:31 list index out of range
02/11/2021 10:05:35 080 4302 5782
02/11/2021 10:05:41 Message: no such element: Unable to locate element: {"method":"xpath","selector":".//span/div[1]/span"}
  (Session info: chrome=95.0.4638.54)

02/11/2021 10:05:41 Message: no such element: Unable to locate element: {"method":"xpath","selector":".//span/div[1]/span[2]"}
  (Session info: chrome=95.0.4638.54)

02/11/2021 10:05:41 list index out of range
02/11/2021 10:05:46 074117 97343
02/11/2021 10:05:52 Message: no such element: Unable to locate element: {"method":"xpath","selector":".//span/div[1]/span"}
  (Session info: chrome=95.0.4638.54)

02/11/2021 10:05:52 Message: no such element: Unable to locate element: {"method":"xpath","selector":".//span/div[1]/span[2]"}
  (Session info: chrome=95.0.4638.54)

02/11/2021 10:05:52 list index out of range
02/11/2021 10:05:57 Message: no such element: Unable to locate element: {"method":"xpath","selector":".//div[@class="wDYxhc"]/div/div/span[2]/span/a/span"}
  (Session info: chrome=95.0.4638.54)

02/11/2021 10:06:01 Message: no such element: Unable to locate element: {"method":"xpath","selector":".//span/div[1]/span"}
  (Session info: chrome=95.0.4638.54)

02/11/2021 10:06:01 Message: no such element: Unable to locate element: {"method":"xpath","selector":".//span/div[1]/span[2]"}
  (Session info: chrome=95.0.4638.54)

02/11/2021 10:06:01 list index out of range
02/11/2021 10:06:06 088802 33322
02/11/2021 10:06:11 Message: no such element: Unable to locate element: {"method":"xpath","selector":".//span/div[1]/span"}
  (Session info: chrome=95.0.4638.54)

02/11/2021 10:06:11 Message: no such element: Unable to locate element: {"method":"xpath","selector":".//span/div[1]/span[2]"}
  (Session info: chrome=95.0.4638.54)

02/11/2021 10:06:11 list index out of range
02/11/2021 10:06:16 Message: no such element: Unable to locate element: {"method":"xpath","selector":".//div[@class="wDYxhc"]/div/div/span[2]/span/a/span"}
  (Session info: chrome=95.0.4638.54)

02/11/2021 10:06:20 Message: no such element: Unable to locate element: {"method":"xpath","selector":".//span/div[1]/span"}
  (Session info: chrome=95.0.4638.54)

02/11/2021 10:06:20 Message: no such element: Unable to locate element: {"method":"xpath","selector":".//span/div[1]/span[2]"}
  (Session info: chrome=95.0.4638.54)

02/11/2021 10:06:20 list index out of range
02/11/2021 10:06:25 080 4275 4444
02/11/2021 10:06:31 Message: no such element: Unable to locate element: {"method":"xpath","selector":".//span/div[1]/span"}
  (Session info: chrome=95.0.4638.54)

02/11/2021 10:06:31 Message: no such element: Unable to locate element: {"method":"xpath","selector":".//span/div[1]/span[2]"}
  (Session info: chrome=95.0.4638.54)

02/11/2021 10:06:31 list index out of range
02/11/2021 10:06:35 097415 78892
02/11/2021 10:06:41 Message: no such element: Unable to locate element: {"method":"xpath","selector":".//span/div[1]/span"}
  (Session info: chrome=95.0.4638.54)

02/11/2021 10:06:41 Message: no such element: Unable to locate element: {"method":"xpath","selector":".//span/div[1]/span[2]"}
  (Session info: chrome=95.0.4638.54)

02/11/2021 10:06:41 list index out of range
02/11/2021 10:06:46 Message: no such element: Unable to locate element: {"method":"xpath","selector":".//div[@class="wDYxhc"]/div/div/span[2]/span/a/span"}
  (Session info: chrome=95.0.4638.54)

02/11/2021 10:06:50 Message: no such element: Unable to locate element: {"method":"xpath","selector":".//span/div[1]/span"}
  (Session info: chrome=95.0.4638.54)

02/11/2021 10:06:50 Message: no such element: Unable to locate element: {"method":"xpath","selector":".//span/div[1]/span[2]"}
  (Session info: chrome=95.0.4638.54)

02/11/2021 10:06:50 list index out of range
02/11/2021 10:06:55 074063 11300
02/11/2021 10:07:03 Message: no such element: Unable to locate element: {"method":"xpath","selector":".//span/div[1]/span"}
  (Session info: chrome=95.0.4638.54)

02/11/2021 10:07:03 Message: no such element: Unable to locate element: {"method":"xpath","selector":".//span/div[1]/span[2]"}
  (Session info: chrome=95.0.4638.54)

02/11/2021 10:07:03 list index out of range
02/11/2021 10:07:07 Message: no such element: Unable to locate element: {"method":"xpath","selector":".//div[@class="wDYxhc"]/div/div/span[2]/span/a/span"}
  (Session info: chrome=95.0.4638.54)

02/11/2021 10:07:12 Message: no such element: Unable to locate element: {"method":"xpath","selector":".//span/div[1]/span"}
  (Session info: chrome=95.0.4638.54)

02/11/2021 10:07:12 Message: no such element: Unable to locate element: {"method":"xpath","selector":".//span/div[1]/span[2]"}
  (Session info: chrome=95.0.4638.54)

02/11/2021 10:07:12 list index out of range
02/11/2021 10:07:16 Message: no such element: Unable to locate element: {"method":"xpath","selector":".//div[@class="wDYxhc"]/div/div/span[2]/span/a/span"}
  (Session info: chrome=95.0.4638.54)

02/11/2021 10:07:21 Message: no such element: Unable to locate element: {"method":"xpath","selector":".//span/div[1]/span"}
  (Session info: chrome=95.0.4638.54)

02/11/2021 10:07:21 Message: no such element: Unable to locate element: {"method":"xpath","selector":".//span/div[1]/span[2]"}
  (Session info: chrome=95.0.4638.54)

02/11/2021 10:07:21 list index out of range
02/11/2021 10:07:25 090354 00375
02/11/2021 10:07:31 Message: no such element: Unable to locate element: {"method":"xpath","selector":".//span/div[1]/span"}
  (Session info: chrome=95.0.4638.54)

02/11/2021 10:07:31 Message: no such element: Unable to locate element: {"method":"xpath","selector":".//span/div[1]/span[2]"}
  (Session info: chrome=95.0.4638.54)

02/11/2021 10:07:31 list index out of range
02/11/2021 10:07:36 080 4130 3535
02/11/2021 10:07:42 Message: no such element: Unable to locate element: {"method":"xpath","selector":".//span/div[1]/span"}
  (Session info: chrome=95.0.4638.54)

02/11/2021 10:07:42 Message: no such element: Unable to locate element: {"method":"xpath","selector":".//span/div[1]/span[2]"}
  (Session info: chrome=95.0.4638.54)

02/11/2021 10:07:42 list index out of range
02/11/2021 10:07:46 Message: no such element: Unable to locate element: {"method":"xpath","selector":".//div[@class="wDYxhc"]/div/div/span[2]/span/a/span"}
  (Session info: chrome=95.0.4638.54)

02/11/2021 10:07:51 Message: no such element: Unable to locate element: {"method":"xpath","selector":".//span/div[1]/span"}
  (Session info: chrome=95.0.4638.54)

02/11/2021 10:07:51 Message: no such element: Unable to locate element: {"method":"xpath","selector":".//span/div[1]/span[2]"}
  (Session info: chrome=95.0.4638.54)

02/11/2021 10:07:51 list index out of range
02/11/2021 10:07:56 Message: no such element: Unable to locate element: {"method":"xpath","selector":".//div[@class="wDYxhc"]/div/div/span[2]/span/a/span"}
  (Session info: chrome=95.0.4638.54)

02/11/2021 10:08:00 Message: no such element: Unable to locate element: {"method":"xpath","selector":".//span/div[1]/span"}
  (Session info: chrome=95.0.4638.54)

02/11/2021 10:08:00 Message: no such element: Unable to locate element: {"method":"xpath","selector":".//span/div[1]/span[2]"}
  (Session info: chrome=95.0.4638.54)

02/11/2021 10:08:00 list index out of range
02/11/2021 10:08:05 Message: no such element: Unable to locate element: {"method":"xpath","selector":".//div[@class="wDYxhc"]/div/div/span[2]/span/a/span"}
  (Session info: chrome=95.0.4638.54)

02/11/2021 10:08:09 Message: no such element: Unable to locate element: {"method":"xpath","selector":".//span/div[1]/span"}
  (Session info: chrome=95.0.4638.54)

02/11/2021 10:08:09 Message: no such element: Unable to locate element: {"method":"xpath","selector":".//span/div[1]/span[2]"}
  (Session info: chrome=95.0.4638.54)

02/11/2021 10:08:09 list index out of range
02/11/2021 10:08:14 Message: no such element: Unable to locate element: {"method":"xpath","selector":".//div[@class="wDYxhc"]/div/div/span[2]/span/a/span"}
  (Session info: chrome=95.0.4638.54)

02/11/2021 10:08:18 Message: no such element: Unable to locate element: {"method":"xpath","selector":".//span/div[1]/span"}
  (Session info: chrome=95.0.4638.54)

02/11/2021 10:08:18 Message: no such element: Unable to locate element: {"method":"xpath","selector":".//span/div[1]/span[2]"}
  (Session info: chrome=95.0.4638.54)

02/11/2021 10:08:18 list index out of range
02/11/2021 10:08:23 Message: no such element: Unable to locate element: {"method":"xpath","selector":".//div[@class="wDYxhc"]/div/div/span[2]/span/a/span"}
  (Session info: chrome=95.0.4638.54)

02/11/2021 10:08:27 Message: no such element: Unable to locate element: {"method":"xpath","selector":".//span/div[1]/span"}
  (Session info: chrome=95.0.4638.54)

02/11/2021 10:08:27 Message: no such element: Unable to locate element: {"method":"xpath","selector":".//span/div[1]/span[2]"}
  (Session info: chrome=95.0.4638.54)

02/11/2021 10:08:27 list index out of range
02/11/2021 10:08:32 Message: no such element: Unable to locate element: {"method":"xpath","selector":".//div[@class="wDYxhc"]/div/div/span[2]/span/a/span"}
  (Session info: chrome=95.0.4638.54)

02/11/2021 10:08:36 Message: no such element: Unable to locate element: {"method":"xpath","selector":".//span/div[1]/span"}
  (Session info: chrome=95.0.4638.54)

02/11/2021 10:08:36 Message: no such element: Unable to locate element: {"method":"xpath","selector":".//span/div[1]/span[2]"}
  (Session info: chrome=95.0.4638.54)

02/11/2021 10:08:36 list index out of range
02/11/2021 10:08:41 Message: no such element: Unable to locate element: {"method":"xpath","selector":".//div[@class="wDYxhc"]/div/div/span[2]/span/a/span"}
  (Session info: chrome=95.0.4638.54)

02/11/2021 10:08:45 Message: no such element: Unable to locate element: {"method":"xpath","selector":".//span/div[1]/span"}
  (Session info: chrome=95.0.4638.54)

02/11/2021 10:08:45 Message: no such element: Unable to locate element: {"method":"xpath","selector":".//span/div[1]/span[2]"}
  (Session info: chrome=95.0.4638.54)

02/11/2021 10:08:45 list index out of range
02/11/2021 10:08:50 Message: no such element: Unable to locate element: {"method":"xpath","selector":".//div[@class="wDYxhc"]/div/div/span[2]/span/a/span"}
  (Session info: chrome=95.0.4638.54)

02/11/2021 10:08:54 Message: no such element: Unable to locate element: {"method":"xpath","selector":".//span/div[1]/span"}
  (Session info: chrome=95.0.4638.54)

02/11/2021 10:08:54 Message: no such element: Unable to locate element: {"method":"xpath","selector":".//span/div[1]/span[2]"}
  (Session info: chrome=95.0.4638.54)

02/11/2021 10:08:54 list index out of range
02/11/2021 10:08:59 063669 52006
02/11/2021 10:09:05 Message: no such element: Unable to locate element: {"method":"xpath","selector":".//span/div[1]/span"}
  (Session info: chrome=95.0.4638.54)

02/11/2021 10:09:05 Message: no such element: Unable to locate element: {"method":"xpath","selector":".//span/div[1]/span[2]"}
  (Session info: chrome=95.0.4638.54)

02/11/2021 10:09:05 list index out of range
02/11/2021 10:09:09 085498 21587
02/11/2021 10:09:15 Message: no such element: Unable to locate element: {"method":"xpath","selector":".//span/div[1]/span"}
  (Session info: chrome=95.0.4638.54)

02/11/2021 10:09:15 Message: no such element: Unable to locate element: {"method":"xpath","selector":".//span/div[1]/span[2]"}
  (Session info: chrome=95.0.4638.54)

02/11/2021 10:09:15 list index out of range
02/11/2021 10:09:20 097392 31092
02/11/2021 10:09:26 Message: no such element: Unable to locate element: {"method":"xpath","selector":".//span/div[1]/span"}
  (Session info: chrome=95.0.4638.54)

02/11/2021 10:09:26 Message: no such element: Unable to locate element: {"method":"xpath","selector":".//span/div[1]/span[2]"}
  (Session info: chrome=95.0.4638.54)

02/11/2021 10:09:26 list index out of range
02/11/2021 10:09:30 Message: no such element: Unable to locate element: {"method":"xpath","selector":".//div[@class="wDYxhc"]/div/div/span[2]/span/a/span"}
  (Session info: chrome=95.0.4638.54)

02/11/2021 10:09:35 Message: no such element: Unable to locate element: {"method":"xpath","selector":".//span/div[1]/span"}
  (Session info: chrome=95.0.4638.54)

02/11/2021 10:09:35 Message: no such element: Unable to locate element: {"method":"xpath","selector":".//span/div[1]/span[2]"}
  (Session info: chrome=95.0.4638.54)

02/11/2021 10:09:35 list index out of range
02/11/2021 10:09:40 095351 21046
02/11/2021 10:09:45 Message: no such element: Unable to locate element: {"method":"xpath","selector":".//span/div[1]/span"}
  (Session info: chrome=95.0.4638.54)

02/11/2021 10:09:45 Message: no such element: Unable to locate element: {"method":"xpath","selector":".//span/div[1]/span[2]"}
  (Session info: chrome=95.0.4638.54)

02/11/2021 10:09:46 list index out of range
02/11/2021 10:09:50 Message: no such element: Unable to locate element: {"method":"xpath","selector":".//div[@class="wDYxhc"]/div/div/span[2]/span/a/span"}
  (Session info: chrome=95.0.4638.54)

02/11/2021 10:09:54 Message: no such element: Unable to locate element: {"method":"xpath","selector":".//span/div[1]/span"}
  (Session info: chrome=95.0.4638.54)

02/11/2021 10:09:54 Message: no such element: Unable to locate element: {"method":"xpath","selector":".//span/div[1]/span[2]"}
  (Session info: chrome=95.0.4638.54)

02/11/2021 10:09:54 list index out of range
02/11/2021 10:09:59 Message: no such element: Unable to locate element: {"method":"xpath","selector":".//div[@class="wDYxhc"]/div/div/span[2]/span/a/span"}
  (Session info: chrome=95.0.4638.54)

02/11/2021 10:10:03 Message: no such element: Unable to locate element: {"method":"xpath","selector":".//span/div[1]/span"}
  (Session info: chrome=95.0.4638.54)

02/11/2021 10:10:03 Message: no such element: Unable to locate element: {"method":"xpath","selector":".//span/div[1]/span[2]"}
  (Session info: chrome=95.0.4638.54)

02/11/2021 10:10:03 list index out of range
02/11/2021 10:10:08 Message: no such element: Unable to locate element: {"method":"xpath","selector":".//div[@class="wDYxhc"]/div/div/span[2]/span/a/span"}
  (Session info: chrome=95.0.4638.54)

02/11/2021 10:10:15 Message: no such element: Unable to locate element: {"method":"xpath","selector":".//span/div[1]/span"}
  (Session info: chrome=95.0.4638.54)

02/11/2021 10:10:15 Message: no such element: Unable to locate element: {"method":"xpath","selector":".//span/div[1]/span[2]"}
  (Session info: chrome=95.0.4638.54)

02/11/2021 10:10:16 list index out of range
02/11/2021 10:10:20 Message: no such element: Unable to locate element: {"method":"xpath","selector":".//div[@class="wDYxhc"]/div/div/span[2]/span/a/span"}
  (Session info: chrome=95.0.4638.54)

02/11/2021 10:10:25 Message: no such element: Unable to locate element: {"method":"xpath","selector":".//span/div[1]/span"}
  (Session info: chrome=95.0.4638.54)

02/11/2021 10:10:25 Message: no such element: Unable to locate element: {"method":"xpath","selector":".//span/div[1]/span[2]"}
  (Session info: chrome=95.0.4638.54)

02/11/2021 10:10:25 list index out of range
02/11/2021 10:10:30 Message: no such element: Unable to locate element: {"method":"xpath","selector":".//div[@class="wDYxhc"]/div/div/span[2]/span/a/span"}
  (Session info: chrome=95.0.4638.54)

02/11/2021 10:10:34 Message: no such element: Unable to locate element: {"method":"xpath","selector":".//span/div[1]/span"}
  (Session info: chrome=95.0.4638.54)

02/11/2021 10:10:35 Message: no such element: Unable to locate element: {"method":"xpath","selector":".//span/div[1]/span[2]"}
  (Session info: chrome=95.0.4638.54)

02/11/2021 10:10:35 list index out of range
02/11/2021 10:10:39 Message: no such element: Unable to locate element: {"method":"xpath","selector":".//div[@class="wDYxhc"]/div/div/span[2]/span/a/span"}
  (Session info: chrome=95.0.4638.54)

02/11/2021 10:10:44 Message: no such element: Unable to locate element: {"method":"xpath","selector":".//span/div[1]/span"}
  (Session info: chrome=95.0.4638.54)

02/11/2021 10:10:44 Message: no such element: Unable to locate element: {"method":"xpath","selector":".//span/div[1]/span[2]"}
  (Session info: chrome=95.0.4638.54)

02/11/2021 10:10:44 list index out of range
02/11/2021 10:10:48 097380 57651
02/11/2021 10:10:54 Message: no such element: Unable to locate element: {"method":"xpath","selector":".//span/div[1]/span"}
  (Session info: chrome=95.0.4638.54)

02/11/2021 10:10:54 Message: no such element: Unable to locate element: {"method":"xpath","selector":".//span/div[1]/span[2]"}
  (Session info: chrome=95.0.4638.54)

02/11/2021 10:10:54 list index out of range
02/11/2021 10:10:59 088842 59458
02/11/2021 10:11:05 Message: no such element: Unable to locate element: {"method":"xpath","selector":".//span/div[1]/span"}
  (Session info: chrome=95.0.4638.54)

02/11/2021 10:11:05 Message: no such element: Unable to locate element: {"method":"xpath","selector":".//span/div[1]/span[2]"}
  (Session info: chrome=95.0.4638.54)

02/11/2021 10:11:05 list index out of range
02/11/2021 10:11:09 Message: no such element: Unable to locate element: {"method":"xpath","selector":".//div[@class="wDYxhc"]/div/div/span[2]/span/a/span"}
  (Session info: chrome=95.0.4638.54)

02/11/2021 10:11:13 Message: no such element: Unable to locate element: {"method":"xpath","selector":".//span/div[1]/span"}
  (Session info: chrome=95.0.4638.54)

02/11/2021 10:11:14 Message: no such element: Unable to locate element: {"method":"xpath","selector":".//span/div[1]/span[2]"}
  (Session info: chrome=95.0.4638.54)

02/11/2021 10:11:14 list index out of range
02/11/2021 10:11:18 081234 03000
02/11/2021 10:11:24 Message: no such element: Unable to locate element: {"method":"xpath","selector":".//span/div[1]/span"}
  (Session info: chrome=95.0.4638.54)

02/11/2021 10:11:24 Message: no such element: Unable to locate element: {"method":"xpath","selector":".//span/div[1]/span[2]"}
  (Session info: chrome=95.0.4638.54)

02/11/2021 10:11:24 list index out of range
02/11/2021 10:11:29 Message: no such element: Unable to locate element: {"method":"xpath","selector":".//div[@class="wDYxhc"]/div/div/span[2]/span/a/span"}
  (Session info: chrome=95.0.4638.54)

02/11/2021 10:11:33 Message: no such element: Unable to locate element: {"method":"xpath","selector":".//span/div[1]/span"}
  (Session info: chrome=95.0.4638.54)

02/11/2021 10:11:33 Message: no such element: Unable to locate element: {"method":"xpath","selector":".//span/div[1]/span[2]"}
  (Session info: chrome=95.0.4638.54)

02/11/2021 10:11:33 list index out of range
02/11/2021 10:11:38 077000 50050
02/11/2021 10:11:43 Message: no such element: Unable to locate element: {"method":"xpath","selector":".//span/div[1]/span"}
  (Session info: chrome=95.0.4638.54)

02/11/2021 10:11:43 Message: no such element: Unable to locate element: {"method":"xpath","selector":".//span/div[1]/span[2]"}
  (Session info: chrome=95.0.4638.54)

02/11/2021 10:11:43 list index out of range
02/11/2021 10:11:48 080 4209 9021
02/11/2021 10:11:54 Message: no such element: Unable to locate element: {"method":"xpath","selector":".//span/div[1]/span"}
  (Session info: chrome=95.0.4638.54)

02/11/2021 10:11:54 Message: no such element: Unable to locate element: {"method":"xpath","selector":".//span/div[1]/span[2]"}
  (Session info: chrome=95.0.4638.54)

02/11/2021 10:11:54 list index out of range
02/11/2021 10:11:59 077000 20020
02/11/2021 10:12:04 Message: no such element: Unable to locate element: {"method":"xpath","selector":".//span/div[1]/span"}
  (Session info: chrome=95.0.4638.54)

02/11/2021 10:12:04 Message: no such element: Unable to locate element: {"method":"xpath","selector":".//span/div[1]/span[2]"}
  (Session info: chrome=95.0.4638.54)

02/11/2021 10:12:04 list index out of range
02/11/2021 10:12:09 Message: no such element: Unable to locate element: {"method":"xpath","selector":".//div[@class="wDYxhc"]/div/div/span[2]/span/a/span"}
  (Session info: chrome=95.0.4638.54)

02/11/2021 10:12:13 Message: no such element: Unable to locate element: {"method":"xpath","selector":".//span/div[1]/span"}
  (Session info: chrome=95.0.4638.54)

02/11/2021 10:12:13 Message: no such element: Unable to locate element: {"method":"xpath","selector":".//span/div[1]/span[2]"}
  (Session info: chrome=95.0.4638.54)

02/11/2021 10:12:13 list index out of range
02/11/2021 10:12:18 097400 31734
02/11/2021 10:12:24 Message: no such element: Unable to locate element: {"method":"xpath","selector":".//span/div[1]/span"}
  (Session info: chrome=95.0.4638.54)

02/11/2021 10:12:24 Message: no such element: Unable to locate element: {"method":"xpath","selector":".//span/div[1]/span[2]"}
  (Session info: chrome=95.0.4638.54)

02/11/2021 10:12:24 list index out of range
02/11/2021 10:12:29 Message: no such element: Unable to locate element: {"method":"xpath","selector":".//div[@class="wDYxhc"]/div/div/span[2]/span/a/span"}
  (Session info: chrome=95.0.4638.54)

02/11/2021 10:12:33 Message: no such element: Unable to locate element: {"method":"xpath","selector":".//span/div[1]/span"}
  (Session info: chrome=95.0.4638.54)

02/11/2021 10:12:33 Message: no such element: Unable to locate element: {"method":"xpath","selector":".//span/div[1]/span[2]"}
  (Session info: chrome=95.0.4638.54)

02/11/2021 10:12:33 list index out of range
02/11/2021 10:12:38 1800 258 3100
02/11/2021 10:12:40 Message: no such element: Unable to locate element: {"method":"css selector","selector":".YhemCb"}
  (Session info: chrome=95.0.4638.54)

02/11/2021 10:12:42 Message: no such element: Unable to locate element: {"method":"xpath","selector":".//span/div[1]/span"}
  (Session info: chrome=95.0.4638.54)

02/11/2021 10:12:42 Message: no such element: Unable to locate element: {"method":"xpath","selector":".//span/div[1]/span[2]"}
  (Session info: chrome=95.0.4638.54)

02/11/2021 10:12:42 list index out of range
02/11/2021 10:12:47 Message: no such element: Unable to locate element: {"method":"xpath","selector":".//div[@class="wDYxhc"]/div/div/span[2]/span/a/span"}
  (Session info: chrome=95.0.4638.54)

02/11/2021 10:12:51 Message: no such element: Unable to locate element: {"method":"xpath","selector":".//span/div[1]/span"}
  (Session info: chrome=95.0.4638.54)

02/11/2021 10:12:51 Message: no such element: Unable to locate element: {"method":"xpath","selector":".//span/div[1]/span[2]"}
  (Session info: chrome=95.0.4638.54)

02/11/2021 10:12:51 list index out of range
02/11/2021 10:12:56 088804 04444
02/11/2021 10:13:02 Message: no such element: Unable to locate element: {"method":"xpath","selector":".//span/div[1]/span"}
  (Session info: chrome=95.0.4638.54)

02/11/2021 10:13:02 Message: no such element: Unable to locate element: {"method":"xpath","selector":".//span/div[1]/span[2]"}
  (Session info: chrome=95.0.4638.54)

02/11/2021 10:13:02 list index out of range
02/11/2021 10:13:07 078294 47722
02/11/2021 10:13:12 Message: no such element: Unable to locate element: {"method":"xpath","selector":".//span/div[1]/span"}
  (Session info: chrome=95.0.4638.54)

02/11/2021 10:13:12 Message: no such element: Unable to locate element: {"method":"xpath","selector":".//span/div[1]/span[2]"}
  (Session info: chrome=95.0.4638.54)

02/11/2021 10:13:12 list index out of range
02/11/2021 10:13:17 094491 09089
02/11/2021 10:13:23 Message: no such element: Unable to locate element: {"method":"xpath","selector":".//span/div[1]/span"}
  (Session info: chrome=95.0.4638.54)

02/11/2021 10:13:23 Message: no such element: Unable to locate element: {"method":"xpath","selector":".//span/div[1]/span[2]"}
  (Session info: chrome=95.0.4638.54)

02/11/2021 10:13:23 list index out of range
02/11/2021 10:13:28 097397 53456
02/11/2021 10:13:36 Message: no such element: Unable to locate element: {"method":"xpath","selector":".//span/div[1]/span"}
  (Session info: chrome=95.0.4638.54)

02/11/2021 10:13:36 Message: no such element: Unable to locate element: {"method":"xpath","selector":".//span/div[1]/span[2]"}
  (Session info: chrome=95.0.4638.54)

02/11/2021 10:13:36 list index out of range
02/11/2021 10:13:41 096064 63631
02/11/2021 10:13:46 Message: no such element: Unable to locate element: {"method":"xpath","selector":".//span/div[1]/span"}
  (Session info: chrome=95.0.4638.54)

02/11/2021 10:13:46 Message: no such element: Unable to locate element: {"method":"xpath","selector":".//span/div[1]/span[2]"}
  (Session info: chrome=95.0.4638.54)

02/11/2021 10:13:46 list index out of range
02/11/2021 10:13:51 080 4115 3753
02/11/2021 10:13:57 Message: no such element: Unable to locate element: {"method":"xpath","selector":".//span/div[1]/span"}
  (Session info: chrome=95.0.4638.54)

02/11/2021 10:13:57 Message: no such element: Unable to locate element: {"method":"xpath","selector":".//span/div[1]/span[2]"}
  (Session info: chrome=95.0.4638.54)

02/11/2021 10:13:57 list index out of range
02/11/2021 10:14:02 080 6902 8722
02/11/2021 10:14:09 Message: no such element: Unable to locate element: {"method":"xpath","selector":".//span/div[1]/span"}
  (Session info: chrome=95.0.4638.54)

02/11/2021 10:14:09 Message: no such element: Unable to locate element: {"method":"xpath","selector":".//span/div[1]/span[2]"}
  (Session info: chrome=95.0.4638.54)

02/11/2021 10:14:09 list index out of range
02/11/2021 10:14:15 073497 38050
02/11/2021 10:14:21 Message: no such element: Unable to locate element: {"method":"xpath","selector":".//span/div[1]/span"}
  (Session info: chrome=95.0.4638.54)

02/11/2021 10:14:21 Message: no such element: Unable to locate element: {"method":"xpath","selector":".//span/div[1]/span[2]"}
  (Session info: chrome=95.0.4638.54)

02/11/2021 10:14:21 list index out of range
02/11/2021 10:14:25 088825 53333
02/11/2021 10:14:31 Message: no such element: Unable to locate element: {"method":"xpath","selector":".//span/div[1]/span"}
  (Session info: chrome=95.0.4638.54)

02/11/2021 10:14:31 Message: no such element: Unable to locate element: {"method":"xpath","selector":".//span/div[1]/span[2]"}
  (Session info: chrome=95.0.4638.54)

02/11/2021 10:14:31 list index out of range
02/11/2021 10:14:36 Message: no such element: Unable to locate element: {"method":"xpath","selector":".//div[@class="wDYxhc"]/div/div/span[2]/span/a/span"}
  (Session info: chrome=95.0.4638.54)

02/11/2021 10:14:40 Message: no such element: Unable to locate element: {"method":"xpath","selector":".//span/div[1]/span"}
  (Session info: chrome=95.0.4638.54)

02/11/2021 10:14:40 Message: no such element: Unable to locate element: {"method":"xpath","selector":".//span/div[1]/span[2]"}
  (Session info: chrome=95.0.4638.54)

02/11/2021 10:14:40 list index out of range
02/11/2021 10:14:45 Message: no such element: Unable to locate element: {"method":"xpath","selector":".//div[@class="wDYxhc"]/div/div/span[2]/span/a/span"}
  (Session info: chrome=95.0.4638.54)

02/11/2021 10:14:49 Message: no such element: Unable to locate element: {"method":"xpath","selector":".//span/div[1]/span"}
  (Session info: chrome=95.0.4638.54)

02/11/2021 10:14:49 Message: no such element: Unable to locate element: {"method":"xpath","selector":".//span/div[1]/span[2]"}
  (Session info: chrome=95.0.4638.54)

02/11/2021 10:14:49 list index out of range
02/11/2021 10:14:54 087469 19073
02/11/2021 10:15:00 Message: no such element: Unable to locate element: {"method":"xpath","selector":".//span/div[1]/span"}
  (Session info: chrome=95.0.4638.54)

02/11/2021 10:15:00 Message: no such element: Unable to locate element: {"method":"xpath","selector":".//span/div[1]/span[2]"}
  (Session info: chrome=95.0.4638.54)

02/11/2021 10:15:00 list index out of range
02/11/2021 10:15:05 080 4201 3256
02/11/2021 10:15:10 Message: no such element: Unable to locate element: {"method":"xpath","selector":".//span/div[1]/span"}
  (Session info: chrome=95.0.4638.54)

02/11/2021 10:15:10 Message: no such element: Unable to locate element: {"method":"xpath","selector":".//span/div[1]/span[2]"}
  (Session info: chrome=95.0.4638.54)

02/11/2021 10:15:10 list index out of range
02/11/2021 10:15:15 Message: no such element: Unable to locate element: {"method":"xpath","selector":".//div[@class="wDYxhc"]/div/div/span[2]/span/a/span"}
  (Session info: chrome=95.0.4638.54)

02/11/2021 10:15:19 Message: no such element: Unable to locate element: {"method":"xpath","selector":".//span/div[1]/span"}
  (Session info: chrome=95.0.4638.54)

02/11/2021 10:15:19 Message: no such element: Unable to locate element: {"method":"xpath","selector":".//span/div[1]/span[2]"}
  (Session info: chrome=95.0.4638.54)

02/11/2021 10:15:19 list index out of range
02/11/2021 10:15:24 077000 20020
02/11/2021 10:15:30 Message: no such element: Unable to locate element: {"method":"xpath","selector":".//span/div[1]/span"}
  (Session info: chrome=95.0.4638.54)

02/11/2021 10:15:30 Message: no such element: Unable to locate element: {"method":"xpath","selector":".//span/div[1]/span[2]"}
  (Session info: chrome=95.0.4638.54)

02/11/2021 10:15:30 list index out of range
02/11/2021 10:15:35 Message: no such element: Unable to locate element: {"method":"xpath","selector":".//div[@class="wDYxhc"]/div/div/span[2]/span/a/span"}
  (Session info: chrome=95.0.4638.54)

02/11/2021 10:15:39 Message: no such element: Unable to locate element: {"method":"xpath","selector":".//span/div[1]/span"}
  (Session info: chrome=95.0.4638.54)

02/11/2021 10:15:39 Message: no such element: Unable to locate element: {"method":"xpath","selector":".//span/div[1]/span[2]"}
  (Session info: chrome=95.0.4638.54)

02/11/2021 10:15:39 list index out of range
02/11/2021 10:15:44 070223 97776
02/11/2021 10:15:49 Message: no such element: Unable to locate element: {"method":"xpath","selector":".//span/div[1]/span"}
  (Session info: chrome=95.0.4638.54)

02/11/2021 10:15:49 Message: no such element: Unable to locate element: {"method":"xpath","selector":".//span/div[1]/span[2]"}
  (Session info: chrome=95.0.4638.54)

02/11/2021 10:15:49 list index out of range
02/11/2021 10:15:54 Message: no such element: Unable to locate element: {"method":"xpath","selector":".//div[@class="wDYxhc"]/div/div/span[2]/span/a/span"}
  (Session info: chrome=95.0.4638.54)

02/11/2021 10:15:58 Message: no such element: Unable to locate element: {"method":"xpath","selector":".//span/div[1]/span"}
  (Session info: chrome=95.0.4638.54)

02/11/2021 10:15:58 Message: no such element: Unable to locate element: {"method":"xpath","selector":".//span/div[1]/span[2]"}
  (Session info: chrome=95.0.4638.54)

02/11/2021 10:15:58 list index out of range
02/11/2021 10:16:03 076250 69994
02/11/2021 10:16:09 Message: no such element: Unable to locate element: {"method":"xpath","selector":".//span/div[1]/span"}
  (Session info: chrome=95.0.4638.54)

02/11/2021 10:16:09 Message: no such element: Unable to locate element: {"method":"xpath","selector":".//span/div[1]/span[2]"}
  (Session info: chrome=95.0.4638.54)

02/11/2021 10:16:09 list index out of range
02/11/2021 10:16:14 070222 30555
02/11/2021 10:16:19 Message: no such element: Unable to locate element: {"method":"xpath","selector":".//span/div[1]/span"}
  (Session info: chrome=95.0.4638.54)

02/11/2021 10:16:19 Message: no such element: Unable to locate element: {"method":"xpath","selector":".//span/div[1]/span[2]"}
  (Session info: chrome=95.0.4638.54)

02/11/2021 10:16:20 list index out of range
02/11/2021 10:16:24 Message: no such element: Unable to locate element: {"method":"xpath","selector":".//div[@class="wDYxhc"]/div/div/span[2]/span/a/span"}
  (Session info: chrome=95.0.4638.54)

02/11/2021 10:16:28 Message: no such element: Unable to locate element: {"method":"xpath","selector":".//span/div[1]/span"}
  (Session info: chrome=95.0.4638.54)

02/11/2021 10:16:28 Message: no such element: Unable to locate element: {"method":"xpath","selector":".//span/div[1]/span[2]"}
  (Session info: chrome=95.0.4638.54)

02/11/2021 10:16:28 list index out of range
02/11/2021 10:16:33 Message: no such element: Unable to locate element: {"method":"xpath","selector":".//div[@class="wDYxhc"]/div/div/span[2]/span/a/span"}
  (Session info: chrome=95.0.4638.54)

02/11/2021 10:16:37 Message: no such element: Unable to locate element: {"method":"xpath","selector":".//span/div[1]/span"}
  (Session info: chrome=95.0.4638.54)

02/11/2021 10:16:37 Message: no such element: Unable to locate element: {"method":"xpath","selector":".//span/div[1]/span[2]"}
  (Session info: chrome=95.0.4638.54)

02/11/2021 10:16:37 list index out of range
02/11/2021 10:16:42 Message: no such element: Unable to locate element: {"method":"xpath","selector":".//div[@class="wDYxhc"]/div/div/span[2]/span/a/span"}
  (Session info: chrome=95.0.4638.54)

02/11/2021 10:16:46 Message: no such element: Unable to locate element: {"method":"xpath","selector":".//span/div[1]/span"}
  (Session info: chrome=95.0.4638.54)

02/11/2021 10:16:46 Message: no such element: Unable to locate element: {"method":"xpath","selector":".//span/div[1]/span[2]"}
  (Session info: chrome=95.0.4638.54)

02/11/2021 10:16:46 list index out of range
02/11/2021 10:16:51 Message: no such element: Unable to locate element: {"method":"xpath","selector":".//div[@class="wDYxhc"]/div/div/span[2]/span/a/span"}
  (Session info: chrome=95.0.4638.54)

02/11/2021 10:16:57 Message: no such element: Unable to locate element: {"method":"xpath","selector":".//span/div[1]/span"}
  (Session info: chrome=95.0.4638.54)

02/11/2021 10:16:57 Message: no such element: Unable to locate element: {"method":"xpath","selector":".//span/div[1]/span[2]"}
  (Session info: chrome=95.0.4638.54)

02/11/2021 10:16:57 list index out of range
02/11/2021 10:17:02 091089 81415
02/11/2021 10:17:08 Message: no such element: Unable to locate element: {"method":"xpath","selector":".//span/div[1]/span"}
  (Session info: chrome=95.0.4638.54)

02/11/2021 10:17:08 Message: no such element: Unable to locate element: {"method":"xpath","selector":".//span/div[1]/span[2]"}
  (Session info: chrome=95.0.4638.54)

02/11/2021 10:17:08 list index out of range
02/11/2021 10:17:13 Message: no such element: Unable to locate element: {"method":"xpath","selector":".//div[@class="wDYxhc"]/div/div/span[2]/span/a/span"}
  (Session info: chrome=95.0.4638.54)

02/11/2021 10:17:17 Message: no such element: Unable to locate element: {"method":"xpath","selector":".//span/div[1]/span"}
  (Session info: chrome=95.0.4638.54)

02/11/2021 10:17:17 Message: no such element: Unable to locate element: {"method":"xpath","selector":".//span/div[1]/span[2]"}
  (Session info: chrome=95.0.4638.54)

02/11/2021 10:17:17 list index out of range
02/11/2021 10:17:22 095910 79819
02/11/2021 10:17:27 Message: no such element: Unable to locate element: {"method":"xpath","selector":".//span/div[1]/span"}
  (Session info: chrome=95.0.4638.54)

02/11/2021 10:17:28 Message: no such element: Unable to locate element: {"method":"xpath","selector":".//span/div[1]/span[2]"}
  (Session info: chrome=95.0.4638.54)

02/11/2021 10:17:28 list index out of range
02/11/2021 10:17:32 099456 68630
02/11/2021 10:17:38 Message: no such element: Unable to locate element: {"method":"xpath","selector":".//span/div[1]/span"}
  (Session info: chrome=95.0.4638.54)

02/11/2021 10:17:38 Message: no such element: Unable to locate element: {"method":"xpath","selector":".//span/div[1]/span[2]"}
  (Session info: chrome=95.0.4638.54)

02/11/2021 10:17:38 list index out of range
02/11/2021 10:17:43 Message: no such element: Unable to locate element: {"method":"xpath","selector":".//div[@class="wDYxhc"]/div/div/span[2]/span/a/span"}
  (Session info: chrome=95.0.4638.54)

02/11/2021 10:17:47 Message: no such element: Unable to locate element: {"method":"xpath","selector":".//span/div[1]/span"}
  (Session info: chrome=95.0.4638.54)

02/11/2021 10:17:47 Message: no such element: Unable to locate element: {"method":"xpath","selector":".//span/div[1]/span[2]"}
  (Session info: chrome=95.0.4638.54)

02/11/2021 10:17:47 list index out of range
02/11/2021 10:17:52 088801 41000
02/11/2021 10:17:57 Message: no such element: Unable to locate element: {"method":"xpath","selector":".//span/div[1]/span"}
  (Session info: chrome=95.0.4638.54)

02/11/2021 10:17:57 Message: no such element: Unable to locate element: {"method":"xpath","selector":".//span/div[1]/span[2]"}
  (Session info: chrome=95.0.4638.54)

02/11/2021 10:17:57 list index out of range
02/11/2021 10:18:02 Message: no such element: Unable to locate element: {"method":"xpath","selector":".//div[@class="wDYxhc"]/div/div/span[2]/span/a/span"}
  (Session info: chrome=95.0.4638.54)

02/11/2021 10:18:06 Message: no such element: Unable to locate element: {"method":"xpath","selector":".//span/div[1]/span"}
  (Session info: chrome=95.0.4638.54)

02/11/2021 10:18:06 Message: no such element: Unable to locate element: {"method":"xpath","selector":".//span/div[1]/span[2]"}
  (Session info: chrome=95.0.4638.54)

02/11/2021 10:18:06 list index out of range
02/11/2021 10:18:11 095914 23355
02/11/2021 10:18:18 Message: no such element: Unable to locate element: {"method":"xpath","selector":".//span/div[1]/span"}
  (Session info: chrome=95.0.4638.54)

02/11/2021 10:18:18 Message: no such element: Unable to locate element: {"method":"xpath","selector":".//span/div[1]/span[2]"}
  (Session info: chrome=95.0.4638.54)

02/11/2021 10:18:18 list index out of range
02/11/2021 10:18:22 080 2296 0660
02/11/2021 10:18:28 Message: no such element: Unable to locate element: {"method":"xpath","selector":".//span/div[1]/span"}
  (Session info: chrome=95.0.4638.54)

02/11/2021 10:18:28 Message: no such element: Unable to locate element: {"method":"xpath","selector":".//span/div[1]/span[2]"}
  (Session info: chrome=95.0.4638.54)

02/11/2021 10:18:28 list index out of range
02/11/2021 10:18:33 097427 33552
02/11/2021 10:18:38 Message: no such element: Unable to locate element: {"method":"xpath","selector":".//span/div[1]/span"}
  (Session info: chrome=95.0.4638.54)

02/11/2021 10:18:39 Message: no such element: Unable to locate element: {"method":"xpath","selector":".//span/div[1]/span[2]"}
  (Session info: chrome=95.0.4638.54)

02/11/2021 10:18:39 list index out of range
02/11/2021 10:18:43 080 4153 6565
02/11/2021 10:18:49 Message: no such element: Unable to locate element: {"method":"xpath","selector":".//span/div[1]/span"}
  (Session info: chrome=95.0.4638.54)

02/11/2021 10:18:49 Message: no such element: Unable to locate element: {"method":"xpath","selector":".//span/div[1]/span[2]"}
  (Session info: chrome=95.0.4638.54)

02/11/2021 10:18:49 list index out of range
02/11/2021 10:18:54 Message: no such element: Unable to locate element: {"method":"xpath","selector":".//div[@class="wDYxhc"]/div/div/span[2]/span/a/span"}
  (Session info: chrome=95.0.4638.54)

02/11/2021 10:18:58 Message: no such element: Unable to locate element: {"method":"xpath","selector":".//span/div[1]/span"}
  (Session info: chrome=95.0.4638.54)

02/11/2021 10:18:58 Message: no such element: Unable to locate element: {"method":"xpath","selector":".//span/div[1]/span[2]"}
  (Session info: chrome=95.0.4638.54)

02/11/2021 10:18:58 list index out of range
02/11/2021 10:19:03 080 6902 8722
02/11/2021 10:19:08 Message: no such element: Unable to locate element: {"method":"xpath","selector":".//span/div[1]/span"}
  (Session info: chrome=95.0.4638.54)

02/11/2021 10:19:09 Message: no such element: Unable to locate element: {"method":"xpath","selector":".//span/div[1]/span[2]"}
  (Session info: chrome=95.0.4638.54)

02/11/2021 10:19:09 list index out of range
02/11/2021 10:19:13 Message: no such element: Unable to locate element: {"method":"xpath","selector":".//div[@class="wDYxhc"]/div/div/span[2]/span/a/span"}
  (Session info: chrome=95.0.4638.54)

02/11/2021 10:19:17 Message: no such element: Unable to locate element: {"method":"xpath","selector":".//span/div[1]/span"}
  (Session info: chrome=95.0.4638.54)

02/11/2021 10:19:17 Message: no such element: Unable to locate element: {"method":"xpath","selector":".//span/div[1]/span[2]"}
  (Session info: chrome=95.0.4638.54)

02/11/2021 10:19:17 list index out of range
02/11/2021 10:19:22 089700 10111
02/11/2021 10:19:28 Message: no such element: Unable to locate element: {"method":"xpath","selector":".//span/div[1]/span"}
  (Session info: chrome=95.0.4638.54)

02/11/2021 10:19:28 Message: no such element: Unable to locate element: {"method":"xpath","selector":".//span/div[1]/span[2]"}
  (Session info: chrome=95.0.4638.54)

02/11/2021 10:19:28 list index out of range
02/11/2021 10:19:33 Message: no such element: Unable to locate element: {"method":"xpath","selector":".//div[@class="wDYxhc"]/div/div/span[2]/span/a/span"}
  (Session info: chrome=95.0.4638.54)

02/11/2021 10:19:37 Message: no such element: Unable to locate element: {"method":"xpath","selector":".//span/div[1]/span"}
  (Session info: chrome=95.0.4638.54)

02/11/2021 10:19:37 Message: no such element: Unable to locate element: {"method":"xpath","selector":".//span/div[1]/span[2]"}
  (Session info: chrome=95.0.4638.54)

02/11/2021 10:19:37 list index out of range
02/11/2021 10:19:42 Message: no such element: Unable to locate element: {"method":"xpath","selector":".//div[@class="wDYxhc"]/div/div/span[2]/span/a/span"}
  (Session info: chrome=95.0.4638.54)

02/11/2021 10:19:46 Message: no such element: Unable to locate element: {"method":"xpath","selector":".//span/div[1]/span"}
  (Session info: chrome=95.0.4638.54)

02/11/2021 10:19:46 Message: no such element: Unable to locate element: {"method":"xpath","selector":".//span/div[1]/span[2]"}
  (Session info: chrome=95.0.4638.54)

02/11/2021 10:19:46 list index out of range
02/11/2021 10:19:51 088801 41000
02/11/2021 10:19:56 Message: no such element: Unable to locate element: {"method":"xpath","selector":".//span/div[1]/span"}
  (Session info: chrome=95.0.4638.54)

02/11/2021 10:19:57 Message: no such element: Unable to locate element: {"method":"xpath","selector":".//span/div[1]/span[2]"}
  (Session info: chrome=95.0.4638.54)

02/11/2021 10:19:57 list index out of range
02/11/2021 10:20:01 080 4850 1500
02/11/2021 10:20:07 Message: no such element: Unable to locate element: {"method":"xpath","selector":".//span/div[1]/span"}
  (Session info: chrome=95.0.4638.54)

02/11/2021 10:20:07 Message: no such element: Unable to locate element: {"method":"xpath","selector":".//span/div[1]/span[2]"}
  (Session info: chrome=95.0.4638.54)

02/11/2021 10:20:07 list index out of range
02/11/2021 10:20:12 080 4553 0000
02/11/2021 10:20:21 Message: no such element: Unable to locate element: {"method":"xpath","selector":".//span/div[1]/span"}
  (Session info: chrome=95.0.4638.54)

02/11/2021 10:20:21 Message: no such element: Unable to locate element: {"method":"xpath","selector":".//span/div[1]/span[2]"}
  (Session info: chrome=95.0.4638.54)

02/11/2021 10:20:21 list index out of range
02/11/2021 10:20:25 080 4331 1555
02/11/2021 10:20:31 Message: no such element: Unable to locate element: {"method":"xpath","selector":".//span/div[1]/span"}
  (Session info: chrome=95.0.4638.54)

02/11/2021 10:20:31 Message: no such element: Unable to locate element: {"method":"xpath","selector":".//span/div[1]/span[2]"}
  (Session info: chrome=95.0.4638.54)

02/11/2021 10:20:31 list index out of range
02/11/2021 10:20:36 Message: no such element: Unable to locate element: {"method":"xpath","selector":".//div[@class="wDYxhc"]/div/div/span[2]/span/a/span"}
  (Session info: chrome=95.0.4638.54)

02/11/2021 10:20:40 Message: no such element: Unable to locate element: {"method":"xpath","selector":".//span/div[1]/span"}
  (Session info: chrome=95.0.4638.54)

02/11/2021 10:20:40 Message: no such element: Unable to locate element: {"method":"xpath","selector":".//span/div[1]/span[2]"}
  (Session info: chrome=95.0.4638.54)

02/11/2021 10:20:40 list index out of range
02/11/2021 10:20:45 080 4865 0460
02/11/2021 10:20:51 Message: no such element: Unable to locate element: {"method":"xpath","selector":".//span/div[1]/span"}
  (Session info: chrome=95.0.4638.54)

02/11/2021 10:20:51 Message: no such element: Unable to locate element: {"method":"xpath","selector":".//span/div[1]/span[2]"}
  (Session info: chrome=95.0.4638.54)

02/11/2021 10:20:51 list index out of range
02/11/2021 10:20:56 080 4198 5555
02/11/2021 10:21:01 Message: no such element: Unable to locate element: {"method":"xpath","selector":".//span/div[1]/span"}
  (Session info: chrome=95.0.4638.54)

02/11/2021 10:21:01 Message: no such element: Unable to locate element: {"method":"xpath","selector":".//span/div[1]/span[2]"}
  (Session info: chrome=95.0.4638.54)

02/11/2021 10:21:01 list index out of range
02/11/2021 10:21:06 070759 01966
02/11/2021 10:21:12 Message: no such element: Unable to locate element: {"method":"xpath","selector":".//span/div[1]/span"}
  (Session info: chrome=95.0.4638.54)

02/11/2021 10:21:12 Message: no such element: Unable to locate element: {"method":"xpath","selector":".//span/div[1]/span[2]"}
  (Session info: chrome=95.0.4638.54)

02/11/2021 10:21:12 list index out of range
02/11/2021 10:21:17 Message: no such element: Unable to locate element: {"method":"xpath","selector":".//div[@class="wDYxhc"]/div/div/span[2]/span/a/span"}
  (Session info: chrome=95.0.4638.54)

02/11/2021 10:21:21 Message: no such element: Unable to locate element: {"method":"xpath","selector":".//span/div[1]/span"}
  (Session info: chrome=95.0.4638.54)

02/11/2021 10:21:21 Message: no such element: Unable to locate element: {"method":"xpath","selector":".//span/div[1]/span[2]"}
  (Session info: chrome=95.0.4638.54)

02/11/2021 10:21:21 list index out of range
02/11/2021 10:21:26 073488 55333
02/11/2021 10:21:31 Message: no such element: Unable to locate element: {"method":"xpath","selector":".//span/div[1]/span"}
  (Session info: chrome=95.0.4638.54)

02/11/2021 10:21:32 Message: no such element: Unable to locate element: {"method":"xpath","selector":".//span/div[1]/span[2]"}
  (Session info: chrome=95.0.4638.54)

02/11/2021 10:21:32 list index out of range
02/11/2021 10:21:36 093538 52071
02/11/2021 10:21:42 Message: no such element: Unable to locate element: {"method":"xpath","selector":".//span/div[1]/span"}
  (Session info: chrome=95.0.4638.54)

02/11/2021 10:21:42 Message: no such element: Unable to locate element: {"method":"xpath","selector":".//span/div[1]/span[2]"}
  (Session info: chrome=95.0.4638.54)

02/11/2021 10:21:42 list index out of range
02/11/2021 10:21:47 080 4151 9621
02/11/2021 10:21:53 Message: no such element: Unable to locate element: {"method":"xpath","selector":".//span/div[1]/span"}
  (Session info: chrome=95.0.4638.54)

02/11/2021 10:21:53 Message: no such element: Unable to locate element: {"method":"xpath","selector":".//span/div[1]/span[2]"}
  (Session info: chrome=95.0.4638.54)

02/11/2021 10:21:53 list index out of range
02/11/2021 10:21:57 Message: no such element: Unable to locate element: {"method":"xpath","selector":".//div[@class="wDYxhc"]/div/div/span[2]/span/a/span"}
  (Session info: chrome=95.0.4638.54)

02/11/2021 10:22:02 Message: no such element: Unable to locate element: {"method":"xpath","selector":".//span/div[1]/span"}
  (Session info: chrome=95.0.4638.54)

02/11/2021 10:22:02 Message: no such element: Unable to locate element: {"method":"xpath","selector":".//span/div[1]/span[2]"}
  (Session info: chrome=95.0.4638.54)

02/11/2021 10:22:02 list index out of range
02/11/2021 10:22:07 097464 39208
02/11/2021 10:22:12 Message: no such element: Unable to locate element: {"method":"xpath","selector":".//span/div[1]/span"}
  (Session info: chrome=95.0.4638.54)

02/11/2021 10:22:12 Message: no such element: Unable to locate element: {"method":"xpath","selector":".//span/div[1]/span[2]"}
  (Session info: chrome=95.0.4638.54)

02/11/2021 10:22:12 list index out of range
02/11/2021 10:22:17 080 4092 5270
02/11/2021 10:22:23 Message: no such element: Unable to locate element: {"method":"xpath","selector":".//span/div[1]/span"}
  (Session info: chrome=95.0.4638.54)

02/11/2021 10:22:23 Message: no such element: Unable to locate element: {"method":"xpath","selector":".//span/div[1]/span[2]"}
  (Session info: chrome=95.0.4638.54)

02/11/2021 10:22:23 list index out of range
02/11/2021 10:22:28 088844 49930
02/11/2021 10:22:34 Message: no such element: Unable to locate element: {"method":"xpath","selector":".//span/div[1]/span"}
  (Session info: chrome=95.0.4638.54)

02/11/2021 10:22:34 Message: no such element: Unable to locate element: {"method":"xpath","selector":".//span/div[1]/span[2]"}
  (Session info: chrome=95.0.4638.54)

02/11/2021 10:22:34 list index out of range
02/11/2021 10:22:38 Message: no such element: Unable to locate element: {"method":"xpath","selector":".//div[@class="wDYxhc"]/div/div/span[2]/span/a/span"}
  (Session info: chrome=95.0.4638.54)

02/11/2021 10:22:43 Message: no such element: Unable to locate element: {"method":"xpath","selector":".//span/div[1]/span"}
  (Session info: chrome=95.0.4638.54)

02/11/2021 10:22:43 Message: no such element: Unable to locate element: {"method":"xpath","selector":".//span/div[1]/span[2]"}
  (Session info: chrome=95.0.4638.54)

02/11/2021 10:22:43 list index out of range
02/11/2021 10:22:47 Message: no such element: Unable to locate element: {"method":"xpath","selector":".//div[@class="wDYxhc"]/div/div/span[2]/span/a/span"}
  (Session info: chrome=95.0.4638.54)

02/11/2021 10:22:51 Message: no such element: Unable to locate element: {"method":"xpath","selector":".//span/div[1]/span"}
  (Session info: chrome=95.0.4638.54)

02/11/2021 10:22:52 Message: no such element: Unable to locate element: {"method":"xpath","selector":".//span/div[1]/span[2]"}
  (Session info: chrome=95.0.4638.54)

02/11/2021 10:22:52 list index out of range
02/11/2021 10:22:56 Message: no such element: Unable to locate element: {"method":"xpath","selector":".//div[@class="wDYxhc"]/div/div/span[2]/span/a/span"}
  (Session info: chrome=95.0.4638.54)

02/11/2021 10:23:00 Message: no such element: Unable to locate element: {"method":"xpath","selector":".//span/div[1]/span"}
  (Session info: chrome=95.0.4638.54)

02/11/2021 10:23:00 Message: no such element: Unable to locate element: {"method":"xpath","selector":".//span/div[1]/span[2]"}
  (Session info: chrome=95.0.4638.54)

02/11/2021 10:23:00 list index out of range
02/11/2021 10:23:05 099168 09731
02/11/2021 10:23:11 Message: no such element: Unable to locate element: {"method":"xpath","selector":".//span/div[1]/span"}
  (Session info: chrome=95.0.4638.54)

02/11/2021 10:23:11 Message: no such element: Unable to locate element: {"method":"xpath","selector":".//span/div[1]/span[2]"}
  (Session info: chrome=95.0.4638.54)

02/11/2021 10:23:11 list index out of range
02/11/2021 10:23:16 099163 94924
02/11/2021 10:23:21 Message: no such element: Unable to locate element: {"method":"xpath","selector":".//span/div[1]/span"}
  (Session info: chrome=95.0.4638.54)

02/11/2021 10:23:21 Message: no such element: Unable to locate element: {"method":"xpath","selector":".//span/div[1]/span[2]"}
  (Session info: chrome=95.0.4638.54)

02/11/2021 10:23:21 list index out of range
02/11/2021 10:23:26 Message: no such element: Unable to locate element: {"method":"xpath","selector":".//div[@class="wDYxhc"]/div/div/span[2]/span/a/span"}
  (Session info: chrome=95.0.4638.54)

02/11/2021 10:23:30 Message: no such element: Unable to locate element: {"method":"xpath","selector":".//span/div[1]/span"}
  (Session info: chrome=95.0.4638.54)

02/11/2021 10:23:30 Message: no such element: Unable to locate element: {"method":"xpath","selector":".//span/div[1]/span[2]"}
  (Session info: chrome=95.0.4638.54)

02/11/2021 10:23:30 list index out of range
02/11/2021 10:23:35 080 4211 5561
02/11/2021 10:23:40 Saved successfully
02/11/2021 10:23:42 uploaded
19/11/2021 10:48:16 this is timeout15
19/11/2021 10:48:16 got these params{'url': 'https://www.jspiders.com/,https://www.qspiders.com/', 'allowed_domains': 'https://www.jspiders.com/,https://www.qspiders.com/', 'words': 'jspider,qspider', 'timeout': 15, 'depth': '1', 'exclude': 'None'}
19/11/2021 10:48:16 will wait for scraper for17
19/11/2021 10:48:19 sucesss
19/11/2021 10:48:19 sucesss
19/11/2021 10:48:33 AWAKE NOW
19/11/2021 10:48:33 [{'url': 'https://www.qspiders.com/privacy', 'keywords': {'jspider': 0, 'qspider': 3}}, {'url': 'https://www.qspiders.com/software-testing/course', 'keywords': {'jspider': 0, 'qspider': 1}}, {'url': 'https://www.qspiders.com/general-aptitude/course', 'keywords': {'jspider': 0, 'qspider': 1}}, {'url': 'https://www.jspiders.com/privacy', 'keywords': {'jspider': 3, 'qspider': 0}}, {'url': 'https://www.qspiders.com/api-testing/course', 'keywords': {'jspider': 0, 'qspider': 1}}, {'url': 'https://www.qspiders.com/java/course', 'keywords': {'jspider': 0, 'qspider': 1}}, {'url': 'https://www.jspiders.com/35-android-development/course', 'keywords': {'jspider': 1, 'qspider': 0}}, {'url': 'https://www.qspiders.com/contact', 'keywords': {'jspider': 0, 'qspider': 1}}, {'url': 'https://www.qspiders.com/corporates', 'keywords': {'jspider': 0, 'qspider': 7}}, {'url': 'https://www.qspiders.com/', 'keywords': {'jspider': 0, 'qspider': 1}}, {'url': 'https://www.jspiders.com/mern-stack/course', 'keywords': {'jspider': 1, 'qspider': 0}}, {'url': 'https://www.qspiders.com/python-selenium/course', 'keywords': {'jspider': 0, 'qspider': 1}}, {'url': 'https://www.jspiders.com/', 'keywords': {'jspider': 1, 'qspider': 0}}, {'url': 'https://www.jspiders.com/contact', 'keywords': {'jspider': 1, 'qspider': 0}}, {'url': 'https://www.qspiders.com/courses', 'keywords': {'jspider': 0, 'qspider': 1}}, {'url': 'https://www.jspiders.com/mean-stack/course', 'keywords': {'jspider': 1, 'qspider': 0}}, {'url': 'https://www.qspiders.com/about', 'keywords': {'jspider': 0, 'qspider': 1}}, {'url': 'https://www.jspiders.com/java-full-stack/course', 'keywords': {'jspider': 1, 'qspider': 0}}, {'url': 'https://www.qspiders.com/batches', 'keywords': {'jspider': 0, 'qspider': 1}}, {'url': 'https://www.jspiders.com/j2ee/course', 'keywords': {'jspider': 1, 'qspider': 0}}, {'url': 'https://www.jspiders.com/batches', 'keywords': {'jspider': 1, 'qspider': 0}}, {'url': 'https://www.jspiders.com/about', 'keywords': {'jspider': 1, 'qspider': 0}}, {'url': 'https://www.jspiders.com/corporates', 'keywords': {'jspider': 1, 'qspider': 6}}, {'url': 'https://www.jspiders.com/courses', 'keywords': {'jspider': 1, 'qspider': 0}}]
19/11/2021 10:48:33 https://www.jspiders.com/,https://www.qspiders.com/
19/11/2021 10:48:34 E:\C_Drive\Fastapi\sc\ss\output\wordcount.csv- wordcount_scraper_output_191121-104833.xlsx
19/11/2021 10:48:37 sucess
19/11/2021 10:52:23 linkedincontactscraper.csv
19/11/2021 10:53:15 500+ connections
19/11/2021 10:53:19 South Salem, Ohio, United States
19/11/2021 10:53:23 Plant Manager at Cargill
19/11/2021 10:53:27 Darrin Rayl
19/11/2021 10:53:35 website not found
19/11/2021 10:54:02 500+ connections
19/11/2021 10:54:06 Gibson City, Illinois, United States
19/11/2021 10:54:10 Plant Manager at Cargill
19/11/2021 10:54:14 Jared Bruggman
19/11/2021 10:54:22 website not found
19/11/2021 10:54:22 Saved successfully
19/11/2021 10:54:24 uploaded
19/11/2021 10:57:48 Linkedinprofilescraper.csv
19/11/2021 10:57:48 None
19/11/2021 10:57:48 'NoneType' object has no attribute 'iterrows'
19/11/2021 10:58:12 Linkedinprofilescraper.csv
19/11/2021 10:58:13                Name                                                                   Designation                     Company
0  Andreas Balkhaus  Vice President Procurement & Supply Management at thyssenKrupp Bilstein GmbH  thyssenKrupp Bilstein GmbH
1     Thomas Kazala         Global Commodity Manager - Procurement & Supply Chain at thyssenkrupp                thyssenkrupp
19/11/2021 10:59:44 writing into excel
19/11/2021 10:59:44 E:\C_Drive\Fastapi\sc\ss\output\Linkedinprofilescraper.csvlinkedin_scraper_output_191121-105944.xlsx
19/11/2021 10:59:44 uploading to dropbox
19/11/2021 12:10:57 done
19/11/2021 12:10:57 total timeout18
19/11/2021 12:10:57 already a homepage urlhttp://www.bonghomoeocare.com/
19/11/2021 12:10:58 in get links forhttp://www.bonghomoeocare.com/
19/11/2021 12:11:15 AWAKE NOW
19/11/2021 12:11:15 total timeout18
19/11/2021 12:11:15 done
19/11/2021 12:11:15 already a homepage urlhttps://surakshahomeopathyhealthcare.com/
19/11/2021 12:11:17 in get links forhttps://surakshahomeopathyhealthcare.com/
19/11/2021 12:11:33 AWAKE NOW
19/11/2021 12:11:33 E:\C_Drive\Fastapi\sc\ss\output\contatscarping.csv_contact_scraper_output_191121-121133.xlsx
19/11/2021 12:11:33 writing into/Webscraper/Contact/contatscarping.csv_contact_scraper_output_191121-121133.xlsx
19/11/2021 12:11:35 success
